Microchip MPLAB XC8 Compiler V2.10 ()

Linker command line:

-W-3 --edf=C:\Program Files (x86)\Microchip\xc8\v2.10\pic\dat\en_msgs.txt \
  -cs -h+dist/default/production\SPARC_lite_4550.X.production.sym \
  --cmf=dist/default/production\SPARC_lite_4550.X.production.cmf -z \
  -Q18F4550 -oC:\Users\ALEJAN~1\AppData\Local\Temp\sjp0.2 \
  --defsym=__MPLAB_BUILD=1 \
  -Mdist/default/production/SPARC_lite_4550.X.production.map -E1 -ver=XC8 \
  --acfsm=1493 -ASTACK=0E1h-07FFh -pstack=STACK -ACODE=00h-07FFFh \
  -ACONST=00h-07FFFh -ASMALLCONST=0800h-08FFhx120 \
  -AMEDIUMCONST=0800h-07FFFh -ACOMRAM=01h-05Fh -AABS1=00h-07FFh \
  -ABIGRAM=01h-07FFh -ARAM=060h-0FFh,0100h-01FFhx7 -ABANK0=060h-0FFh \
  -ABANK1=0100h-01FFh -ABANK2=0200h-02FFh -ABANK3=0300h-03FFh \
  -ABANK4=0400h-04FFh -ABANK5=0500h-05FFh -ABANK6=0600h-06FFh \
  -ABANK7=0700h-07FFh -ASFR=0F60h-0FFFh \
  -preset_vec=00h,intcode=08h,intcodelo=018h,powerup,init -pramtop=0800h \
  -psmallconst=SMALLCONST -pmediumconst=MEDIUMCONST -pconst=CONST \
  -AFARRAM=00h-00h -ACONFIG=0300000h-030000Dh -pconfig=CONFIG \
  -AIDLOC=0200000h-0200007h -pidloc=IDLOC -AEEDATA=0F00000h-0F000FFh \
  -peeprom_data=EEDATA \
  -prdata=COMRAM,nvrram=COMRAM,nvbit=COMRAM,rbss=COMRAM,rbit=COMRAM \
  -pfarbss=FARRAM,fardata=FARRAM,nvFARRAM=FARRAM \
  -pintsave_regs=BIGRAM,bigbss=BIGRAM,bigdata=BIGRAM -pbss=RAM \
  -pidata=CODE,irdata=CODE,ibigdata=CODE,ifardata=CODE -prparam=COMRAM \
  C:\Users\ALEJAN~1\AppData\Local\Temp\sjp0.o \
  dist/default/production\SPARC_lite_4550.X.production.o 

Object code version is 3.11

Machine type is 18F4550

Call graph: (short form)




                Name                               Link     Load   Length Selector   Space Scale
C:\Users\ALEJAN~1\AppData\Local\Temp\sjp0.o
                init                                 28       28        4        C       0
                reset_vec                             0        0        4        0       0
                idloc                            200000   200000        8   200000       0
                config                           300000   300000        E   300000       0
dist/default/production\SPARC_lite_4550.X.production.o
                intcodelo                            18       18       10        C       0
                intcode                               8        8        6        4       0
                temp                                 46       46        1        1       1
                mediumconst                        7CAC     7CAC      354     3E56       0
                text57                              91A      91A      42A        C       0
                text56                             1B36     1B36      106        C       0
                text55                             1578     1578      1B4        C       0
                text54                             216C     216C       B4        C       0
                text53                             27C2     27C2       14        C       0
                text52                             20B8     20B8       B4        C       0
                text51                             27AE     27AE       14        C       0
                text50                             24BE     24BE       46        C       0
                text49                             2756     2756       1A        C       0
                text48                             233E     233E       6C        C       0
                intcode_body                       172C     172C      1A4        C       0
                text45                             26A6     26A6       22        C       0
                text44                             26E8     26E8       1E        C       0
                text43                             273C     273C       1A        C       0
                text42                             2220     2220       A6        C       0
                text41                             2478     2478       46        C       0
                text40                             2706     2706       1C        C       0
                text39                             23AA     23AA       68        C       0
                text38                             22C6     22C6       78        C       0
                text37                             2626     2626       36        C       0
                text36                             2850     2850        4        C       0
                text35                             284C     284C        4        C       0
                text34                               2C       2C      4C2        C       0
                text33                              4EE      4EE      42C        C       0
                text32                             1A2E     1A2E      108        C       0
                text31                             2412     2412       66        C       0
                text30                             13C0     13C0      1B8        C       0
                text29                             1114     1114      2AC        C       0
                text28                             282E     282E        8        C       0
                text27                             2842     2842        6        C       0
                text26                             283C     283C        6        C       0
                text25                             2836     2836        6        C       0
                text24                             1E40     1E40      100        C       0
                text23                             2820     2820        E        C       0
                text22                             2812     2812        E        C       0
                text21                             2804     2804        E        C       0
                text20                             1FFC     1FFC       BC        C       0
                text19                             265C     265C       28        C       0
                text18                             2504     2504       42        C       0
                text17                             25F0     25F0       36        C       0
                text16                             1D3E     1D3E      102        C       0
                text15                             1F40     1F40       BC        C       0
                text14                             25BA     25BA       36        C       0
                text13                             1C3C     1C3C      102        C       0
                text12                             18D0     18D0      15E        C       0
                text11                             279A     279A       14        C       0
                text10                             2786     2786       14        C       0
                text9                              27E6     27E6       10        C       0
                text8                              27D6     27D6       10        C       0
                text7                              2848     2848        4        C       0
                text6                              27F6     27F6        E        C       0
                text5                              26C8     26C8       20        C       0
                text4                              2582     2582       38        C       0
                text3                              2546     2546       3C        C       0
                text2                              2770     2770       16        C       0
                text1                              2722     2722       1A        C       0
                text0                               D44      D44      3D0        C       0
                cstackCOMRAM                          1        1       41        1       1
                cstackBANK0                          60       60       66       60       1
                bssBANK0                             C6       C6       1B       60       1
                bssCOMRAM                            42       42        4        1       1
                cinit                              2684     2684       22        C       0

TOTAL           Name                               Link     Load   Length     Space
        CLASS   STACK          

        CLASS   CODE           
                intcodelo                            18       18       10         0
                intcode                               8        8        6         0
                init                                 28       28        4         0
                reset_vec                             0        0        4         0
                text57                              91A      91A      42A         0
                text56                             1B36     1B36      106         0
                text55                             1578     1578      1B4         0
                text54                             216C     216C       B4         0
                text53                             27C2     27C2       14         0
                text52                             20B8     20B8       B4         0
                text51                             27AE     27AE       14         0
                text50                             24BE     24BE       46         0
                text49                             2756     2756       1A         0
                text48                             233E     233E       6C         0
                intcode_body                       172C     172C      1A4         0
                text45                             26A6     26A6       22         0
                text44                             26E8     26E8       1E         0
                text43                             273C     273C       1A         0
                text42                             2220     2220       A6         0
                text41                             2478     2478       46         0
                text40                             2706     2706       1C         0
                text39                             23AA     23AA       68         0
                text38                             22C6     22C6       78         0
                text37                             2626     2626       36         0
                text36                             2850     2850        4         0
                text35                             284C     284C        4         0
                text34                               2C       2C      4C2         0
                text33                              4EE      4EE      42C         0
                text32                             1A2E     1A2E      108         0
                text31                             2412     2412       66         0
                text30                             13C0     13C0      1B8         0
                text29                             1114     1114      2AC         0
                text28                             282E     282E        8         0
                text27                             2842     2842        6         0
                text26                             283C     283C        6         0
                text25                             2836     2836        6         0
                text24                             1E40     1E40      100         0
                text23                             2820     2820        E         0
                text22                             2812     2812        E         0
                text21                             2804     2804        E         0
                text20                             1FFC     1FFC       BC         0
                text19                             265C     265C       28         0
                text18                             2504     2504       42         0
                text17                             25F0     25F0       36         0
                text16                             1D3E     1D3E      102         0
                text15                             1F40     1F40       BC         0
                text14                             25BA     25BA       36         0
                text13                             1C3C     1C3C      102         0
                text12                             18D0     18D0      15E         0
                text11                             279A     279A       14         0
                text10                             2786     2786       14         0
                text9                              27E6     27E6       10         0
                text8                              27D6     27D6       10         0
                text7                              2848     2848        4         0
                text6                              27F6     27F6        E         0
                text5                              26C8     26C8       20         0
                text4                              2582     2582       38         0
                text3                              2546     2546       3C         0
                text2                              2770     2770       16         0
                text1                              2722     2722       1A         0
                text0                               D44      D44      3D0         0
                cinit                              2684     2684       22         0

        CLASS   CONST          

        CLASS   SMALLCONST     

        CLASS   MEDIUMCONST    
                mediumconst                        7CAC     7CAC      354         0

        CLASS   COMRAM         
                temp                                 46       46        1         1
                cstackCOMRAM                          1        1       41         1
                bssCOMRAM                            42       42        4         1

        CLASS   ABS1           

        CLASS   BIGRAM         

        CLASS   RAM            

        CLASS   BANK0          
                cstackBANK0                          60       60       66         1
                bssBANK0                             C6       C6       1B         1

        CLASS   BANK1          

        CLASS   BANK2          

        CLASS   BANK3          

        CLASS   BANK4          

        CLASS   BANK5          

        CLASS   BANK6          

        CLASS   BANK7          

        CLASS   SFR            

        CLASS   FARRAM         

        CLASS   CONFIG         
                config                           300000   300000        E         0

        CLASS   IDLOC          
                idloc                            200000   200000        8         0

        CLASS   EEDATA         



SEGMENTS        Name                           Load    Length   Top    Selector   Space  Class

                reset_vec                      000000  000004  000004         0       0  CODE    
                cstackCOMRAM                   000001  000046  000047         1       1  COMRAM  
                intcode                        000008  000006  00000E         4       0  CODE    
                intcodelo                      000018  00283C  002854         C       0  CODE    
                cstackBANK0                    000060  000081  0000E1        60       1  BANK0   
                mediumconst                    007CAC  000354  008000      3E56       0  MEDIUMCO
                idloc                          200000  000008  200008    200000       0  IDLOC   
                config                         300000  00000E  30000E    300000       0  CONFIG  


UNUSED ADDRESS RANGES

        Name                Unused          Largest block    Delta
        BANK0            0000E1-0000FF               1F
        BANK1            000100-0001FF              100
        BANK2            000200-0002FF              100
        BANK3            000300-0003FF              100
        BANK4            000400-0004FF              100
        BANK5            000500-0005FF              100
        BANK6            000600-0006FF              100
        BANK7            000700-0007FF              100
        BIGRAM           000047-00005F               19
                         0000E1-0007FF              71F
        CODE             000004-000007                4
                         00000E-000017                A
                         002854-007CAB             5458
        COMRAM           000047-00005F               19
        CONST            000004-000007                4
                         00000E-000017                A
                         002854-007CAB             5458
        EEDATA           F00000-F000FF              100
        MEDIUMCONST      002854-007CAB             5458
        RAM              0000E1-0007FF              100
        SFR              000F60-000FFF               A0
        SMALLCONST       002854-007CAB              100
        STACK            0000E1-0007FF              71F

                                  Symbol Table

?___fladd                            cstackBANK0  00008D
?___flmul                            cstackBANK0  000074
?___fltol                            cstackBANK0  00009D
?___lwmod                            cstackBANK0  000061
?___wmul                             cstackBANK0  000065
?___xxtofl                           cstackBANK0  000066
?_abs                                cstackBANK0  000061
?i2___flmul                          cstackCOMRAM 00000F
?i2___fltol                          cstackCOMRAM 000028
?i2___xxtofl                         cstackCOMRAM 000001
PWM_DutyCycleCCP1@PWMDutyValue       cstackBANK0  0000AE
PWM_DutyCycleCCP1@WantedDutyCycle    cstackBANK0  0000AD
PWM_DutyCycleCCP2@PWMDutyValue       cstackBANK0  0000AE
PWM_DutyCycleCCP2@WantedDutyCycle    cstackBANK0  0000AD
_ADCON0bits                          (abs)        000FC2
_ADCON1bits                          (abs)        000FC1
_ADCON2bits                          (abs)        000FC0
_ADRESH                              (abs)        000FC4
_ADRESL                              (abs)        000FC3
_BAUDCONbits                         (abs)        000FB8
_CCP1CONbits                         (abs)        000FBD
_CCP2CONbits                         (abs)        000FBA
_CCPR1L                              (abs)        000FBE
_CCPR2L                              (abs)        000FBB
_CREN                                (abs)        007D5C
_CurrentPosX                         bssBANK0     0000D0
_CurrentPosY                         bssBANK0     0000CC
_FERR                                (abs)        007D5A
_INTCON2bits                         (abs)        000FF1
_INTCON3bits                         (abs)        000FF0
_INTCONbits                          (abs)        000FF2
_LATBbits                            (abs)        000F8A
_LATCbits                            (abs)        000F8B
_LATDbits                            (abs)        000F8C
_LATEbits                            (abs)        000F8D
_OERR                                (abs)        007D59
_OSCCON                              (abs)        000FD3
_PIE1bits                            (abs)        000F9D
_PIR1bits                            (abs)        000F9E
_PORTAbits                           (abs)        000F80
_PORTBbits                           (abs)        000F81
_PORTCbits                           (abs)        000F82
_PR2                                 (abs)        000FCB
_PWM_CCP1_init                       text45       0026A6
_PWM_CCP2_init                       text44       0026E8
_PWM_DutyCycleCCP1                   text20       001FFC
_PWM_DutyCycleCCP1$2883              cstackBANK0  0000A9
_PWM_DutyCycleCCP2                   text15       001F40
_PWM_DutyCycleCCP2$2882              cstackBANK0  0000A9
_RCONbits                            (abs)        000FD0
_RCREG                               (abs)        000FAE
_RCREG1                              (abs)        000FAE
_RCSTA1bits                          (abs)        000FAB
_SPBRG                               (abs)        000FAF
_T0CONbits                           (abs)        000FD5
_T1CONbits                           (abs)        000FCD
_T2CONbits                           (abs)        000FCA
_TMR0                                (abs)        000FD6
_TMR0H                               (abs)        000FD7
_TMR0L                               (abs)        000FD6
_TMR1                                (abs)        000FCE
_TMR1H                               (abs)        000FCF
_TMR1L                               (abs)        000FCE
_TMR2                                (abs)        000FCC
_TRISAbits                           (abs)        000F92
_TRISBbits                           (abs)        000F93
_TRISCbits                           (abs)        000F94
_TRISDbits                           (abs)        000F95
_TRISEbits                           (abs)        000F96
_TXEN                                (abs)        007D65
_TXREG1                              (abs)        000FAD
_TXSTA1bits                          (abs)        000FAC
_UARTinit                            text43       00273C
_UCFGbits                            (abs)        000F6F
_UCONbits                            (abs)        000F6D
__CFG_FOSC$INTOSC_EC                 (abs)        000000
__CFG_LVP$OFF                        (abs)        000000
__CFG_MCLRE$ON                       (abs)        000000
__CFG_WDT$OFF                        (abs)        000000
__HRAM                               (abs)        000000
__Habs1                              abs1         000000
__Hbank0                             bank0        000000
__Hbank1                             bank1        000000
__Hbank2                             bank2        000000
__Hbank3                             bank3        000000
__Hbank4                             bank4        000000
__Hbank5                             bank5        000000
__Hbank6                             bank6        000000
__Hbank7                             bank7        000000
__Hbigbss                            bigbss       000000
__Hbigdata                           bigdata      000000
__Hbigram                            bigram       000000
__Hbss                               bss          000000
__HbssBANK0                          bssBANK0     000000
__HbssCOMRAM                         bssCOMRAM    000000
__Hcinit                             cinit        000000
__Hclrtext                           clrtext      000000
__Hcomram                            comram       000000
__Hconfig                            config       30000E
__Hconst                             const        000000
__HcstackBANK0                       cstackBANK0  000000
__HcstackCOMRAM                      cstackCOMRAM 000000
__Hdata                              data         000000
__Heeprom_data                       eeprom_data  000000
__Hfarbss                            farbss       000000
__Hfardata                           fardata      000000
__Hibigdata                          ibigdata     000000
__Hidata                             idata        000000
__Hidloc                             idloc        200008
__Hifardata                          ifardata     000000
__Hinit                              init         00002C
__Hintcode                           intcode      00000E
__Hintcode_body                      intcode_body 000000
__Hintcodelo                         intcodelo    000028
__Hintentry                          intentry     000000
__Hintret                            intret       000000
__Hintsave_regs                      intsave_regs 000000
__Hirdata                            irdata       000000
__Hmediumconst                       mediumconst  008000
__HnvFARRAM                          nvFARRAM     000000
__Hnvbit                             nvbit        000000
__Hnvrram                            nvrram       000000
__Hparam                             rparam       000000
__Hpowerup                           powerup      000028
__Hram                               ram          000000
__Hramtop                            ramtop       000800
__Hrbit                              rbit         000000
__Hrbss                              rbss         000000
__Hrdata                             rdata        000000
__Hreset_vec                         reset_vec    000004
__Hrparam                            rparam       000000
__Hsfr                               sfr          000000
__Hsmallconst                        smallconst   000000
__Hspace_0                           (abs)        30000E
__Hspace_1                           (abs)        0000E1
__Hspace_2                           (abs)        000000
__Hstack                             stack        000000
__Hstruct                            struct       000000
__Htemp                              temp         000047
__Htext                              text         000000
__Htext0                             text0        000000
__Htext1                             text1        000000
__Htext10                            text10       000000
__Htext11                            text11       000000
__Htext12                            text12       000000
__Htext13                            text13       000000
__Htext14                            text14       000000
__Htext15                            text15       000000
__Htext16                            text16       000000
__Htext17                            text17       000000
__Htext18                            text18       000000
__Htext19                            text19       000000
__Htext2                             text2        000000
__Htext20                            text20       000000
__Htext21                            text21       000000
__Htext22                            text22       000000
__Htext23                            text23       000000
__Htext24                            text24       000000
__Htext25                            text25       000000
__Htext26                            text26       000000
__Htext27                            text27       000000
__Htext28                            text28       000000
__Htext29                            text29       000000
__Htext3                             text3        000000
__Htext30                            text30       000000
__Htext31                            text31       000000
__Htext32                            text32       000000
__Htext33                            text33       000000
__Htext34                            text34       000000
__Htext35                            text35       000000
__Htext36                            text36       000000
__Htext37                            text37       000000
__Htext38                            text38       000000
__Htext39                            text39       000000
__Htext4                             text4        000000
__Htext40                            text40       000000
__Htext41                            text41       000000
__Htext42                            text42       000000
__Htext43                            text43       000000
__Htext44                            text44       000000
__Htext45                            text45       000000
__Htext48                            text48       000000
__Htext49                            text49       000000
__Htext5                             text5        000000
__Htext50                            text50       000000
__Htext51                            text51       000000
__Htext52                            text52       000000
__Htext53                            text53       000000
__Htext54                            text54       000000
__Htext55                            text55       000000
__Htext56                            text56       000000
__Htext57                            text57       000000
__Htext6                             text6        000000
__Htext7                             text7        000000
__Htext8                             text8        000000
__Htext9                             text9        000000
__LRAM                               (abs)        000001
__Labs1                              abs1         000000
__Lbank0                             bank0        000000
__Lbank1                             bank1        000000
__Lbank2                             bank2        000000
__Lbank3                             bank3        000000
__Lbank4                             bank4        000000
__Lbank5                             bank5        000000
__Lbank6                             bank6        000000
__Lbank7                             bank7        000000
__Lbigbss                            bigbss       000000
__Lbigdata                           bigdata      000000
__Lbigram                            bigram       000000
__Lbss                               bss          000000
__LbssBANK0                          bssBANK0     000000
__LbssCOMRAM                         bssCOMRAM    000000
__Lcinit                             cinit        000000
__Lclrtext                           clrtext      000000
__Lcomram                            comram       000000
__Lconfig                            config       300000
__Lconst                             const        000000
__LcstackBANK0                       cstackBANK0  000000
__LcstackCOMRAM                      cstackCOMRAM 000000
__Ldata                              data         000000
__Leeprom_data                       eeprom_data  000000
__Lfarbss                            farbss       000000
__Lfardata                           fardata      000000
__Libigdata                          ibigdata     000000
__Lidata                             idata        000000
__Lidloc                             idloc        200000
__Lifardata                          ifardata     000000
__Linit                              init         000028
__Lintcode                           intcode      000008
__Lintcode_body                      intcode_body 000000
__Lintcodelo                         intcodelo    000018
__Lintentry                          intentry     000000
__Lintret                            intret       000000
__Lintsave_regs                      intsave_regs 000000
__Lirdata                            irdata       000000
__Lmediumconst                       mediumconst  007CAC
__LnvFARRAM                          nvFARRAM     000000
__Lnvbit                             nvbit        000000
__Lnvrram                            nvrram       000000
__Lparam                             rparam       000000
__Lpowerup                           powerup      000028
__Lram                               ram          000000
__Lramtop                            ramtop       000800
__Lrbit                              rbit         000000
__Lrbss                              rbss         000000
__Lrdata                             rdata        000000
__Lreset_vec                         reset_vec    000000
__Lrparam                            rparam       000000
__Lsfr                               sfr          000000
__Lsmallconst                        smallconst   000000
__Lspace_0                           (abs)        000000
__Lspace_1                           (abs)        000000
__Lspace_2                           (abs)        000000
__Lstack                             stack        000000
__Lstruct                            struct       000000
__Ltemp                              temp         000046
__Ltext                              text         000000
__Ltext0                             text0        000000
__Ltext1                             text1        000000
__Ltext10                            text10       000000
__Ltext11                            text11       000000
__Ltext12                            text12       000000
__Ltext13                            text13       000000
__Ltext14                            text14       000000
__Ltext15                            text15       000000
__Ltext16                            text16       000000
__Ltext17                            text17       000000
__Ltext18                            text18       000000
__Ltext19                            text19       000000
__Ltext2                             text2        000000
__Ltext20                            text20       000000
__Ltext21                            text21       000000
__Ltext22                            text22       000000
__Ltext23                            text23       000000
__Ltext24                            text24       000000
__Ltext25                            text25       000000
__Ltext26                            text26       000000
__Ltext27                            text27       000000
__Ltext28                            text28       000000
__Ltext29                            text29       000000
__Ltext3                             text3        000000
__Ltext30                            text30       000000
__Ltext31                            text31       000000
__Ltext32                            text32       000000
__Ltext33                            text33       000000
__Ltext34                            text34       000000
__Ltext35                            text35       000000
__Ltext36                            text36       000000
__Ltext37                            text37       000000
__Ltext38                            text38       000000
__Ltext39                            text39       000000
__Ltext4                             text4        000000
__Ltext40                            text40       000000
__Ltext41                            text41       000000
__Ltext42                            text42       000000
__Ltext43                            text43       000000
__Ltext44                            text44       000000
__Ltext45                            text45       000000
__Ltext48                            text48       000000
__Ltext49                            text49       000000
__Ltext5                             text5        000000
__Ltext50                            text50       000000
__Ltext51                            text51       000000
__Ltext52                            text52       000000
__Ltext53                            text53       000000
__Ltext54                            text54       000000
__Ltext55                            text55       000000
__Ltext56                            text56       000000
__Ltext57                            text57       000000
__Ltext6                             text6        000000
__Ltext7                             text7        000000
__Ltext8                             text8        000000
__Ltext9                             text9        000000
__S0                                 (abs)        30000E
__S1                                 (abs)        0000E1
__S2                                 (abs)        000000
___fladd                             text34       00002C
___fladd@a                           cstackBANK0  000091
___fladd@aexp                        cstackBANK0  00009A
___fladd@b                           cstackBANK0  00008D
___fladd@bexp                        cstackBANK0  00009B
___fladd@grs                         cstackBANK0  00009C
___fladd@signs                       cstackBANK0  000099
___flmul                             text33       0004EE
___flmul@a                           cstackBANK0  000078
___flmul@aexp                        cstackBANK0  000085
___flmul@b                           cstackBANK0  000074
___flmul@bexp                        cstackBANK0  000086
___flmul@grs                         cstackBANK0  000081
___flmul@prod                        cstackBANK0  000087
___flmul@sign                        cstackBANK0  000080
___flmul@temp                        cstackBANK0  00008B
___fltol                             text32       001A2E
___fltol@exp1                        cstackBANK0  0000A6
___fltol@f1                          cstackBANK0  00009D
___fltol@sign1                       cstackBANK0  0000A5
___inthi_sp                          stack        000000
___intlo_sp                          stack        000000
___lwmod                             text31       002412
___lwmod@counter                     cstackBANK0  000065
___lwmod@dividend                    cstackBANK0  000061
___lwmod@divisor                     cstackBANK0  000063
___param_bank                        (abs)        000000
___rparam_used                       (abs)        000001
___sp                                stack        000000
___wmul                              text19       00265C
___wmul@multiplicand                 cstackBANK0  000067
___wmul@multiplier                   cstackBANK0  000065
___wmul@product                      cstackBANK0  000069
___xxtofl                            text30       0013C0
___xxtofl@arg                        cstackBANK0  000070
___xxtofl@exp                        cstackBANK0  00006F
___xxtofl@sign                       cstackBANK0  00006E
___xxtofl@val                        cstackBANK0  000066
__accesstop                          (abs)        000060
__activetblptr                       (abs)        000002
__end_of_PWM_CCP1_init               text45       0026C8
__end_of_PWM_CCP2_init               text44       002706
__end_of_PWM_DutyCycleCCP1           text20       0020B8
__end_of_PWM_DutyCycleCCP2           text15       001FFC
__end_of_UARTinit                    text43       002756
__end_of___fladd                     text34       0004EE
__end_of___flmul                     text33       00091A
__end_of___fltol                     text32       001B36
__end_of___lwmod                     text31       002478
__end_of___wmul                      text19       002684
__end_of___xxtofl                    text30       001578
__end_of__initialization             cinit        002698
__end_of_abs                         text18       002546
__end_of_apagarZ                     text27       002848
__end_of_errorUART                   text41       0024BE
__end_of_funcionToques               text37       00265C
__end_of_habilitarIntTMR0            text36       002854
__end_of_habilitarIntTMR1            text35       002850
__end_of_high_isr                    intcode_body 0018D0
__end_of_impCoordActual              text29       0013C0
__end_of_interruptsEnable            text28       002836
__end_of_low_isr                     intcodelo    000028
__end_of_main                        text0        001114
__end_of_modificarZ                  text24       001F40
__end_of_motorXinit                  text23       00282E
__end_of_motorYinit                  text22       002820
__end_of_motoresZinit                text21       002812
__end_of_moverHaciaX                 text16       001E40
__end_of_moverHaciaXY                text12       001A2E
__end_of_moverHaciaY                 text13       001D3E
__end_of_moverHomeX                  text11       0027AE
__end_of_moverHomeY                  text10       00279A
__end_of_moverXInfinito              text9        0027F6
__end_of_moverYInfinito              text8        0027E6
__end_of_moverZAbajo                 text26       002842
__end_of_moverZArriba                text25       00283C
__end_of_pistonInit                  text7        00284C
__end_of_portInit                    text6        002804
__end_of_presionarPantalla           text42       0022C6
__end_of_printf                      text39       002412
__end_of_receive                     text5        0026E8
__end_of_receiveNum                  text38       00233E
__end_of_scanf                       text4        0025BA
__end_of_send                        text40       002722
__end_of_setNumPasosX                text17       002626
__end_of_setNumPasosY                text14       0025F0
__end_of_slidePiston                 text3        002582
__end_of_tmr0Init                    text2        002786
__end_of_tmr1Init                    text1        00273C
__end_ofi2_PWM_DutyCycleCCP1         text54       002220
__end_ofi2_PWM_DutyCycleCCP2         text52       00216C
__end_ofi2___flmul                   text57       000D44
__end_ofi2___fltol                   text56       001C3C
__end_ofi2___xxtofl                  text55       00172C
__end_ofi2_errorUART                 text50       002504
__end_ofi2_moverHomeX                text53       0027D6
__end_ofi2_moverHomeY                text51       0027C2
__end_ofi2_printf                    text48       0023AA
__end_ofi2_send                      text49       002770
__initialization                     cinit        002684
__mediumconst                        mediumconst  007CAC
__pbssBANK0                          bssBANK0     0000C6
__pbssCOMRAM                         bssCOMRAM    000042
__pcinit                             cinit        002684
__pcstackBANK0                       cstackBANK0  000060
__pcstackCOMRAM                      cstackCOMRAM 000001
__pintcode                           intcode      000008
__pintcode_body                      intcode_body 00172C
__pintcodelo                         intcodelo    000018
__pmediumconst                       mediumconst  007CAC
__ptext0                             text0        000D44
__ptext1                             text1        002722
__ptext10                            text10       002786
__ptext11                            text11       00279A
__ptext12                            text12       0018D0
__ptext13                            text13       001C3C
__ptext14                            text14       0025BA
__ptext15                            text15       001F40
__ptext16                            text16       001D3E
__ptext17                            text17       0025F0
__ptext18                            text18       002504
__ptext19                            text19       00265C
__ptext2                             text2        002770
__ptext20                            text20       001FFC
__ptext21                            text21       002804
__ptext22                            text22       002812
__ptext23                            text23       002820
__ptext24                            text24       001E40
__ptext25                            text25       002836
__ptext26                            text26       00283C
__ptext27                            text27       002842
__ptext28                            text28       00282E
__ptext29                            text29       001114
__ptext3                             text3        002546
__ptext30                            text30       0013C0
__ptext31                            text31       002412
__ptext32                            text32       001A2E
__ptext33                            text33       0004EE
__ptext34                            text34       00002C
__ptext35                            text35       00284C
__ptext36                            text36       002850
__ptext37                            text37       002626
__ptext38                            text38       0022C6
__ptext39                            text39       0023AA
__ptext4                             text4        002582
__ptext40                            text40       002706
__ptext41                            text41       002478
__ptext42                            text42       002220
__ptext43                            text43       00273C
__ptext44                            text44       0026E8
__ptext45                            text45       0026A6
__ptext48                            text48       00233E
__ptext49                            text49       002756
__ptext5                             text5        0026C8
__ptext50                            text50       0024BE
__ptext51                            text51       0027AE
__ptext52                            text52       0020B8
__ptext53                            text53       0027C2
__ptext54                            text54       00216C
__ptext55                            text55       001578
__ptext56                            text56       001B36
__ptext57                            text57       00091A
__ptext6                             text6        0027F6
__ptext7                             text7        002848
__ptext8                             text8        0027D6
__ptext9                             text9        0027E6
__ramtop                             ramtop       000800
__size_of_PWM_CCP1_init              (abs)        000000
__size_of_PWM_CCP2_init              (abs)        000000
__size_of_PWM_DutyCycleCCP1          (abs)        000000
__size_of_PWM_DutyCycleCCP2          (abs)        000000
__size_of_UARTinit                   (abs)        000000
__size_of___fladd                    (abs)        000000
__size_of___flmul                    (abs)        000000
__size_of___fltol                    (abs)        000000
__size_of___lwmod                    (abs)        000000
__size_of___wmul                     (abs)        000000
__size_of___xxtofl                   (abs)        000000
__size_of_abs                        (abs)        000000
__size_of_apagarZ                    (abs)        000000
__size_of_errorUART                  (abs)        000000
__size_of_funcionToques              (abs)        000000
__size_of_habilitarIntTMR0           (abs)        000000
__size_of_habilitarIntTMR1           (abs)        000000
__size_of_high_isr                   (abs)        000000
__size_of_impCoordActual             (abs)        000000
__size_of_interruptsEnable           (abs)        000000
__size_of_low_isr                    (abs)        000000
__size_of_main                       (abs)        000000
__size_of_modificarZ                 (abs)        000000
__size_of_motorXinit                 (abs)        000000
__size_of_motorYinit                 (abs)        000000
__size_of_motoresZinit               (abs)        000000
__size_of_moverHaciaX                (abs)        000000
__size_of_moverHaciaXY               (abs)        000000
__size_of_moverHaciaY                (abs)        000000
__size_of_moverHomeX                 (abs)        000000
__size_of_moverHomeY                 (abs)        000000
__size_of_moverXInfinito             (abs)        000000
__size_of_moverYInfinito             (abs)        000000
__size_of_moverZAbajo                (abs)        000000
__size_of_moverZArriba               (abs)        000000
__size_of_pistonInit                 (abs)        000000
__size_of_portInit                   (abs)        000000
__size_of_presionarPantalla          (abs)        000000
__size_of_printf                     (abs)        000000
__size_of_receive                    (abs)        000000
__size_of_receiveNum                 (abs)        000000
__size_of_scanf                      (abs)        000000
__size_of_send                       (abs)        000000
__size_of_setNumPasosX               (abs)        000000
__size_of_setNumPasosY               (abs)        000000
__size_of_slidePiston                (abs)        000000
__size_of_tmr0Init                   (abs)        000000
__size_of_tmr1Init                   (abs)        000000
__size_ofi2_PWM_DutyCycleCCP1        (abs)        000000
__size_ofi2_PWM_DutyCycleCCP2        (abs)        000000
__size_ofi2___flmul                  (abs)        000000
__size_ofi2___fltol                  (abs)        000000
__size_ofi2___xxtofl                 (abs)        000000
__size_ofi2_errorUART                (abs)        000000
__size_ofi2_moverHomeX               (abs)        000000
__size_ofi2_moverHomeY               (abs)        000000
__size_ofi2_printf                   (abs)        000000
__size_ofi2_send                     (abs)        000000
__smallconst                         smallconst   000000
_abs                                 text18       002504
_apagarZ                             text27       002842
_coordXCentenas                      bssBANK0     0000E0
_coordXDecenas                       bssBANK0     0000DF
_coordXUnidades                      bssBANK0     0000DE
_coordYCentenas                      bssBANK0     0000DD
_coordYDecenas                       bssBANK0     0000DC
_coordYUnidades                      bssBANK0     0000DB
_coordenadaNueva                     bssCOMRAM    000045
_coordinates                         bssBANK0     0000C6
_destinoHomeX                        bssCOMRAM    000043
_destinoHomeY                        bssCOMRAM    000042
_errorUART                           text41       002478
_funcionToques                       text37       002626
_habilitarIntTMR0                    text36       002850
_habilitarIntTMR1                    text35       00284C
_habilitarModCoord                   bssCOMRAM    000044
_high_isr                            intcode      000008
_impCoordActual                      text29       001114
_impCoordActual$2884                 cstackBANK0  0000A7
_interruptsEnable                    text28       00282E
_llegoHomeX                          bssBANK0     0000D5
_llegoHomeY                          bssBANK0     0000D4
_low_isr                             intcodelo    000018
_main                                text0        000D44
_modificarZ                          text24       001E40
_motorXinit                          text23       002820
_motorYinit                          text22       002812
_motoresZinit                        text21       002804
_moverHaciaX                         text16       001D3E
_moverHaciaXY                        text12       0018D0
_moverHaciaY                         text13       001C3C
_moverHomeX                          text11       00279A
_moverHomeY                          text10       002786
_moverXInfinito                      text9        0027E6
_moverYInfinito                      text8        0027D6
_moverZAbajo                         text26       00283C
_moverZArriba                        text25       002836
_pistonInit                          text7        002848
_portInit                            text6        0027F6
_presionarPantalla                   text42       002220
_presionarZCentenas                  bssBANK0     0000DA
_presionarZDecenas                   bssBANK0     0000D9
_presionarZUnidades                  bssBANK0     0000D8
_printf                              text39       0023AA
_receive                             text5        0026C8
_receiveNum                          text38       0022C6
_scanf                               text4        002582
_send                                text40       002706
_setNumPasosX                        text17       0025F0
_setNumPasosY                        text14       0025BA
_slidePiston                         text3        002546
_sparcEnMovimientoX                  bssBANK0     0000D7
_sparcEnMovimientoY                  bssBANK0     0000D6
_tmr0Init                            text2        002770
_tmr1Init                            text1        002722
_xToAdvance                          bssBANK0     0000D2
_yToAdvance                          bssBANK0     0000CE
abs@a                                cstackBANK0  000061
btemp                                temp         000046
end_of_initialization                cinit        002698
errorUART@temp                       cstackBANK0  000061
i2PWM_DutyCycleCCP1@PWMDutyValue     cstackCOMRAM 000039
i2PWM_DutyCycleCCP1@WantedDutyCycle  cstackCOMRAM 000038
i2PWM_DutyCycleCCP2@PWMDutyValue     cstackCOMRAM 000039
i2PWM_DutyCycleCCP2@WantedDutyCycle  cstackCOMRAM 000038
i2_PWM_DutyCycleCCP1                 text54       00216C
i2_PWM_DutyCycleCCP1$2975            cstackCOMRAM 000034
i2_PWM_DutyCycleCCP2                 text52       0020B8
i2_PWM_DutyCycleCCP2$2974            cstackCOMRAM 000034
i2___flmul                           text57       00091A
i2___flmul@a                         cstackCOMRAM 000013
i2___flmul@aexp                      cstackCOMRAM 000020
i2___flmul@b                         cstackCOMRAM 00000F
i2___flmul@bexp                      cstackCOMRAM 000021
i2___flmul@grs                       cstackCOMRAM 00001C
i2___flmul@prod                      cstackCOMRAM 000022
i2___flmul@sign                      cstackCOMRAM 00001B
i2___flmul@temp                      cstackCOMRAM 000026
i2___fltol                           text56       001B36
i2___fltol@exp1                      cstackCOMRAM 000031
i2___fltol@f1                        cstackCOMRAM 000028
i2___fltol@sign1                     cstackCOMRAM 000030
i2___xxtofl                          text55       001578
i2___xxtofl@arg                      cstackCOMRAM 00000B
i2___xxtofl@exp                      cstackCOMRAM 00000A
i2___xxtofl@sign                     cstackCOMRAM 000009
i2___xxtofl@val                      cstackCOMRAM 000001
i2_errorUART                         text50       0024BE
i2_moverHomeX                        text53       0027C2
i2_moverHomeY                        text51       0027AE
i2_printf                            text48       00233E
i2_send                              text49       002756
i2errorUART@temp                     cstackCOMRAM 000001
i2printf@PointString                 cstackCOMRAM 000003
i2printf@i                           cstackCOMRAM 000007
i2send@enviarpc                      cstackCOMRAM 000002
int$flags                            temp         000046
int_func                             intcode_body 00172C
intlevel0                            text         000000
intlevel1                            text         000000
intlevel2                            text         000000
intlevel3                            text         000000
main@activarmenu                     cstackBANK0  0000BF
main@calibrarSparc                   cstackBANK0  0000C4
main@opcionsel                       cstackBANK0  0000C5
main@pActMenu                        cstackBANK0  0000BD
main@tamanoarray                     cstackBANK0  0000BB
modificarZ@OkEncendido               cstackBANK0  000069
moverHaciaX@coordXCentenas           cstackBANK0  0000B4
moverHaciaX@coordXDecenas            cstackBANK0  0000B0
moverHaciaX@coordXUnidades           cstackBANK0  0000B1
moverHaciaXY@validarCoordX           cstackBANK0  0000B7
moverHaciaXY@validarCoordY           cstackBANK0  0000B9
moverHaciaY@coordYCentenas           cstackBANK0  0000B4
moverHaciaY@coordYDecenas            cstackBANK0  0000B0
moverHaciaY@coordYUnidades           cstackBANK0  0000B1
presionarPantalla@presionarZCentenas cstackBANK0  000065
presionarPantalla@presionarZDecenas  cstackBANK0  000061
presionarPantalla@presionarZUnidades cstackBANK0  000062
presionarPantalla@toques             cstackBANK0  000066
printf@PointString                   cstackBANK0  000063
printf@i                             cstackBANK0  000067
receive@recibido                     cstackBANK0  000062
receiveNum@recibido                  cstackBANK0  000068
scanf@guardarscan                    cstackBANK0  000063
scanf@i                              cstackBANK0  000066
scanf@numcaracteres                  cstackBANK0  000065
send@enviarpc                        cstackBANK0  000062
setNumPasosX@numPasosX               cstackBANK0  000061
setNumPasosX@resultado               cstackBANK0  000063
setNumPasosY@numPasosY               cstackBANK0  000061
setNumPasosY@resultado               cstackBANK0  000063
slidePiston@selection                cstackBANK0  000069
stackhi                              (abs)        0007FF
stacklo                              (abs)        0000E1
start                                init         000028
start_initialization                 cinit        002684
ttemp5                               temp         000047
ttemp6                               temp         00004A
ttemp7                               temp         00004E
wtemp8                               temp         000047


FUNCTION INFORMATION:

 *************** function _main *****************
 Defined at:
		line 78 in file "main.c"
 Parameters:    Size  Location     Type
		None
 Auto vars:     Size  Location     Type
  opcionsel       1  101[BANK0 ] unsigned char 
  activarmenu     5   95[BANK0 ] unsigned char [5]
  pActMenu        2   93[BANK0 ] PTR unsigned char 
		 -> main@activarmenu(5), 
  calibrarSpar    1  100[BANK0 ] unsigned char 
  desechable      1    0        unsigned char 
  tamanoarray     1   91[BANK0 ] unsigned char 
 Return value:  Size  Location     Type
                  1    wreg      void 
 Registers used:
		wreg, fsr2l, fsr2h, status,2, status,0, tblptrl, tblptrh, tblptru, prodl, prodh, cstack
 Tracked objects:
		On entry : 
		On exit  : 
		Unchanged: 
 Data sizes:     COMRAM   BANK0   BANK1   BANK2   BANK3   BANK4   BANK5   BANK6   BANK7
      Params:         0       0       0       0       0       0       0       0       0
      Locals:         0      11       0       0       0       0       0       0       0
      Temps:          0       0       0       0       0       0       0       0       0
      Totals:         0      11       0       0       0       0       0       0       0
Total ram usage:       11 bytes
 Hardware stack levels required when called:   10
 This function calls:
		_PWM_CCP1_init
		_PWM_CCP2_init
		_PWM_DutyCycleCCP1
		_PWM_DutyCycleCCP2
		_UARTinit
		_funcionToques
		_habilitarIntTMR0
		_habilitarIntTMR1
		_impCoordActual
		_interruptsEnable
		_modificarZ
		_motorXinit
		_motorYinit
		_motoresZinit
		_moverHaciaX
		_moverHaciaXY
		_moverHaciaY
		_moverHomeX
		_moverHomeY
		_moverXInfinito
		_moverYInfinito
		_pistonInit
		_portInit
		_printf
		_receive
		_scanf
		_slidePiston
		_tmr0Init
		_tmr1Init
 This function is called by:
		Startup code after reset
 This function uses a non-reentrant model


 *************** function _tmr1Init *****************
 Defined at:
		line 7 in file "Timers.c"
 Parameters:    Size  Location     Type
		None
 Auto vars:     Size  Location     Type
		None
 Return value:  Size  Location     Type
                  1    wreg      void 
 Registers used:
		wreg, status,2
 Tracked objects:
		On entry : 
		On exit  : 
		Unchanged: 
 Data sizes:     COMRAM   BANK0   BANK1   BANK2   BANK3   BANK4   BANK5   BANK6   BANK7
      Params:         0       0       0       0       0       0       0       0       0
      Locals:         0       0       0       0       0       0       0       0       0
      Temps:          0       0       0       0       0       0       0       0       0
      Totals:         0       0       0       0       0       0       0       0       0
Total ram usage:        0 bytes
 Hardware stack levels used:    1
 Hardware stack levels required when called:    5
 This function calls:
		Nothing
 This function is called by:
		_main
 This function uses a non-reentrant model


 *************** function _tmr0Init *****************
 Defined at:
		line 20 in file "Timers.c"
 Parameters:    Size  Location     Type
		None
 Auto vars:     Size  Location     Type
		None
 Return value:  Size  Location     Type
                  1    wreg      void 
 Registers used:
		wreg, status,2
 Tracked objects:
		On entry : 
		On exit  : 
		Unchanged: 
 Data sizes:     COMRAM   BANK0   BANK1   BANK2   BANK3   BANK4   BANK5   BANK6   BANK7
      Params:         0       0       0       0       0       0       0       0       0
      Locals:         0       0       0       0       0       0       0       0       0
      Temps:          0       0       0       0       0       0       0       0       0
      Totals:         0       0       0       0       0       0       0       0       0
Total ram usage:        0 bytes
 Hardware stack levels used:    1
 Hardware stack levels required when called:    5
 This function calls:
		Nothing
 This function is called by:
		_main
 This function uses a non-reentrant model


 *************** function _slidePiston *****************
 Defined at:
		line 52 in file "FuncionesMenu.c"
 Parameters:    Size  Location     Type
		None
 Auto vars:     Size  Location     Type
  selection       1    9[BANK0 ] unsigned char 
 Return value:  Size  Location     Type
                  1    wreg      void 
 Registers used:
		wreg, status,2, status,0, tblptrl, tblptrh, tblptru, cstack
 Tracked objects:
		On entry : 
		On exit  : 
		Unchanged: 
 Data sizes:     COMRAM   BANK0   BANK1   BANK2   BANK3   BANK4   BANK5   BANK6   BANK7
      Params:         0       0       0       0       0       0       0       0       0
      Locals:         0       1       0       0       0       0       0       0       0
      Temps:          0       0       0       0       0       0       0       0       0
      Totals:         0       1       0       0       0       0       0       0       0
Total ram usage:        1 bytes
 Hardware stack levels used:    1
 Hardware stack levels required when called:    9
 This function calls:
		_receiveNum
 This function is called by:
		_main
 This function uses a non-reentrant model


 *************** function _scanf *****************
 Defined at:
		line 17 in file "Comunicacion.c"
 Parameters:    Size  Location     Type
  guardarscan     2    3[BANK0 ] PTR unsigned char 
		 -> main@activarmenu(5), 
  numcaractere    1    5[BANK0 ] unsigned char 
 Auto vars:     Size  Location     Type
  i               1    6[BANK0 ] unsigned char 
 Return value:  Size  Location     Type
                  1    wreg      void 
 Registers used:
		wreg, fsr2l, fsr2h, status,2, status,0, cstack
 Tracked objects:
		On entry : 
		On exit  : 
		Unchanged: 
 Data sizes:     COMRAM   BANK0   BANK1   BANK2   BANK3   BANK4   BANK5   BANK6   BANK7
      Params:         0       3       0       0       0       0       0       0       0
      Locals:         0       1       0       0       0       0       0       0       0
      Temps:          0       0       0       0       0       0       0       0       0
      Totals:         0       4       0       0       0       0       0       0       0
Total ram usage:        4 bytes
 Hardware stack levels used:    1
 Hardware stack levels required when called:    7
 This function calls:
		_errorUART
		_receive
 This function is called by:
		_main
 This function uses a non-reentrant model


 *************** function _receive *****************
 Defined at:
		line 22 in file "UART.c"
 Parameters:    Size  Location     Type
		None
 Auto vars:     Size  Location     Type
  recibido        1    2[BANK0 ] unsigned char 
 Return value:  Size  Location     Type
                  1    wreg      unsigned char 
 Registers used:
		wreg, status,2, cstack
 Tracked objects:
		On entry : 
		On exit  : 
		Unchanged: 
 Data sizes:     COMRAM   BANK0   BANK1   BANK2   BANK3   BANK4   BANK5   BANK6   BANK7
      Params:         0       0       0       0       0       0       0       0       0
      Locals:         0       1       0       0       0       0       0       0       0
      Temps:          0       0       0       0       0       0       0       0       0
      Totals:         0       1       0       0       0       0       0       0       0
Total ram usage:        1 bytes
 Hardware stack levels used:    1
 Hardware stack levels required when called:    6
 This function calls:
		_errorUART
 This function is called by:
		_scanf
		_main
 This function uses a non-reentrant model


 *************** function _portInit *****************
 Defined at:
		line 11 in file "Gpio.c"
 Parameters:    Size  Location     Type
		None
 Auto vars:     Size  Location     Type
		None
 Return value:  Size  Location     Type
                  1    wreg      void 
 Registers used:
		wreg, status,2
 Tracked objects:
		On entry : 
		On exit  : 
		Unchanged: 
 Data sizes:     COMRAM   BANK0   BANK1   BANK2   BANK3   BANK4   BANK5   BANK6   BANK7
      Params:         0       0       0       0       0       0       0       0       0
      Locals:         0       0       0       0       0       0       0       0       0
      Temps:          0       0       0       0       0       0       0       0       0
      Totals:         0       0       0       0       0       0       0       0       0
Total ram usage:        0 bytes
 Hardware stack levels used:    1
 Hardware stack levels required when called:    5
 This function calls:
		Nothing
 This function is called by:
		_main
 This function uses a non-reentrant model


 *************** function _pistonInit *****************
 Defined at:
		line 47 in file "Gpio.c"
 Parameters:    Size  Location     Type
		None
 Auto vars:     Size  Location     Type
		None
 Return value:  Size  Location     Type
                  1    wreg      void 
 Registers used:
		None
 Tracked objects:
		On entry : 
		On exit  : 
		Unchanged: 
 Data sizes:     COMRAM   BANK0   BANK1   BANK2   BANK3   BANK4   BANK5   BANK6   BANK7
      Params:         0       0       0       0       0       0       0       0       0
      Locals:         0       0       0       0       0       0       0       0       0
      Temps:          0       0       0       0       0       0       0       0       0
      Totals:         0       0       0       0       0       0       0       0       0
Total ram usage:        0 bytes
 Hardware stack levels used:    1
 Hardware stack levels required when called:    5
 This function calls:
		Nothing
 This function is called by:
		_main
 This function uses a non-reentrant model


 *************** function _moverYInfinito *****************
 Defined at:
		line 115 in file "MotoresXYZ.c"
 Parameters:    Size  Location     Type
		None
 Auto vars:     Size  Location     Type
		None
 Return value:  Size  Location     Type
                  1    wreg      void 
 Registers used:
		wreg, status,2, status,0, prodl, prodh, cstack
 Tracked objects:
		On entry : 
		On exit  : 
		Unchanged: 
 Data sizes:     COMRAM   BANK0   BANK1   BANK2   BANK3   BANK4   BANK5   BANK6   BANK7
      Params:         0       0       0       0       0       0       0       0       0
      Locals:         0       0       0       0       0       0       0       0       0
      Temps:          0       0       0       0       0       0       0       0       0
      Totals:         0       0       0       0       0       0       0       0       0
Total ram usage:        0 bytes
 Hardware stack levels used:    1
 Hardware stack levels required when called:    7
 This function calls:
		_PWM_DutyCycleCCP2
 This function is called by:
		_main
 This function uses a non-reentrant model


 *************** function _moverXInfinito *****************
 Defined at:
		line 105 in file "MotoresXYZ.c"
 Parameters:    Size  Location     Type
		None
 Auto vars:     Size  Location     Type
		None
 Return value:  Size  Location     Type
                  1    wreg      void 
 Registers used:
		wreg, status,2, status,0, prodl, prodh, cstack
 Tracked objects:
		On entry : 
		On exit  : 
		Unchanged: 
 Data sizes:     COMRAM   BANK0   BANK1   BANK2   BANK3   BANK4   BANK5   BANK6   BANK7
      Params:         0       0       0       0       0       0       0       0       0
      Locals:         0       0       0       0       0       0       0       0       0
      Temps:          0       0       0       0       0       0       0       0       0
      Totals:         0       0       0       0       0       0       0       0       0
Total ram usage:        0 bytes
 Hardware stack levels used:    1
 Hardware stack levels required when called:    7
 This function calls:
		_PWM_DutyCycleCCP1
 This function is called by:
		_main
 This function uses a non-reentrant model


 *************** function _moverHomeY *****************
 Defined at:
		line 94 in file "MotoresXYZ.c"
 Parameters:    Size  Location     Type
		None
 Auto vars:     Size  Location     Type
		None
 Return value:  Size  Location     Type
                  1    wreg      void 
 Registers used:
		wreg, status,2, status,0, prodl, prodh, cstack
 Tracked objects:
		On entry : 
		On exit  : 
		Unchanged: 
 Data sizes:     COMRAM   BANK0   BANK1   BANK2   BANK3   BANK4   BANK5   BANK6   BANK7
      Params:         0       0       0       0       0       0       0       0       0
      Locals:         0       0       0       0       0       0       0       0       0
      Temps:          0       0       0       0       0       0       0       0       0
      Totals:         0       0       0       0       0       0       0       0       0
Total ram usage:        0 bytes
 Hardware stack levels used:    1
 Hardware stack levels required when called:    7
 This function calls:
		_PWM_DutyCycleCCP2
 This function is called by:
		_main
 This function uses a non-reentrant model


 *************** function _moverHomeX *****************
 Defined at:
		line 84 in file "MotoresXYZ.c"
 Parameters:    Size  Location     Type
		None
 Auto vars:     Size  Location     Type
		None
 Return value:  Size  Location     Type
                  1    wreg      void 
 Registers used:
		wreg, status,2, status,0, prodl, prodh, cstack
 Tracked objects:
		On entry : 
		On exit  : 
		Unchanged: 
 Data sizes:     COMRAM   BANK0   BANK1   BANK2   BANK3   BANK4   BANK5   BANK6   BANK7
      Params:         0       0       0       0       0       0       0       0       0
      Locals:         0       0       0       0       0       0       0       0       0
      Temps:          0       0       0       0       0       0       0       0       0
      Totals:         0       0       0       0       0       0       0       0       0
Total ram usage:        0 bytes
 Hardware stack levels used:    1
 Hardware stack levels required when called:    7
 This function calls:
		_PWM_DutyCycleCCP1
 This function is called by:
		_main
 This function uses a non-reentrant model


 *************** function _moverHaciaXY *****************
 Defined at:
		line 11 in file "FuncionesMenu.c"
 Parameters:    Size  Location     Type
		None
 Auto vars:     Size  Location     Type
  validarCoord    2   89[BANK0 ] unsigned short 
  validarCoord    2   87[BANK0 ] unsigned short 
 Return value:  Size  Location     Type
                  1    wreg      void 
 Registers used:
		wreg, status,2, status,0, tblptrl, tblptrh, tblptru, prodl, prodh, cstack
 Tracked objects:
		On entry : 
		On exit  : 
		Unchanged: 
 Data sizes:     COMRAM   BANK0   BANK1   BANK2   BANK3   BANK4   BANK5   BANK6   BANK7
      Params:         0       0       0       0       0       0       0       0       0
      Locals:         0       4       0       0       0       0       0       0       0
      Temps:          0       2       0       0       0       0       0       0       0
      Totals:         0       6       0       0       0       0       0       0       0
Total ram usage:        6 bytes
 Hardware stack levels used:    1
 Hardware stack levels required when called:    9
 This function calls:
		_moverHaciaX
		_moverHaciaY
		_printf
		_receiveNum
		_send
 This function is called by:
		_main
 This function uses a non-reentrant model


 *************** function _moverHaciaY *****************
 Defined at:
		line 13 in file "MotoresXYZ.c"
 Parameters:    Size  Location     Type
  coordYCenten    1    wreg     unsigned char 
  coordYDecena    1   80[BANK0 ] unsigned char 
  coordYUnidad    1   81[BANK0 ] unsigned char 
 Auto vars:     Size  Location     Type
  coordYCenten    1   84[BANK0 ] unsigned char 
 Return value:  Size  Location     Type
                  1    wreg      void 
 Registers used:
		wreg, status,2, status,0, tblptrl, tblptrh, tblptru, prodl, prodh, cstack
 Tracked objects:
		On entry : 
		On exit  : 
		Unchanged: 
 Data sizes:     COMRAM   BANK0   BANK1   BANK2   BANK3   BANK4   BANK5   BANK6   BANK7
      Params:         0       2       0       0       0       0       0       0       0
      Locals:         0       1       0       0       0       0       0       0       0
      Temps:          0       2       0       0       0       0       0       0       0
      Totals:         0       5       0       0       0       0       0       0       0
Total ram usage:        5 bytes
 Hardware stack levels used:    1
 Hardware stack levels required when called:    8
 This function calls:
		_PWM_DutyCycleCCP2
		___wmul
		_abs
		_printf
		_send
		_setNumPasosY
 This function is called by:
		_moverHaciaXY
		_main
 This function uses a non-reentrant model


 *************** function _setNumPasosY *****************
 Defined at:
		line 46 in file "Timers.c"
 Parameters:    Size  Location     Type
  numPasosY       2    1[BANK0 ] unsigned short 
 Auto vars:     Size  Location     Type
  resultado       2    3[BANK0 ] unsigned short 
 Return value:  Size  Location     Type
                  1    wreg      void 
 Registers used:
		wreg, status,2, status,0
 Tracked objects:
		On entry : 
		On exit  : 
		Unchanged: 
 Data sizes:     COMRAM   BANK0   BANK1   BANK2   BANK3   BANK4   BANK5   BANK6   BANK7
      Params:         0       2       0       0       0       0       0       0       0
      Locals:         0       2       0       0       0       0       0       0       0
      Temps:          0       0       0       0       0       0       0       0       0
      Totals:         0       4       0       0       0       0       0       0       0
Total ram usage:        4 bytes
 Hardware stack levels used:    1
 Hardware stack levels required when called:    5
 This function calls:
		Nothing
 This function is called by:
		_moverHaciaY
 This function uses a non-reentrant model


 *************** function _PWM_DutyCycleCCP2 *****************
 Defined at:
		line 16 in file "PWMCCP2.c"
 Parameters:    Size  Location     Type
  WantedDutyCy    1    wreg     unsigned char 
 Auto vars:     Size  Location     Type
  WantedDutyCy    1   77[BANK0 ] unsigned char 
  PWMDutyValue    2   78[BANK0 ] unsigned short 
 Return value:  Size  Location     Type
                  1    wreg      void 
 Registers used:
		wreg, status,2, status,0, prodl, prodh, cstack
 Tracked objects:
		On entry : 
		On exit  : 
		Unchanged: 
 Data sizes:     COMRAM   BANK0   BANK1   BANK2   BANK3   BANK4   BANK5   BANK6   BANK7
      Params:         0       0       0       0       0       0       0       0       0
      Locals:         0       7       0       0       0       0       0       0       0
      Temps:          0       2       0       0       0       0       0       0       0
      Totals:         0       9       0       0       0       0       0       0       0
Total ram usage:        9 bytes
 Hardware stack levels used:    1
 Hardware stack levels required when called:    6
 This function calls:
		___flmul
		___fltol
		___xxtofl
 This function is called by:
		_moverHaciaY
		_moverHomeY
		_moverYInfinito
		_main
 This function uses a non-reentrant model


 *************** function _moverHaciaX *****************
 Defined at:
		line 41 in file "MotoresXYZ.c"
 Parameters:    Size  Location     Type
  coordXCenten    1    wreg     unsigned char 
  coordXDecena    1   80[BANK0 ] unsigned char 
  coordXUnidad    1   81[BANK0 ] unsigned char 
 Auto vars:     Size  Location     Type
  coordXCenten    1   84[BANK0 ] unsigned char 
 Return value:  Size  Location     Type
                  1    wreg      void 
 Registers used:
		wreg, status,2, status,0, tblptrl, tblptrh, tblptru, prodl, prodh, cstack
 Tracked objects:
		On entry : 
		On exit  : 
		Unchanged: 
 Data sizes:     COMRAM   BANK0   BANK1   BANK2   BANK3   BANK4   BANK5   BANK6   BANK7
      Params:         0       2       0       0       0       0       0       0       0
      Locals:         0       1       0       0       0       0       0       0       0
      Temps:          0       2       0       0       0       0       0       0       0
      Totals:         0       5       0       0       0       0       0       0       0
Total ram usage:        5 bytes
 Hardware stack levels used:    1
 Hardware stack levels required when called:    8
 This function calls:
		_PWM_DutyCycleCCP1
		___wmul
		_abs
		_printf
		_send
		_setNumPasosX
 This function is called by:
		_moverHaciaXY
		_main
 This function uses a non-reentrant model


 *************** function _setNumPasosX *****************
 Defined at:
		line 31 in file "Timers.c"
 Parameters:    Size  Location     Type
  numPasosX       2    1[BANK0 ] unsigned short 
 Auto vars:     Size  Location     Type
  resultado       2    3[BANK0 ] unsigned short 
 Return value:  Size  Location     Type
                  1    wreg      void 
 Registers used:
		wreg, status,2, status,0
 Tracked objects:
		On entry : 
		On exit  : 
		Unchanged: 
 Data sizes:     COMRAM   BANK0   BANK1   BANK2   BANK3   BANK4   BANK5   BANK6   BANK7
      Params:         0       2       0       0       0       0       0       0       0
      Locals:         0       2       0       0       0       0       0       0       0
      Temps:          0       0       0       0       0       0       0       0       0
      Totals:         0       4       0       0       0       0       0       0       0
Total ram usage:        4 bytes
 Hardware stack levels used:    1
 Hardware stack levels required when called:    5
 This function calls:
		Nothing
 This function is called by:
		_moverHaciaX
 This function uses a non-reentrant model


 *************** function _abs *****************
 Defined at:
		line 1 in file "C:\Program Files (x86)\Microchip\xc8\v2.10\pic\sources\c99\common\abs.c"
 Parameters:    Size  Location     Type
  a               2    1[BANK0 ] int 
 Auto vars:     Size  Location     Type
		None
 Return value:  Size  Location     Type
                  2    1[BANK0 ] int 
 Registers used:
		wreg, status,2, status,0
 Tracked objects:
		On entry : 
		On exit  : 
		Unchanged: 
 Data sizes:     COMRAM   BANK0   BANK1   BANK2   BANK3   BANK4   BANK5   BANK6   BANK7
      Params:         0       2       0       0       0       0       0       0       0
      Locals:         0       0       0       0       0       0       0       0       0
      Temps:          0       2       0       0       0       0       0       0       0
      Totals:         0       4       0       0       0       0       0       0       0
Total ram usage:        4 bytes
[...]


 *************** function _low_isr *****************
 Defined at:
		line 73 in file "main.c"
 Parameters:    Size  Location     Type
		None
 Auto vars:     Size  Location     Type
		None
 Return value:  Size  Location     Type
                  1    wreg      void 
 Registers used:
		None
 Tracked objects:
		On entry : 
		On exit  : 
		Unchanged: 
 Data sizes:     COMRAM   BANK0   BANK1   BANK2   BANK3   BANK4   BANK5   BANK6   BANK7
      Params:         0       0       0       0       0       0       0       0       0
      Locals:         0       0       0       0       0       0       0       0       0
      Temps:          0       1       0       0       0       0       0       0       0
      Totals:         0       1       0       0       0       0       0       0       0
Total ram usage:        1 bytes
 Hardware stack levels used:    1
 Hardware stack levels required when called:    4
 This function calls:
		Nothing
 This function is called by:
		Interrupt level 1
 This function uses a non-reentrant model


 *************** function _high_isr *****************
 Defined at:
		line 18 in file "main.c"
 Parameters:    Size  Location     Type
		None
 Auto vars:     Size  Location     Type
		None
 Return value:  Size  Location     Type
                  1    wreg      void 
 Registers used:
		wreg, status,2, status,0, tblptrl, tblptrh, tblptru, prodl, prodh, cstack
 Tracked objects:
		On entry : 
		On exit  : 
		Unchanged: 
 Data sizes:     COMRAM   BANK0   BANK1   BANK2   BANK3   BANK4   BANK5   BANK6   BANK7
      Params:         0       0       0       0       0       0       0       0       0
      Locals:         0       0       0       0       0       0       0       0       0
      Temps:          7       0       0       0       0       0       0       0       0
      Totals:         7       0       0       0       0       0       0       0       0
Total ram usage:        7 bytes
 Hardware stack levels used:    1
 Hardware stack levels required when called:    3
 This function calls:
		i2_PWM_DutyCycleCCP1
		i2_PWM_DutyCycleCCP2
		i2_moverHomeX
		i2_moverHomeY
		i2_printf
 This function is called by:
		Interrupt level 2
 This function uses a non-reentrant model


 *************** function i2_printf *****************
 Defined at:
		line 6 in file "Comunicacion.c"
 Parameters:    Size  Location     Type
  PointString     2    2[COMRAM] PTR unsigned char 
		 -> STR_46(7), STR_45(9), STR_44(9), STR_43(26), 
		 -> STR_42(9), STR_41(9), STR_40(28), STR_39(9), 
		 -> STR_38(9), STR_37(34), STR_36(9), STR_35(9), 
		 -> STR_34(27), STR_33(9), STR_32(9), STR_31(40), 
		 -> STR_30(9), STR_29(9), STR_28(46), STR_27(9), 
		 -> STR_26(9), STR_25(31), STR_24(9), STR_23(14), 
		 -> STR_22(64), STR_21(42), STR_20(42), STR_19(46), 
		 -> STR_18(52), STR_17(52), STR_16(11), STR_15(16), 
		 -> STR_14(11), STR_13(16), STR_12(10), STR_11(11), 
		 -> STR_10(11), STR_9(6), STR_8(4), STR_7(16), 
		 -> STR_6(43), STR_5(8), STR_4(52), STR_3(4), 
		 -> STR_2(4), STR_1(48), 
 Auto vars:     Size  Location     Type
  printf          1    6[COMRAM] unsigned char 
 Return value:  Size  Location     Type
                  1    wreg      void 
 Registers used:
		wreg, status,2, status,0, tblptrl, tblptrh, tblptru, cstack
 Tracked objects:
		On entry : 
		On exit  : 
		Unchanged: 
 Data sizes:     COMRAM   BANK0   BANK1   BANK2   BANK3   BANK4   BANK5   BANK6   BANK7
      Params:         2       0       0       0       0       0       0       0       0
      Locals:         1       0       0       0       0       0       0       0       0
      Temps:          2       0       0       0       0       0       0       0       0
      Totals:         5       0       0       0       0       0       0       0       0
Total ram usage:        5 bytes
 Hardware stack levels used:    1
 Hardware stack levels required when called:    2
 This function calls:
		i2_errorUART
		i2_send
 This function is called by:
		_high_isr
 This function uses a non-reentrant model


 *************** function i2_send *****************
 Defined at:
		line 34 in file "UART.c"
 Parameters:    Size  Location     Type
  enviarpc        1    wreg     unsigned char 
 Auto vars:     Size  Location     Type
  enviarpc        1    1[COMRAM] unsigned char 
 Return value:  Size  Location     Type
                  1    wreg      void 
 Registers used:
		wreg, cstack
 Tracked objects:
		On entry : 
		On exit  : 
		Unchanged: 
 Data sizes:     COMRAM   BANK0   BANK1   BANK2   BANK3   BANK4   BANK5   BANK6   BANK7
      Params:         0       0       0       0       0       0       0       0       0
      Locals:         1       0       0       0       0       0       0       0       0
      Temps:          0       0       0       0       0       0       0       0       0
      Totals:         1       0       0       0       0       0       0       0       0
Total ram usage:        1 bytes
 Hardware stack levels used:    1
 Hardware stack levels required when called:    1
 This function calls:
		i2_errorUART
 This function is called by:
		i2_printf
 This function uses a non-reentrant model


 *************** function i2_errorUART *****************
 Defined at:
		line 42 in file "UART.c"
 Parameters:    Size  Location     Type
		None
 Auto vars:     Size  Location     Type
  errorUART       1    0[COMRAM] unsigned char 
 Return value:  Size  Location     Type
                  1    wreg      void 
 Registers used:
		wreg
 Tracked objects:
		On entry : 
		On exit  : 
		Unchanged: 
 Data sizes:     COMRAM   BANK0   BANK1   BANK2   BANK3   BANK4   BANK5   BANK6   BANK7
      Params:         0       0       0       0       0       0       0       0       0
      Locals:         1       0       0       0       0       0       0       0       0
      Temps:          0       0       0       0       0       0       0       0       0
      Totals:         1       0       0       0       0       0       0       0       0
Total ram usage:        1 bytes
 Hardware stack levels used:    1
 This function calls:
		Nothing
 This function is called by:
		i2_send
		i2_printf
 This function uses a non-reentrant model


 *************** function i2_moverHomeY *****************
 Defined at:
		line 94 in file "MotoresXYZ.c"
 Parameters:    Size  Location     Type
		None
 Auto vars:     Size  Location     Type
		None
 Return value:  Size  Location     Type
                  1    wreg      void 
 Registers used:
		wreg, status,2, status,0, prodl, prodh, cstack
 Tracked objects:
		On entry : 
		On exit  : 
		Unchanged: 
 Data sizes:     COMRAM   BANK0   BANK1   BANK2   BANK3   BANK4   BANK5   BANK6   BANK7
      Params:         0       0       0       0       0       0       0       0       0
      Locals:         0       0       0       0       0       0       0       0       0
      Temps:          0       0       0       0       0       0       0       0       0
      Totals:         0       0       0       0       0       0       0       0       0
Total ram usage:        0 bytes
 Hardware stack levels used:    1
 Hardware stack levels required when called:    2
 This function calls:
		i2_PWM_DutyCycleCCP2
 This function is called by:
		_high_isr
 This function uses a non-reentrant model


 *************** function i2_PWM_DutyCycleCCP2 *****************
 Defined at:
		line 16 in file "PWMCCP2.c"
 Parameters:    Size  Location     Type
  WantedDutyCy    1    wreg     unsigned char 
 Auto vars:     Size  Location     Type
  WantedDutyCy    1   55[COMRAM] unsigned char 
  PWM_DutyCycl    2   56[COMRAM] unsigned short 
 Return value:  Size  Location     Type
                  1    wreg      void 
 Registers used:
		wreg, status,2, status,0, prodl, prodh, cstack
 Tracked objects:
		On entry : 
		On exit  : 
		Unchanged: 
 Data sizes:     COMRAM   BANK0   BANK1   BANK2   BANK3   BANK4   BANK5   BANK6   BANK7
      Params:         0       0       0       0       0       0       0       0       0
      Locals:         7       0       0       0       0       0       0       0       0
      Temps:          2       0       0       0       0       0       0       0       0
      Totals:         9       0       0       0       0       0       0       0       0
Total ram usage:        9 bytes
 Hardware stack levels used:    1
 Hardware stack levels required when called:    1
 This function calls:
		i2___flmul
		i2___fltol
		i2___xxtofl
 This function is called by:
		_high_isr
		i2_moverHomeY
 This function uses a non-reentrant model


 *************** function i2_moverHomeX *****************
 Defined at:
		line 84 in file "MotoresXYZ.c"
 Parameters:    Size  Location     Type
		None
 Auto vars:     Size  Location     Type
		None
 Return value:  Size  Location     Type
                  1    wreg      void 
 Registers used:
		wreg, status,2, status,0, prodl, prodh, cstack
 Tracked objects:
		On entry : 
		On exit  : 
		Unchanged: 
 Data sizes:     COMRAM   BANK0   BANK1   BANK2   BANK3   BANK4   BANK5   BANK6   BANK7
      Params:         0       0       0       0       0       0       0       0       0
      Locals:         0       0       0       0       0       0       0       0       0
      Temps:          0       0       0       0       0       0       0       0       0
      Totals:         0       0       0       0       0       0       0       0       0
Total ram usage:        0 bytes
 Hardware stack levels used:    1
 Hardware stack levels required when called:    2
 This function calls:
		i2_PWM_DutyCycleCCP1
 This function is called by:
		_high_isr
 This function uses a non-reentrant model


 *************** function i2_PWM_DutyCycleCCP1 *****************
 Defined at:
		line 17 in file "PWMCCP1.c"
 Parameters:    Size  Location     Type
  WantedDutyCy    1    wreg     unsigned char 
 Auto vars:     Size  Location     Type
  WantedDutyCy    1   55[COMRAM] unsigned char 
  PWM_DutyCycl    2   56[COMRAM] unsigned short 
 Return value:  Size  Location     Type
                  1    wreg      void 
 Registers used:
		wreg, status,2, status,0, prodl, prodh, cstack
 Tracked objects:
		On entry : 
		On exit  : 
		Unchanged: 
 Data sizes:     COMRAM   BANK0   BANK1   BANK2   BANK3   BANK4   BANK5   BANK6   BANK7
      Params:         0       0       0       0       0       0       0       0       0
      Locals:         7       0       0       0       0       0       0       0       0
      Temps:          2       0       0       0       0       0       0       0       0
      Totals:         9       0       0       0       0       0       0       0       0
Total ram usage:        9 bytes
 Hardware stack levels used:    1
 Hardware stack levels required when called:    1
 This function calls:
		i2___flmul
		i2___fltol
		i2___xxtofl
 This function is called by:
		_high_isr
		i2_moverHomeX
 This function uses a non-reentrant model


 *************** function i2___xxtofl *****************
 Defined at:
		line 10 in file "C:\Program Files (x86)\Microchip\xc8\v2.10\pic\sources\c99\common\xxtofl.c"
 Parameters:    Size  Location     Type
  sign            1    wreg     unsigned char 
  val             4    0[COMRAM] long 
 Auto vars:     Size  Location     Type
  sign            1    8[COMRAM] unsigned char 
  __xxtofl        4   10[COMRAM] unsigned long 
  __xxtofl        1    9[COMRAM] unsigned char 
 Return value:  Size  Location     Type
                  4    0[COMRAM] unsigned char 
 Registers used:
		wreg, status,2, status,0
 Tracked objects:
		On entry : 
		On exit  : 
		Unchanged: 
 Data sizes:     COMRAM   BANK0   BANK1   BANK2   BANK3   BANK4   BANK5   BANK6   BANK7
      Params:         4       0       0       0       0       0       0       0       0
      Locals:         6       0       0       0       0       0       0       0       0
      Temps:          4       0       0       0       0       0       0       0       0
      Totals:        14       0       0       0       0       0       0       0       0
Total ram usage:       14 bytes
 Hardware stack levels used:    1
 This function calls:
		Nothing
 This function is called by:
		i2_PWM_DutyCycleCCP2
		i2_PWM_DutyCycleCCP1
 This function uses a non-reentrant model


 *************** function i2___fltol *****************
 Defined at:
		line 43 in file "C:\Program Files (x86)\Microchip\xc8\v2.10\pic\sources\c99\common\fltol.c"
 Parameters:    Size  Location     Type
  f1              4   39[COMRAM] unsigned char 
 Auto vars:     Size  Location     Type
  __fltol         1   48[COMRAM] unsigned char 
  __fltol         1   47[COMRAM] unsigned char 
 Return value:  Size  Location     Type
                  4   39[COMRAM] long 
 Registers used:
		wreg, status,2, status,0
 Tracked objects:
		On entry : 
		On exit  : 
		Unchanged: 
 Data sizes:     COMRAM   BANK0   BANK1   BANK2   BANK3   BANK4   BANK5   BANK6   BANK7
      Params:         4       0       0       0       0       0       0       0       0
      Locals:         2       0       0       0       0       0       0       0       0
      Temps:          4       0       0       0       0       0       0       0       0
      Totals:        10       0       0       0       0       0       0       0       0
Total ram usage:       10 bytes
 Hardware stack levels used:    1
 This function calls:
		Nothing
 This function is called by:
		i2_PWM_DutyCycleCCP2
		i2_PWM_DutyCycleCCP1
 This function uses a non-reentrant model


 *************** function i2___flmul *****************
 Defined at:
		line 8 in file "C:\Program Files (x86)\Microchip\xc8\v2.10\pic\sources\c99\common\sprcmul.c"
 Parameters:    Size  Location     Type
  b               4   14[COMRAM] long 
  a               4   18[COMRAM] long 
 Auto vars:     Size  Location     Type
  __flmul         4   33[COMRAM] struct .
  __flmul         4   27[COMRAM] unsigned long 
  __flmul         2   37[COMRAM] struct .
  __flmul         1   32[COMRAM] unsigned char 
  __flmul         1   31[COMRAM] unsigned char 
  __flmul         1   26[COMRAM] unsigned char 
 Return value:  Size  Location     Type
                  4   14[COMRAM] unsigned char 
 Registers used:
		wreg, status,2, status,0, prodl, prodh
 Tracked objects:
		On entry : 
		On exit  : 
		Unchanged: 
 Data sizes:     COMRAM   BANK0   BANK1   BANK2   BANK3   BANK4   BANK5   BANK6   BANK7
      Params:         8       0       0       0       0       0       0       0       0
      Locals:        13       0       0       0       0       0       0       0       0
      Temps:          4       0       0       0       0       0       0       0       0
      Totals:        25       0       0       0       0       0       0       0       0
Total ram usage:       25 bytes
 Hardware stack levels used:    1
 This function calls:
		Nothing
 This function is called by:
		i2_PWM_DutyCycleCCP2
		i2_PWM_DutyCycleCCP1
 This function uses a non-reentrant model



MODULE INFORMATION

Module		Function		Class		Link	Load	Size
UART.c
		_UARTinit      		CODE           	273C	0000	27
		_receive       		CODE           	26C8	0000	33
		_errorUART     		CODE           	2478	0000	71
		_send          		CODE           	2706	0000	29

UART.c estimated size: 160

C:\Program Files (x86)\Microchip\xc8\v2.10\pic\sources\c99\common\xxtofl.c
		___xxtofl      		CODE           	13C0	0000	441

C:\Program Files (x86)\Microchip\xc8\v2.10\pic\sources\c99\common\xxtofl.c estimated size: 441

PWMCCP1.c
		_PWM_CCP1_init 		CODE           	26A6	0000	35
		_PWM_DutyCycleCCP1		CODE           	1FFC	0000	189

PWMCCP1.c estimated size: 224

C:\Program Files (x86)\Microchip\xc8\v2.10\pic\sources\c99\common\fltol.c
		___fltol       		CODE           	1A2E	0000	265

C:\Program Files (x86)\Microchip\xc8\v2.10\pic\sources\c99\common\fltol.c estimated size: 265

FuncionesMenu.c
		_impCoordActual		CODE           	1114	0000	685
		_moverHaciaXY  		CODE           	18D0	0000	351
		_modificarZ    		CODE           	1E40	0000	257
		_slidePiston   		CODE           	2546	0000	61
		_funcionToques 		CODE           	2626	0000	55

FuncionesMenu.c estimated size: 1409

C:\Program Files (x86)\Microchip\xc8\v2.10\pic\sources\c99\common\sprcmul.c
		___flmul       		CODE           	04EE	0000	1069

C:\Program Files (x86)\Microchip\xc8\v2.10\pic\sources\c99\common\sprcmul.c estimated size: 1069

Timers.c
		_tmr0Init      		CODE           	2770	0000	23
		_tmr1Init      		CODE           	2722	0000	27
		_setNumPasosX  		CODE           	25F0	0000	55
		_setNumPasosY  		CODE           	25BA	0000	55

Timers.c estimated size: 160

Interrupciones.c
		_interruptsEnable		CODE           	282E	0000	9
		_habilitarIntTMR0		CODE           	2850	0000	5
		_habilitarIntTMR1		CODE           	284C	0000	5

Interrupciones.c estimated size: 19

Gpio.c
		_portInit      		CODE           	27F6	0000	15
		_motorXinit    		CODE           	2820	0000	15
		_pistonInit    		CODE           	2848	0000	5
		_motorYinit    		CODE           	2812	0000	15
		_motoresZinit  		CODE           	2804	0000	15

Gpio.c estimated size: 65

shared
		i2_printf      		CODE           	233E	0000	109
		i2_errorUART   		CODE           	24BE	0000	71
		i2___fltol     		CODE           	1B36	0000	263
		i2_moverHomeX  		CODE           	27C2	0000	21
		i2_moverHomeY  		CODE           	27AE	0000	21
		__initialization		CODE           	2684	0000	21
		i2___flmul     		CODE           	091A	0000	1067
		i2_send        		CODE           	2756	0000	27
		i2___xxtofl    		CODE           	1578	0000	437
		i2_PWM_DutyCycleCCP1		CODE           	216C	0000	181
		i2_PWM_DutyCycleCCP2		CODE           	20B8	0000	181

shared estimated size: 2399

Comunicacion.c
		_receiveNum    		CODE           	22C6	0000	121
		_scanf         		CODE           	2582	0000	57
		_printf        		CODE           	23AA	0000	105

Comunicacion.c estimated size: 283

PWMCCP2.c
		_PWM_CCP2_init 		CODE           	26E8	0000	31
		_PWM_DutyCycleCCP2		CODE           	1F40	0000	189

PWMCCP2.c estimated size: 220

C:\Program Files (x86)\Microchip\xc8\v2.10\pic\sources\c99\common\sprcadd.c
		___fladd       		CODE           	002C	0000	1219

C:\Program Files (x86)\Microchip\xc8\v2.10\pic\sources\c99\common\sprcadd.c estimated size: 1219

MotoresXYZ.c
		_presionarPantalla		CODE           	2220	0000	167
		_moverYInfinito		CODE           	27D6	0000	17
		_moverHomeX    		CODE           	279A	0000	21
		_moverHomeY    		CODE           	2786	0000	21
		_apagarZ       		CODE           	2842	0000	7
		_moverHaciaX   		CODE           	1D3E	0000	259
		_moverHaciaY   		CODE           	1C3C	0000	259
		_moverZAbajo   		CODE           	283C	0000	7
		_moverZArriba  		CODE           	2836	0000	7
		_moverXInfinito		CODE           	27E6	0000	17

MotoresXYZ.c estimated size: 782

C:\Program Files (x86)\Microchip\xc8\v2.10\pic\sources\c99\common\abs.c
		_abs           		CODE           	2504	0000	67

C:\Program Files (x86)\Microchip\xc8\v2.10\pic\sources\c99\common\abs.c estimated size: 67

C:\Program Files (x86)\Microchip\xc8\v2.10\pic\sources\c99\common\Umul16.c
		___wmul        		CODE           	265C	0000	41

C:\Program Files (x86)\Microchip\xc8\v2.10\pic\sources\c99\common\Umul16.c estimated size: 41

C:\Program Files (x86)\Microchip\xc8\v2.10\pic\sources\c99\common\lwmod.c
		___lwmod       		CODE           	2412	0000	103

C:\Program Files (x86)\Microchip\xc8\v2.10\pic\sources\c99\common\lwmod.c estimated size: 103

main.c
		_main          		CODE           	0D44	0000	977
		_high_isr      		CODE           	0008	0000	427
		_low_isr       		CODE           	0018	0000	17

main.c estimated size: 1421

