Microchip MPLAB XC8 Compiler V2.10 ()

Linker command line:

-W-3 --edf=C:\Program Files (x86)\Microchip\xc8\v2.10\pic\dat\en_msgs.txt \
  -cs -h+dist/default/production\SPARC_lite_4550.X.production.sym \
  --cmf=dist/default/production\SPARC_lite_4550.X.production.cmf -z \
  -Q18F4550 -oC:\Users\ALEJAN~1\AppData\Local\Temp\s7p8.2 \
  --defsym=__MPLAB_BUILD=1 \
  -Mdist/default/production/SPARC_lite_4550.X.production.map -E1 -ver=XC8 \
  --acfsm=1493 -ASTACK=0FAh-07FFh -pstack=STACK -ACODE=00h-07FFFh \
  -ACONST=00h-07FFFh -ASMALLCONST=0800h-08FFhx120 \
  -AMEDIUMCONST=0800h-07FFFh -ACOMRAM=01h-05Fh -AABS1=00h-07FFh \
  -ABIGRAM=01h-07FFh -ARAM=060h-0FFh,0100h-01FFhx7 -ABANK0=060h-0FFh \
  -ABANK1=0100h-01FFh -ABANK2=0200h-02FFh -ABANK3=0300h-03FFh \
  -ABANK4=0400h-04FFh -ABANK5=0500h-05FFh -ABANK6=0600h-06FFh \
  -ABANK7=0700h-07FFh -ASFR=0F60h-0FFFh \
  -preset_vec=00h,intcode=08h,intcodelo=018h,powerup,init -pramtop=0800h \
  -psmallconst=SMALLCONST -pmediumconst=MEDIUMCONST -pconst=CONST \
  -AFARRAM=00h-00h -ACONFIG=0300000h-030000Dh -pconfig=CONFIG \
  -AIDLOC=0200000h-0200007h -pidloc=IDLOC -AEEDATA=0F00000h-0F000FFh \
  -peeprom_data=EEDATA \
  -prdata=COMRAM,nvrram=COMRAM,nvbit=COMRAM,rbss=COMRAM,rbit=COMRAM \
  -pfarbss=FARRAM,fardata=FARRAM,nvFARRAM=FARRAM \
  -pintsave_regs=BIGRAM,bigbss=BIGRAM,bigdata=BIGRAM -pbss=RAM \
  -pidata=CODE,irdata=CODE,ibigdata=CODE,ifardata=CODE -prparam=COMRAM \
  C:\Users\ALEJAN~1\AppData\Local\Temp\s7p8.o \
  dist/default/production\SPARC_lite_4550.X.production.o 

Object code version is 3.11

Machine type is 18F4550

Call graph: (short form)




                Name                               Link     Load   Length Selector   Space Scale
C:\Users\ALEJAN~1\AppData\Local\Temp\s7p8.o
                init                                 28       28        4        C       0
                reset_vec                             0        0        4        0       0
                idloc                            200000   200000        8   200000       0
                config                           300000   300000        E   300000       0
dist/default/production\SPARC_lite_4550.X.production.o
                intcodelo                            18       18       10        C       0
                intcode                               8        8        6        4       0
                temp                                 5D       5D        1        1       1
                mediumconst                        79FE     79FE      602     3CFF       0
                text37                              458      458      42A        C       0
                text36                             1186     1186      106        C       0
                text35                              D32      D32      1B4        C       0
                text34                             14B8     14B8       B4        C       0
                text33                             1840     1840       12        C       0
                text32                             1404     1404       B4        C       0
                text31                             182E     182E       12        C       0
                text30                             1686     1686       46        C       0
                text29                             17DA     17DA       1A        C       0
                text28                             156C     156C       6C        C       0
                intcode_body                        EE6      EE6      198        C       0
                text25                             172A     172A       22        C       0
                text24                             176C     176C       1E        C       0
                text23                             17C0     17C0       1A        C       0
                text22                             189A     189A        4        C       0
                text21                             1896     1896        4        C       0
                text20                             188A     188A        8        C       0
                text19                             187C     187C        E        C       0
                text18                             186E     186E        E        C       0
                text17                             1860     1860        E        C       0
                text16                               2C       2C      42C        C       0
                text15                             107E     107E      108        C       0
                text14                              B7A      B7A      1B8        C       0
                text13                             1348     1348       BC        C       0
                text12                             181C     181C       12        C       0
                text11                             128C     128C       BC        C       0
                text10                             180A     180A       12        C       0
                text9                              1892     1892        4        C       0
                text8                              1852     1852        E        C       0
                text7                              1640     1640       46        C       0
                text6                              178A     178A       1C        C       0
                text5                              15D8     15D8       68        C       0
                text4                              174C     174C       20        C       0
                text3                              16CC     16CC       38        C       0
                text2                              17F4     17F4       16        C       0
                text1                              17A6     17A6       1A        C       0
                text0                               882      882      2F8        C       0
                cstackCOMRAM                          1        1       41        1       1
                cstackBANK0                          B4       B4       46       60       1
                bssBANK0                             60       60       54       60       1
                bssCOMRAM                            42       42       1B        1       1
                cinit                              1704     1704       26        C       0

TOTAL           Name                               Link     Load   Length     Space
        CLASS   STACK          

        CLASS   CODE           
                intcodelo                            18       18       10         0
                intcode                               8        8        6         0
                init                                 28       28        4         0
                reset_vec                             0        0        4         0
                text37                              458      458      42A         0
                text36                             1186     1186      106         0
                text35                              D32      D32      1B4         0
                text34                             14B8     14B8       B4         0
                text33                             1840     1840       12         0
                text32                             1404     1404       B4         0
                text31                             182E     182E       12         0
                text30                             1686     1686       46         0
                text29                             17DA     17DA       1A         0
                text28                             156C     156C       6C         0
                intcode_body                        EE6      EE6      198         0
                text25                             172A     172A       22         0
                text24                             176C     176C       1E         0
                text23                             17C0     17C0       1A         0
                text22                             189A     189A        4         0
                text21                             1896     1896        4         0
                text20                             188A     188A        8         0
                text19                             187C     187C        E         0
                text18                             186E     186E        E         0
                text17                             1860     1860        E         0
                text16                               2C       2C      42C         0
                text15                             107E     107E      108         0
                text14                              B7A      B7A      1B8         0
                text13                             1348     1348       BC         0
                text12                             181C     181C       12         0
                text11                             128C     128C       BC         0
                text10                             180A     180A       12         0
                text9                              1892     1892        4         0
                text8                              1852     1852        E         0
                text7                              1640     1640       46         0
                text6                              178A     178A       1C         0
                text5                              15D8     15D8       68         0
                text4                              174C     174C       20         0
                text3                              16CC     16CC       38         0
                text2                              17F4     17F4       16         0
                text1                              17A6     17A6       1A         0
                text0                               882      882      2F8         0
                cinit                              1704     1704       26         0

        CLASS   CONST          

        CLASS   SMALLCONST     

        CLASS   MEDIUMCONST    
                mediumconst                        79FE     79FE      602         0

        CLASS   COMRAM         
                temp                                 5D       5D        1         1
                cstackCOMRAM                          1        1       41         1
                bssCOMRAM                            42       42       1B         1

        CLASS   ABS1           

        CLASS   BIGRAM         

        CLASS   RAM            

        CLASS   BANK0          
                cstackBANK0                          B4       B4       46         1
                bssBANK0                             60       60       54         1

        CLASS   BANK1          

        CLASS   BANK2          

        CLASS   BANK3          

        CLASS   BANK4          

        CLASS   BANK5          

        CLASS   BANK6          

        CLASS   BANK7          

        CLASS   SFR            

        CLASS   FARRAM         

        CLASS   CONFIG         
                config                           300000   300000        E         0

        CLASS   IDLOC          
                idloc                            200000   200000        8         0

        CLASS   EEDATA         



SEGMENTS        Name                           Load    Length   Top    Selector   Space  Class

                reset_vec                      000000  000004  000004         0       0  CODE    
                cstackCOMRAM                   000001  00005D  00005E         1       1  COMRAM  
                intcode                        000008  000006  00000E         4       0  CODE    
                intcodelo                      000018  001886  00189E         C       0  CODE    
                bssBANK0                       000060  00009A  0000FA        60       1  BANK0   
                mediumconst                    0079FE  000602  008000      3CFF       0  MEDIUMCO
                idloc                          200000  000008  200008    200000       0  IDLOC   
                config                         300000  00000E  30000E    300000       0  CONFIG  


UNUSED ADDRESS RANGES

        Name                Unused          Largest block    Delta
        BANK0            0000FA-0000FF                6
        BANK1            000100-0001FF              100
        BANK2            000200-0002FF              100
        BANK3            000300-0003FF              100
        BANK4            000400-0004FF              100
        BANK5            000500-0005FF              100
        BANK6            000600-0006FF              100
        BANK7            000700-0007FF              100
        BIGRAM           00005E-00005F                2
                         0000FA-0007FF              706
        CODE             000004-000007                4
                         00000E-000017                A
                         00189E-0079FD             6160
        COMRAM           00005E-00005F                2
        CONST            000004-000007                4
                         00000E-000017                A
                         00189E-0079FD             6160
        EEDATA           F00000-F000FF              100
        MEDIUMCONST      00189E-0079FD             6160
        RAM              0000FA-0007FF              100
        SFR              000F60-000FFF               A0
        SMALLCONST       00189E-0079FD              100
        STACK            0000FA-0007FF              706

                                  Symbol Table

?___flmul                           cstackBANK0  0000C3
?___fltol                           cstackBANK0  0000DC
?___xxtofl                          cstackBANK0  0000B5
?i2___flmul                         cstackCOMRAM 00000F
?i2___fltol                         cstackCOMRAM 000028
?i2___xxtofl                        cstackCOMRAM 000001
PWM_DutyCycleCCP1@PWMDutyValue      cstackBANK0  0000ED
PWM_DutyCycleCCP1@WantedDutyCycle   cstackBANK0  0000EC
PWM_DutyCycleCCP2@PWMDutyValue      cstackBANK0  0000ED
PWM_DutyCycleCCP2@WantedDutyCycle   cstackBANK0  0000EC
_ADCON0bits                         (abs)        000FC2
_ADCON1bits                         (abs)        000FC1
_ADCON2bits                         (abs)        000FC0
_ADRESH                             (abs)        000FC4
_ADRESL                             (abs)        000FC3
_BAUDCONbits                        (abs)        000FB8
_CCP1CONbits                        (abs)        000FBD
_CCP2CONbits                        (abs)        000FBA
_CCPR1L                             (abs)        000FBE
_CCPR2L                             (abs)        000FBB
_CREN                               (abs)        007D5C
_CurrentPosX                        bssBANK0     0000B2
_CurrentPosY                        bssBANK0     0000B0
_FERR                               (abs)        007D5A
_INTCON2bits                        (abs)        000FF1
_INTCON3bits                        (abs)        000FF0
_INTCONbits                         (abs)        000FF2
_LATBbits                           (abs)        000F8A
_LATCbits                           (abs)        000F8B
_LATDbits                           (abs)        000F8C
_LATEbits                           (abs)        000F8D
_OERR                               (abs)        007D59
_OSCCON                             (abs)        000FD3
_PIE1bits                           (abs)        000F9D
_PIR1bits                           (abs)        000F9E
_PORTAbits                          (abs)        000F80
_PORTBbits                          (abs)        000F81
_PORTCbits                          (abs)        000F82
_PR2                                (abs)        000FCB
_PWM_CCP1_init                      text25       00172A
_PWM_CCP2_init                      text24       00176C
_PWM_DutyCycleCCP1                  text13       001348
_PWM_DutyCycleCCP1$2890             cstackBANK0  0000E8
_PWM_DutyCycleCCP2                  text11       00128C
_PWM_DutyCycleCCP2$2889             cstackBANK0  0000E8
_RCONbits                           (abs)        000FD0
_RCREG                              (abs)        000FAE
_RCREG1                             (abs)        000FAE
_RCSTA1bits                         (abs)        000FAB
_SPBRG                              (abs)        000FAF
_T0CONbits                          (abs)        000FD5
_T1CONbits                          (abs)        000FCD
_T2CONbits                          (abs)        000FCA
_TMR0                               (abs)        000FD6
_TMR0H                              (abs)        000FD7
_TMR0L                              (abs)        000FD6
_TMR1                               (abs)        000FCE
_TMR1H                              (abs)        000FCF
_TMR1L                              (abs)        000FCE
_TMR2                               (abs)        000FCC
_TRISAbits                          (abs)        000F92
_TRISBbits                          (abs)        000F93
_TRISCbits                          (abs)        000F94
_TRISDbits                          (abs)        000F95
_TRISEbits                          (abs)        000F96
_TXEN                               (abs)        007D65
_TXREG1                             (abs)        000FAD
_TXSTA1bits                         (abs)        000FAC
_UARTinit                           text23       0017C0
_UCFGbits                           (abs)        000F6F
_UCONbits                           (abs)        000F6D
__CFG_FOSC$INTOSC_EC                (abs)        000000
__CFG_LVP$OFF                       (abs)        000000
__CFG_MCLRE$ON                      (abs)        000000
__CFG_WDT$OFF                       (abs)        000000
__HRAM                              (abs)        000000
__Habs1                             abs1         000000
__Hbank0                            bank0        000000
__Hbank1                            bank1        000000
__Hbank2                            bank2        000000
__Hbank3                            bank3        000000
__Hbank4                            bank4        000000
__Hbank5                            bank5        000000
__Hbank6                            bank6        000000
__Hbank7                            bank7        000000
__Hbigbss                           bigbss       000000
__Hbigdata                          bigdata      000000
__Hbigram                           bigram       000000
__Hbss                              bss          000000
__HbssBANK0                         bssBANK0     000000
__HbssCOMRAM                        bssCOMRAM    000000
__Hcinit                            cinit        000000
__Hclrtext                          clrtext      000000
__Hcomram                           comram       000000
__Hconfig                           config       30000E
__Hconst                            const        000000
__HcstackBANK0                      cstackBANK0  000000
__HcstackCOMRAM                     cstackCOMRAM 000000
__Hdata                             data         000000
__Heeprom_data                      eeprom_data  000000
__Hfarbss                           farbss       000000
__Hfardata                          fardata      000000
__Hibigdata                         ibigdata     000000
__Hidata                            idata        000000
__Hidloc                            idloc        200008
__Hifardata                         ifardata     000000
__Hinit                             init         00002C
__Hintcode                          intcode      00000E
__Hintcode_body                     intcode_body 000000
__Hintcodelo                        intcodelo    000028
__Hintentry                         intentry     000000
__Hintret                           intret       000000
__Hintsave_regs                     intsave_regs 000000
__Hirdata                           irdata       000000
__Hmediumconst                      mediumconst  008000
__HnvFARRAM                         nvFARRAM     000000
__Hnvbit                            nvbit        000000
__Hnvrram                           nvrram       000000
__Hparam                            rparam       000000
__Hpowerup                          powerup      000028
__Hram                              ram          000000
__Hramtop                           ramtop       000800
__Hrbit                             rbit         000000
__Hrbss                             rbss         000000
__Hrdata                            rdata        000000
__Hreset_vec                        reset_vec    000004
__Hrparam                           rparam       000000
__Hsfr                              sfr          000000
__Hsmallconst                       smallconst   000000
__Hspace_0                          (abs)        30000E
__Hspace_1                          (abs)        0000FA
__Hspace_2                          (abs)        000000
__Hstack                            stack        000000
__Hstruct                           struct       000000
__Htemp                             temp         00005E
__Htext                             text         000000
__Htext0                            text0        000000
__Htext1                            text1        000000
__Htext10                           text10       000000
__Htext11                           text11       000000
__Htext12                           text12       000000
__Htext13                           text13       000000
__Htext14                           text14       000000
__Htext15                           text15       000000
__Htext16                           text16       000000
__Htext17                           text17       000000
__Htext18                           text18       000000
__Htext19                           text19       000000
__Htext2                            text2        000000
__Htext20                           text20       000000
__Htext21                           text21       000000
__Htext22                           text22       000000
__Htext23                           text23       000000
__Htext24                           text24       000000
__Htext25                           text25       000000
__Htext28                           text28       000000
__Htext29                           text29       000000
__Htext3                            text3        000000
__Htext30                           text30       000000
__Htext31                           text31       000000
__Htext32                           text32       000000
__Htext33                           text33       000000
__Htext34                           text34       000000
__Htext35                           text35       000000
__Htext36                           text36       000000
__Htext37                           text37       000000
__Htext4                            text4        000000
__Htext5                            text5        000000
__Htext6                            text6        000000
__Htext7                            text7        000000
__Htext8                            text8        000000
__Htext9                            text9        000000
__LRAM                              (abs)        000001
__Labs1                             abs1         000000
__Lbank0                            bank0        000000
__Lbank1                            bank1        000000
__Lbank2                            bank2        000000
__Lbank3                            bank3        000000
__Lbank4                            bank4        000000
__Lbank5                            bank5        000000
__Lbank6                            bank6        000000
__Lbank7                            bank7        000000
__Lbigbss                           bigbss       000000
__Lbigdata                          bigdata      000000
__Lbigram                           bigram       000000
__Lbss                              bss          000000
__LbssBANK0                         bssBANK0     000000
__LbssCOMRAM                        bssCOMRAM    000000
__Lcinit                            cinit        000000
__Lclrtext                          clrtext      000000
__Lcomram                           comram       000000
__Lconfig                           config       300000
__Lconst                            const        000000
__LcstackBANK0                      cstackBANK0  000000
__LcstackCOMRAM                     cstackCOMRAM 000000
__Ldata                             data         000000
__Leeprom_data                      eeprom_data  000000
__Lfarbss                           farbss       000000
__Lfardata                          fardata      000000
__Libigdata                         ibigdata     000000
__Lidata                            idata        000000
__Lidloc                            idloc        200000
__Lifardata                         ifardata     000000
__Linit                             init         000028
__Lintcode                          intcode      000008
__Lintcode_body                     intcode_body 000000
__Lintcodelo                        intcodelo    000018
__Lintentry                         intentry     000000
__Lintret                           intret       000000
__Lintsave_regs                     intsave_regs 000000
__Lirdata                           irdata       000000
__Lmediumconst                      mediumconst  0079FE
__LnvFARRAM                         nvFARRAM     000000
__Lnvbit                            nvbit        000000
__Lnvrram                           nvrram       000000
__Lparam                            rparam       000000
__Lpowerup                          powerup      000028
__Lram                              ram          000000
__Lramtop                           ramtop       000800
__Lrbit                             rbit         000000
__Lrbss                             rbss         000000
__Lrdata                            rdata        000000
__Lreset_vec                        reset_vec    000000
__Lrparam                           rparam       000000
__Lsfr                              sfr          000000
__Lsmallconst                       smallconst   000000
__Lspace_0                          (abs)        000000
__Lspace_1                          (abs)        000000
__Lspace_2                          (abs)        000000
__Lstack                            stack        000000
__Lstruct                           struct       000000
__Ltemp                             temp         00005D
__Ltext                             text         000000
__Ltext0                            text0        000000
__Ltext1                            text1        000000
__Ltext10                           text10       000000
__Ltext11                           text11       000000
__Ltext12                           text12       000000
__Ltext13                           text13       000000
__Ltext14                           text14       000000
__Ltext15                           text15       000000
__Ltext16                           text16       000000
__Ltext17                           text17       000000
__Ltext18                           text18       000000
__Ltext19                           text19       000000
__Ltext2                            text2        000000
__Ltext20                           text20       000000
__Ltext21                           text21       000000
__Ltext22                           text22       000000
__Ltext23                           text23       000000
__Ltext24                           text24       000000
__Ltext25                           text25       000000
__Ltext28                           text28       000000
__Ltext29                           text29       000000
__Ltext3                            text3        000000
__Ltext30                           text30       000000
__Ltext31                           text31       000000
__Ltext32                           text32       000000
__Ltext33                           text33       000000
__Ltext34                           text34       000000
__Ltext35                           text35       000000
__Ltext36                           text36       000000
__Ltext37                           text37       000000
__Ltext4                            text4        000000
__Ltext5                            text5        000000
__Ltext6                            text6        000000
__Ltext7                            text7        000000
__Ltext8                            text8        000000
__Ltext9                            text9        000000
__S0                                (abs)        30000E
__S1                                (abs)        0000FA
__S2                                (abs)        000000
___flmul                            text16       00002C
___flmul@a                          cstackBANK0  0000C7
___flmul@aexp                       cstackBANK0  0000D4
___flmul@b                          cstackBANK0  0000C3
___flmul@bexp                       cstackBANK0  0000D5
___flmul@grs                        cstackBANK0  0000D0
___flmul@prod                       cstackBANK0  0000D6
___flmul@sign                       cstackBANK0  0000CF
___flmul@temp                       cstackBANK0  0000DA
___fltol                            text15       00107E
___fltol@exp1                       cstackBANK0  0000E5
___fltol@f1                         cstackBANK0  0000DC
___fltol@sign1                      cstackBANK0  0000E4
___inthi_sp                         stack        000000
___intlo_sp                         stack        000000
___param_bank                       (abs)        000000
___rparam_used                      (abs)        000001
___sp                               stack        000000
___xxtofl                           text14       000B7A
___xxtofl@arg                       cstackBANK0  0000BF
___xxtofl@exp                       cstackBANK0  0000BE
___xxtofl@sign                      cstackBANK0  0000BD
___xxtofl@val                       cstackBANK0  0000B5
__accesstop                         (abs)        000060
__activetblptr                      (abs)        000002
__end_of_PWM_CCP1_init              text25       00174C
__end_of_PWM_CCP2_init              text24       00178A
__end_of_PWM_DutyCycleCCP1          text13       001404
__end_of_PWM_DutyCycleCCP2          text11       001348
__end_of_UARTinit                   text23       0017DA
__end_of___flmul                    text16       000458
__end_of___fltol                    text15       001186
__end_of___xxtofl                   text14       000D32
__end_of__initialization            cinit        00171C
__end_of_errorUART                  text7        001686
__end_of_habilitarIntTMR0           text22       00189E
__end_of_habilitarIntTMR1           text21       00189A
__end_of_high_isr                   intcode_body 00107E
__end_of_interruptsEnable           text20       001892
__end_of_low_isr                    intcodelo    000028
__end_of_main                       text0        000B7A
__end_of_motorXinit                 text19       00188A
__end_of_motorYinit                 text18       00187C
__end_of_motoresZinit               text17       00186E
__end_of_moverHomeX                 text12       00182E
__end_of_moverHomeY                 text10       00181C
__end_of_pistonInit                 text9        001896
__end_of_portInit                   text8        001860
__end_of_printf                     text5        001640
__end_of_receive                    text4        00176C
__end_of_scanf                      text3        001704
__end_of_send                       text6        0017A6
__end_of_tmr0Init                   text2        00180A
__end_of_tmr1Init                   text1        0017C0
__end_ofi2_PWM_DutyCycleCCP1        text34       00156C
__end_ofi2_PWM_DutyCycleCCP2        text32       0014B8
__end_ofi2___flmul                  text37       000882
__end_ofi2___fltol                  text36       00128C
__end_ofi2___xxtofl                 text35       000EE6
__end_ofi2_errorUART                text30       0016CC
__end_ofi2_moverHomeX               text33       001852
__end_ofi2_moverHomeY               text31       001840
__end_ofi2_printf                   text28       0015D8
__end_ofi2_send                     text29       0017F4
__initialization                    cinit        001704
__mediumconst                       mediumconst  0079FE
__pbssBANK0                         bssBANK0     000060
__pbssCOMRAM                        bssCOMRAM    000042
__pcinit                            cinit        001704
__pcstackBANK0                      cstackBANK0  0000B4
__pcstackCOMRAM                     cstackCOMRAM 000001
__pintcode                          intcode      000008
__pintcode_body                     intcode_body 000EE6
__pintcodelo                        intcodelo    000018
__pmediumconst                      mediumconst  0079FE
__ptext0                            text0        000882
__ptext1                            text1        0017A6
__ptext10                           text10       00180A
__ptext11                           text11       00128C
__ptext12                           text12       00181C
__ptext13                           text13       001348
__ptext14                           text14       000B7A
__ptext15                           text15       00107E
__ptext16                           text16       00002C
__ptext17                           text17       001860
__ptext18                           text18       00186E
__ptext19                           text19       00187C
__ptext2                            text2        0017F4
__ptext20                           text20       00188A
__ptext21                           text21       001896
__ptext22                           text22       00189A
__ptext23                           text23       0017C0
__ptext24                           text24       00176C
__ptext25                           text25       00172A
__ptext28                           text28       00156C
__ptext29                           text29       0017DA
__ptext3                            text3        0016CC
__ptext30                           text30       001686
__ptext31                           text31       00182E
__ptext32                           text32       001404
__ptext33                           text33       001840
__ptext34                           text34       0014B8
__ptext35                           text35       000D32
__ptext36                           text36       001186
__ptext37                           text37       000458
__ptext4                            text4        00174C
__ptext5                            text5        0015D8
__ptext6                            text6        00178A
__ptext7                            text7        001640
__ptext8                            text8        001852
__ptext9                            text9        001892
__ramtop                            ramtop       000800
__size_of_PWM_CCP1_init             (abs)        000000
__size_of_PWM_CCP2_init             (abs)        000000
__size_of_PWM_DutyCycleCCP1         (abs)        000000
__size_of_PWM_DutyCycleCCP2         (abs)        000000
__size_of_UARTinit                  (abs)        000000
__size_of___flmul                   (abs)        000000
__size_of___fltol                   (abs)        000000
__size_of___xxtofl                  (abs)        000000
__size_of_errorUART                 (abs)        000000
__size_of_habilitarIntTMR0          (abs)        000000
__size_of_habilitarIntTMR1          (abs)        000000
__size_of_high_isr                  (abs)        000000
__size_of_interruptsEnable          (abs)        000000
__size_of_low_isr                   (abs)        000000
__size_of_main                      (abs)        000000
__size_of_motorXinit                (abs)        000000
__size_of_motorYinit                (abs)        000000
__size_of_motoresZinit              (abs)        000000
__size_of_moverHomeX                (abs)        000000
__size_of_moverHomeY                (abs)        000000
__size_of_pistonInit                (abs)        000000
__size_of_portInit                  (abs)        000000
__size_of_printf                    (abs)        000000
__size_of_receive                   (abs)        000000
__size_of_scanf                     (abs)        000000
__size_of_send                      (abs)        000000
__size_of_tmr0Init                  (abs)        000000
__size_of_tmr1Init                  (abs)        000000
__size_ofi2_PWM_DutyCycleCCP1       (abs)        000000
__size_ofi2_PWM_DutyCycleCCP2       (abs)        000000
__size_ofi2___flmul                 (abs)        000000
__size_ofi2___fltol                 (abs)        000000
__size_ofi2___xxtofl                (abs)        000000
__size_ofi2_errorUART               (abs)        000000
__size_ofi2_moverHomeX              (abs)        000000
__size_ofi2_moverHomeY              (abs)        000000
__size_ofi2_printf                  (abs)        000000
__size_ofi2_send                    (abs)        000000
__smallconst                        smallconst   000000
_coordXCentenas                     bssCOMRAM    000042
_coordXDecenas                      bssBANK0     0000A6
_coordXUnidades                     bssBANK0     00009C
_coordYCentenas                     bssBANK0     000092
_coordYDecenas                      bssBANK0     000088
_coordYUnidades                     bssBANK0     00007E
_coordenadaNueva                    bssCOMRAM    00005C
_coordinates                        bssCOMRAM    00004C
_destinoHomeX                       bssCOMRAM    000059
_destinoHomeY                       bssCOMRAM    000058
_errorUART                          text7        001640
_habilitarIntTMR0                   text22       00189A
_habilitarIntTMR1                   text21       001896
_habilitarModCoord                  bssCOMRAM    00005B
_high_isr                           intcode      000008
_interruptsEnable                   text20       00188A
_llegoHomeX                         bssCOMRAM    000057
_llegoHomeY                         bssCOMRAM    000056
_low_isr                            intcodelo    000018
_main                               text0        000882
_motorXinit                         text19       00187C
_motorYinit                         text18       00186E
_motoresZinit                       text17       001860
_moverHomeX                         text12       00181C
_moverHomeY                         text10       00180A
_pistonInit                         text9        001892
_portInit                           text8        001852
_presionarZCentenas                 bssBANK0     000074
_presionarZDecenas                  bssBANK0     00006A
_presionarZUnidades                 bssBANK0     000060
_printf                             text5        0015D8
_receive                            text4        00174C
_scanf                              text3        0016CC
_send                               text6        00178A
_sparcEnMovimiento                  bssCOMRAM    00005A
_tmr0Init                           text2        0017F4
_tmr1Init                           text1        0017A6
_xToAdvance                         bssCOMRAM    000054
_yToAdvance                         bssCOMRAM    000052
btemp                               temp         00005D
end_of_initialization               cinit        00171C
errorUART@temp                      cstackBANK0  0000B5
i2PWM_DutyCycleCCP1@PWMDutyValue    cstackCOMRAM 000039
i2PWM_DutyCycleCCP1@WantedDutyCycle cstackCOMRAM 000038
i2PWM_DutyCycleCCP2@PWMDutyValue    cstackCOMRAM 000039
i2PWM_DutyCycleCCP2@WantedDutyCycle cstackCOMRAM 000038
i2_PWM_DutyCycleCCP1                text34       0014B8
i2_PWM_DutyCycleCCP1$2982           cstackCOMRAM 000034
i2_PWM_DutyCycleCCP2                text32       001404
i2_PWM_DutyCycleCCP2$2981           cstackCOMRAM 000034
i2___flmul                          text37       000458
i2___flmul@a                        cstackCOMRAM 000013
i2___flmul@aexp                     cstackCOMRAM 000020
i2___flmul@b                        cstackCOMRAM 00000F
i2___flmul@bexp                     cstackCOMRAM 000021
i2___flmul@grs                      cstackCOMRAM 00001C
i2___flmul@prod                     cstackCOMRAM 000022
i2___flmul@sign                     cstackCOMRAM 00001B
i2___flmul@temp                     cstackCOMRAM 000026
i2___fltol                          text36       001186
i2___fltol@exp1                     cstackCOMRAM 000031
i2___fltol@f1                       cstackCOMRAM 000028
i2___fltol@sign1                    cstackCOMRAM 000030
i2___xxtofl                         text35       000D32
i2___xxtofl@arg                     cstackCOMRAM 00000B
i2___xxtofl@exp                     cstackCOMRAM 00000A
i2___xxtofl@sign                    cstackCOMRAM 000009
i2___xxtofl@val                     cstackCOMRAM 000001
i2_errorUART                        text30       001686
i2_moverHomeX                       text33       001840
i2_moverHomeY                       text31       00182E
i2_printf                           text28       00156C
i2_send                             text29       0017DA
i2errorUART@temp                    cstackCOMRAM 000001
i2printf@PointString                cstackCOMRAM 000003
i2printf@i                          cstackCOMRAM 000007
i2send@enviarpc                     cstackCOMRAM 000002
int$flags                           temp         00005D
int_func                            intcode_body 000EE6
intlevel0                           text         000000
intlevel1                           text         000000
intlevel2                           text         000000
intlevel3                           text         000000
main@activarmenu                    cstackBANK0  0000F3
main@calibrarSparc                  cstackBANK0  0000F8
main@opcionsel                      cstackBANK0  0000F9
main@pActMenu                       cstackBANK0  0000F1
main@tamanoarray                    cstackBANK0  0000EF
printf@PointString                  cstackBANK0  0000B7
printf@i                            cstackBANK0  0000BB
receive@recibido                    cstackBANK0  0000B6
scanf@guardarscan                   cstackBANK0  0000B7
scanf@i                             cstackBANK0  0000BA
scanf@numcaracteres                 cstackBANK0  0000B9
send@enviarpc                       cstackBANK0  0000B6
stackhi                             (abs)        0007FF
stacklo                             (abs)        0000FA
start                               init         000028
start_initialization                cinit        001704
ttemp5                              temp         00005E
ttemp6                              temp         000061
ttemp7                              temp         000065
wtemp8                              temp         00005E


FUNCTION INFORMATION:

 *************** function _main *****************
 Defined at:
		line 78 in file "main.c"
 Parameters:    Size  Location     Type
		None
 Auto vars:     Size  Location     Type
  opcionsel       1   69[BANK0 ] unsigned char 
  activarmenu     5   63[BANK0 ] unsigned char [5]
  pActMenu        2   61[BANK0 ] PTR unsigned char 
		 -> main@activarmenu(5), 
  calibrarSpar    1   68[BANK0 ] unsigned char 
  desechable      1    0        unsigned char 
  tamanoarray     1   59[BANK0 ] unsigned char 
 Return value:  Size  Location     Type
                  1    wreg      void 
 Registers used:
		wreg, fsr2l, fsr2h, status,2, status,0, tblptrl, tblptrh, tblptru, prodl, prodh, cstack
 Tracked objects:
		On entry : 
		On exit  : 
		Unchanged: 
 Data sizes:     COMRAM   BANK0   BANK1   BANK2   BANK3   BANK4   BANK5   BANK6   BANK7
      Params:         0       0       0       0       0       0       0       0       0
      Locals:         0      11       0       0       0       0       0       0       0
      Temps:          0       0       0       0       0       0       0       0       0
      Totals:         0      11       0       0       0       0       0       0       0
Total ram usage:       11 bytes
 Hardware stack levels required when called:    8
 This function calls:
		_PWM_CCP1_init
		_PWM_CCP2_init
		_PWM_DutyCycleCCP1
		_PWM_DutyCycleCCP2
		_UARTinit
		_habilitarIntTMR0
		_habilitarIntTMR1
		_interruptsEnable
		_motorXinit
		_motorYinit
		_motoresZinit
		_moverHomeX
		_moverHomeY
		_pistonInit
		_portInit
		_printf
		_receive
		_scanf
		_tmr0Init
		_tmr1Init
 This function is called by:
		Startup code after reset
 This function uses a non-reentrant model


 *************** function _tmr1Init *****************
 Defined at:
		line 7 in file "Timers.c"
 Parameters:    Size  Location     Type
		None
 Auto vars:     Size  Location     Type
		None
 Return value:  Size  Location     Type
                  1    wreg      void 
 Registers used:
		wreg, status,2
 Tracked objects:
		On entry : 
		On exit  : 
		Unchanged: 
 Data sizes:     COMRAM   BANK0   BANK1   BANK2   BANK3   BANK4   BANK5   BANK6   BANK7
      Params:         0       0       0       0       0       0       0       0       0
      Locals:         0       0       0       0       0       0       0       0       0
      Temps:          0       0       0       0       0       0       0       0       0
      Totals:         0       0       0       0       0       0       0       0       0
Total ram usage:        0 bytes
 Hardware stack levels used:    1
 Hardware stack levels required when called:    5
 This function calls:
		Nothing
 This function is called by:
		_main
 This function uses a non-reentrant model


 *************** function _tmr0Init *****************
 Defined at:
		line 20 in file "Timers.c"
 Parameters:    Size  Location     Type
		None
 Auto vars:     Size  Location     Type
		None
 Return value:  Size  Location     Type
                  1    wreg      void 
 Registers used:
		wreg, status,2
 Tracked objects:
		On entry : 
		On exit  : 
		Unchanged: 
 Data sizes:     COMRAM   BANK0   BANK1   BANK2   BANK3   BANK4   BANK5   BANK6   BANK7
      Params:         0       0       0       0       0       0       0       0       0
      Locals:         0       0       0       0       0       0       0       0       0
      Temps:          0       0       0       0       0       0       0       0       0
      Totals:         0       0       0       0       0       0       0       0       0
Total ram usage:        0 bytes
 Hardware stack levels used:    1
 Hardware stack levels required when called:    5
 This function calls:
		Nothing
 This function is called by:
		_main
 This function uses a non-reentrant model


 *************** function _scanf *****************
 Defined at:
		line 17 in file "Comunicacion.c"
 Parameters:    Size  Location     Type
  guardarscan     2    3[BANK0 ] PTR unsigned char 
		 -> main@activarmenu(5), 
  numcaractere    1    5[BANK0 ] unsigned char 
 Auto vars:     Size  Location     Type
  i               1    6[BANK0 ] unsigned char 
 Return value:  Size  Location     Type
                  1    wreg      void 
 Registers used:
		wreg, fsr2l, fsr2h, status,2, status,0, cstack
 Tracked objects:
		On entry : 
		On exit  : 
		Unchanged: 
 Data sizes:     COMRAM   BANK0   BANK1   BANK2   BANK3   BANK4   BANK5   BANK6   BANK7
      Params:         0       3       0       0       0       0       0       0       0
      Locals:         0       1       0       0       0       0       0       0       0
      Temps:          0       0       0       0       0       0       0       0       0
      Totals:         0       4       0       0       0       0       0       0       0
Total ram usage:        4 bytes
 Hardware stack levels used:    1
 Hardware stack levels required when called:    7
 This function calls:
		_errorUART
		_receive
 This function is called by:
		_main
 This function uses a non-reentrant model


 *************** function _receive *****************
 Defined at:
		line 22 in file "UART.c"
 Parameters:    Size  Location     Type
		None
 Auto vars:     Size  Location     Type
  recibido        1    2[BANK0 ] unsigned char 
 Return value:  Size  Location     Type
                  1    wreg      unsigned char 
 Registers used:
		wreg, status,2, cstack
 Tracked objects:
		On entry : 
		On exit  : 
		Unchanged: 
 Data sizes:     COMRAM   BANK0   BANK1   BANK2   BANK3   BANK4   BANK5   BANK6   BANK7
      Params:         0       0       0       0       0       0       0       0       0
      Locals:         0       1       0       0       0       0       0       0       0
      Temps:          0       0       0       0       0       0       0       0       0
      Totals:         0       1       0       0       0       0       0       0       0
Total ram usage:        1 bytes
 Hardware stack levels used:    1
 Hardware stack levels required when called:    6
 This function calls:
		_errorUART
 This function is called by:
		_scanf
		_main
 This function uses a non-reentrant model


 *************** function _printf *****************
 Defined at:
		line 6 in file "Comunicacion.c"
 Parameters:    Size  Location     Type
  PointString     2    3[BANK0 ] PTR unsigned char 
		 -> STR_51(10), STR_50(26), STR_49(10), STR_48(28), 
		 -> STR_47(10), STR_46(34), STR_45(10), STR_44(27), 
		 -> STR_43(10), STR_42(40), STR_41(10), STR_40(46), 
		 -> STR_39(10), STR_38(31), STR_37(14), STR_36(64), 
		 -> STR_35(42), STR_34(42), STR_33(46), STR_32(52), 
		 -> STR_31(52), STR_30(15), STR_29(15), STR_28(10), 
		 -> STR_27(11), STR_26(11), STR_25(48), STR_24(26), 
		 -> STR_23(8), STR_22(8), STR_21(35), STR_20(21), 
		 -> STR_19(48), STR_18(69), STR_17(31), STR_16(59), 
		 -> STR_15(68), STR_14(46), STR_13(3), STR_12(12), 
		 -> STR_11(32), STR_10(12), STR_9(58), STR_8(41), 
		 -> STR_7(43), STR_6(33), STR_5(33), STR_4(14), 
		 -> STR_3(14), STR_2(113), STR_1(48), 
 Auto vars:     Size  Location     Type
  i               1    7[BANK0 ] unsigned char 
 Return value:  Size  Location     Type
                  1    wreg      void 
 Registers used:
		wreg, status,2, status,0, tblptrl, tblptrh, tblptru, cstack
 Tracked objects:
		On entry : 
		On exit  : 
		Unchanged: 
 Data sizes:     COMRAM   BANK0   BANK1   BANK2   BANK3   BANK4   BANK5   BANK6   BANK7
      Params:         0       2       0       0       0       0       0       0       0
      Locals:         0       1       0       0       0       0       0       0       0
      Temps:          0       2       0       0       0       0       0       0       0
      Totals:         0       5       0       0       0       0       0       0       0
Total ram usage:        5 bytes
 Hardware stack levels used:    1
 Hardware stack levels required when called:    7
 This function calls:
		_errorUART
		_send
 This function is called by:
		_main
		_receiveNum
		_introducirCoordNueva
		_imprimirCoordenadas
		_modificarCoordenada
		_borrarTodasCoordenadas
		_iniciarPrograma
		_movimientoLibre
		_impCoordActual
		_modificarZ
		_moverHaciaY
		_moverHaciaX
 This function uses a non-reentrant model


 *************** function _send *****************
 Defined at:
		line 34 in file "UART.c"
 Parameters:    Size  Location     Type
  enviarpc        1    wreg     unsigned char 
 Auto vars:     Size  Location     Type
  enviarpc        1    2[BANK0 ] unsigned char 
 Return value:  Size  Location     Type
                  1    wreg      void 
 Registers used:
		wreg, cstack
 Tracked objects:
		On entry : 
		On exit  : 
		Unchanged: 
 Data sizes:     COMRAM   BANK0   BANK1   BANK2   BANK3   BANK4   BANK5   BANK6   BANK7
      Params:         0       0       0       0       0       0       0       0       0
      Locals:         0       1       0       0       0       0       0       0       0
      Temps:          0       0       0       0       0       0       0       0       0
      Totals:         0       1       0       0       0       0       0       0       0
Total ram usage:        1 bytes
 Hardware stack levels used:    1
 Hardware stack levels required when called:    6
 This function calls:
		_errorUART
 This function is called by:
		_printf
		_introducirCoordNueva
		_imprimirCoordenadas
		_modificarCoordenada
		_iniciarPrograma
		_impCoordActual
		_moverHaciaY
		_moverHaciaX
 This function uses a non-reentrant model


 *************** function _errorUART *****************
 Defined at:
		line 42 in file "UART.c"
 Parameters:    Size  Location     Type
		None
 Auto vars:     Size  Location     Type
  temp            1    1[BANK0 ] unsigned char 
 Return value:  Size  Location     Type
                  1    wreg      void 
 Registers used:
		wreg
 Tracked objects:
		On entry : 
		On exit  : 
		Unchanged: 
 Data sizes:     COMRAM   BANK0   BANK1   BANK2   BANK3   BANK4   BANK5   BANK6   BANK7
      Params:         0       0       0       0       0       0       0       0       0
      Locals:         0       1       0       0       0       0       0       0       0
      Temps:          0       0       0       0       0       0       0       0       0
      Totals:         0       1       0       0       0       0       0       0       0
Total ram usage:        1 bytes
 Hardware stack levels used:    1
 Hardware stack levels required when called:    5
 This function calls:
		Nothing
 This function is called by:
		_receive
		_send
		_printf
		_scanf
		_receiveNum
 This function uses a non-reentrant model


 *************** function _portInit *****************
 Defined at:
		line 11 in file "Gpio.c"
 Parameters:    Size  Location     Type
		None
 Auto vars:     Size  Location     Type
		None
 Return value:  Size  Location     Type
                  1    wreg      void 
 Registers used:
		wreg, status,2
 Tracked objects:
		On entry : 
		On exit  : 
		Unchanged: 
 Data sizes:     COMRAM   BANK0   BANK1   BANK2   BANK3   BANK4   BANK5   BANK6   BANK7
      Params:         0       0       0       0       0       0       0       0       0
      Locals:         0       0       0       0       0       0       0       0       0
      Temps:          0       0       0       0       0       0       0       0       0
      Totals:         0       0       0       0       0       0       0       0       0
Total ram usage:        0 bytes
 Hardware stack levels used:    1
 Hardware stack levels required when called:    5
 This function calls:
		Nothing
 This function is called by:
		_main
 This function uses a non-reentrant model


 *************** function _pistonInit *****************
 Defined at:
		line 47 in file "Gpio.c"
 Parameters:    Size  Location     Type
		None
 Auto vars:     Size  Location     Type
		None
 Return value:  Size  Location     Type
                  1    wreg      void 
 Registers used:
		None
 Tracked objects:
		On entry : 
		On exit  : 
		Unchanged: 
 Data sizes:     COMRAM   BANK0   BANK1   BANK2   BANK3   BANK4   BANK5   BANK6   BANK7
      Params:         0       0       0       0       0       0       0       0       0
      Locals:         0       0       0       0       0       0       0       0       0
      Temps:          0       0       0       0       0       0       0       0       0
      Totals:         0       0       0       0       0       0       0       0       0
Total ram usage:        0 bytes
 Hardware stack levels used:    1
 Hardware stack levels required when called:    5
 This function calls:
		Nothing
 This function is called by:
		_main
 This function uses a non-reentrant model


 *************** function _moverHomeY *****************
 Defined at:
		line 94 in file "MotoresXYZ.c"
 Parameters:    Size  Location     Type
		None
 Auto vars:     Size  Location     Type
		None
 Return value:  Size  Location     Type
                  1    wreg      void 
 Registers used:
		wreg, status,2, status,0, prodl, prodh, cstack
 Tracked objects:
		On entry : 
		On exit  : 
		Unchanged: 
 Data sizes:     COMRAM   BANK0   BANK1   BANK2   BANK3   BANK4   BANK5   BANK6   BANK7
      Params:         0       0       0       0       0       0       0       0       0
      Locals:         0       0       0       0       0       0       0       0       0
      Temps:          0       0       0       0       0       0       0       0       0
      Totals:         0       0       0       0       0       0       0       0       0
Total ram usage:        0 bytes
 Hardware stack levels used:    1
 Hardware stack levels required when called:    7
 This function calls:
		_PWM_DutyCycleCCP2
 This function is called by:
		_main
 This function uses a non-reentrant model


 *************** function _PWM_DutyCycleCCP2 *****************
 Defined at:
		line 16 in file "PWMCCP2.c"
 Parameters:    Size  Location     Type
  WantedDutyCy    1    wreg     unsigned char 
 Auto vars:     Size  Location     Type
  WantedDutyCy    1   56[BANK0 ] unsigned char 
  PWMDutyValue    2   57[BANK0 ] unsigned short 
 Return value:  Size  Location     Type
                  1    wreg      void 
 Registers used:
		wreg, status,2, status,0, prodl, prodh, cstack
 Tracked objects:
		On entry : 
		On exit  : 
		Unchanged: 
 Data sizes:     COMRAM   BANK0   BANK1   BANK2   BANK3   BANK4   BANK5   BANK6   BANK7
      Params:         0       0       0       0       0       0       0       0       0
      Locals:         0       7       0       0       0       0       0       0       0
      Temps:          0       2       0       0       0       0       0       0       0
      Totals:         0       9       0       0       0       0       0       0       0
Total ram usage:        9 bytes
 Hardware stack levels used:    1
 Hardware stack levels required when called:    6
 This function calls:
		___flmul
		___fltol
		___xxtofl
 This function is called by:
		_moverHomeY
		_main
		_moverHaciaY
		_moverHaciaX
		_moverYInfinito
 This function uses a non-reentrant model


 *************** function _moverHomeX *****************
 Defined at:
		line 83 in file "MotoresXYZ.c"
 Parameters:    Size  Location     Type
		None
 Auto vars:     Size  Location     Type
		None
 Return value:  Size  Location     Type
                  1    wreg      void 
 Registers used:
		wreg, status,2, status,0, prodl, prodh, cstack
 Tracked objects:
		On entry : 
		On exit  : 
		Unchanged: 
 Data sizes:     COMRAM   BANK0   BANK1   BANK2   BANK3   BANK4   BANK5   BANK6   BANK7
      Params:         0       0       0       0       0       0       0       0       0
      Locals:         0       0       0       0       0       0       0       0       0
      Temps:          0       0       0       0       0       0       0       0       0
      Totals:         0       0       0       0       0       0       0       0       0
Total ram usage:        0 bytes
 Hardware stack levels used:    1
 Hardware stack levels required when called:    7
 This function calls:
		_PWM_DutyCycleCCP1
 This function is called by:
		_main
 This function uses a non-reentrant model


 *************** function _PWM_DutyCycleCCP1 *****************
 Defined at:
		line 17 in file "PWMCCP1.c"
 Parameters:    Size  Location     Type
  WantedDutyCy    1    wreg     unsigned char 
 Auto vars:     Size  Location     Type
  WantedDutyCy    1   56[BANK0 ] unsigned char 
  PWMDutyValue    2   57[BANK0 ] unsigned short 
 Return value:  Size  Location     Type
                  1    wreg      void 
 Registers used:
		wreg, status,2, status,0, prodl, prodh, cstack
 Tracked objects:
		On entry : 
		On exit  : 
		Unchanged: 
 Data sizes:     COMRAM   BANK0   BANK1   BANK2   BANK3   BANK4   BANK5   BANK6   BANK7
      Params:         0       0       0       0       0       0       0       0       0
      Locals:         0       7       0       0       0       0       0       0       0
      Temps:          0       2       0       0       0       0       0       0       0
      Totals:         0       9       0       0       0       0       0       0       0
Total ram usage:        9 bytes
 Hardware stack levels used:    1
 Hardware stack levels required when called:    6
 This function calls:
		___flmul
		___fltol
		___xxtofl
 This function is called by:
		_moverHomeX
		_main
		_moverHaciaY
		_moverHaciaX
		_moverXInfinito
 This function uses a non-reentrant model


 *************** function ___xxtofl *****************
 Defined at:
		line 10 in file "C:\Program Files (x86)\Microchip\xc8\v2.10\pic\sources\c99\common\xxtofl.c"
 Parameters:    Size  Location     Type
  sign            1    wreg     unsigned char 
  val             4    1[BANK0 ] long 
 Auto vars:     Size  Location     Type
  sign            1    9[BANK0 ] unsigned char 
  arg             4   11[BANK0 ] unsigned long 
  exp             1   10[BANK0 ] unsigned char 
 Return value:  Size  Location     Type
                  4    1[BANK0 ] unsigned char 
 Registers used:
		wreg, status,2, status,0
 Tracked objects:
		On entry : 
		On exit  : 
		Unchanged: 
 Data sizes:     COMRAM   BANK0   BANK1   BANK2   BANK3   BANK4   BANK5   BANK6   BANK7
      Params:         0       4       0       0       0       0       0       0       0
      Locals:         0       6       0       0       0       0       0       0       0
      Temps:          0       4       0       0       0       0       0       0       0
      Totals:         0      14       0       0       0       0       0       0       0
Total ram usage:       14 bytes
 Hardware stack levels used:    1
 Hardware stack levels required when called:    5
 This function calls:
		Nothing
 This function is called by:
		_PWM_DutyCycleCCP2
		_PWM_DutyCycleCCP1
		_impCoordActual
 This function uses a non-reentrant model


 *************** function ___fltol *****************
 Defined at:
		line 43 in file "C:\Program Files (x86)\Microchip\xc8\v2.10\pic\sources\c99\common\fltol.c"
 Parameters:    Size  Location     Type
  f1              4   40[BANK0 ] unsigned char 
 Auto vars:     Size  Location     Type
  exp1            1   49[BANK0 ] unsigned char 
  sign1           1   48[BANK0 ] unsigned char 
 Return value:  Size  Location     Type
                  4   40[BANK0 ] long 
 Registers used:
		wreg, status,2, status,0
 Tracked objects:
		On entry : 
		On exit  : 
		Unchanged: 
 Data sizes:     COMRAM   BANK0   BANK1   BANK2   BANK3   BANK4   BANK5   BANK6   BANK7
      Params:         0       4       0       0       0       0       0       0       0
      Locals:         0       2       0       0       0       0       0       0       0
      Temps:          0       4       0       0       0       0       0       0       0
      Totals:         0      10       0       0       0       0       0       0       0
Total ram usage:       10 bytes
 Hardware stack levels used:    1
 Hardware stack levels required when called:    5
 This function calls:
		Nothing
 This function is called by:
		_PWM_DutyCycleCCP2
		_PWM_DutyCycleCCP1
		_impCoordActual
 This function uses a non-reentrant model


 *************** function ___flmul *****************
 Defined at:
		line 8 in file "C:\Program Files (x86)\Microchip\xc8\v2.10\pic\sources\c99\common\sprcmul.c"
 Parameters:    Size  Location     Type
  b               4   15[BANK0 ] long 
  a               4   19[BANK0 ] long 
 Auto vars:     Size  Location     Type
  prod            4   34[BANK0 ] struct .
  grs             4   28[BANK0 ] unsigned long 
  temp            2   38[BANK0 ] struct .
  bexp            1   33[BANK0 ] unsigned char 
  aexp            1   32[BANK0 ] unsigned char 
  sign            1   27[BANK0 ] unsigned char 
 Return value:  Size  Location     Type
                  4   15[BANK0 ] unsigned char 
 Registers used:
		wreg, status,2, status,0, prodl, prodh
 Tracked objects:
		On entry : 
		On exit  : 
		Unchanged: 
 Data sizes:     COMRAM   BANK0   BANK1   BANK2   BANK3   BANK4   BANK5   BANK6   BANK7
      Params:         0       8       0       0       0       0       0       0       0
      Locals:         0      13       0       0       0       0       0       0       0
      Temps:          0       4       0       0       0       0       0       0       0
      Totals:         0      25       0       0       0       0       0       0       0
Total ram usage:       25 bytes
 Hardware stack levels used:    1
 Hardware stack levels required when called:    5
 This function calls:
		Nothing
 This function is called by:
		_PWM_DutyCycleCCP2
		_PWM_DutyCycleCCP1
		_impCoordActual
 This function uses a non-reentrant model


 *************** function _motoresZinit *****************
 Defined at:
		line 38 in file "Gpio.c"
 Parameters:    Size  Location     Type
		None
 Auto vars:     Size  Location     Type
		None
 Return value:  Size  Location     Type
                  1    wreg      void 
 Registers used:
		None
 Tracked objects:
		On entry : 
		On exit  : 
		Unchanged: 
 Data sizes:     COMRAM   BANK0   BANK1   BANK2   BANK3   BANK4   BANK5   BANK6   BANK7
      Params:         0       0       0       0       0       0       0       0       0
      Locals:         0       0       0       0       0       0       0       0       0
      Temps:          0       0       0       0       0       0       0       0       0
      Totals:         0       0       0       0       0       0       0       0       0
Total ram usage:        0 bytes
 Hardware stack levels used:    1
 Hardware stack levels required when called:    5
 This function calls:
		Nothing
 This function is called by:
		_main
 This function uses a non-reentrant model


 *************** function _motorYinit *****************
 Defined at:
		line 29 in file "Gpio.c"
 Parameters:    Size  Location     Type
		None
 Auto vars:     Size  Location     Type
		None
 Return value:  Size  Location     Type
                  1    wreg      void 
 Registers used:
		None
 Tracked objects:
		On entry : 
		On exit  : 
		Unchanged: 
 Data sizes:     COMRAM   BANK0   BANK1   BANK2   BANK3   BANK4   BANK5   BANK6   BANK7
      Params:         0       0       0       0       0       0       0       0       0
      Locals:         0       0       0       0       0       0       0       0       0
      Temps:          0       0       0       0       0       0       0       0       0
      Totals:         0       0       0       0       0       0       0       0       0
Total ram usage:        0 bytes
 Hardware stack levels used:    1
 Hardware stack levels required when called:    5
 This function calls:
		Nothing
 This function is called by:
		_main
 This function uses a non-reentrant model


 *************** function _motorXinit *****************
 Defined at:
		line 19 in file "Gpio.c"
 Parameters:    Size  Location     Type
		None
 Auto vars:     Size  Location     Type
		None
 Return value:  Size  Location     Type
                  1    wreg      void 
 Registers used:
		None
 Tracked objects:
		On entry : 
		On exit  : 
		Unchanged: 
 Data sizes:     COMRAM   BANK0   BANK1   BANK2   BANK3   BANK4   BANK5   BANK6   BANK7
      Params:         0       0       0       0       0       0       0       0       0
      Locals:         0       0       0       0       0       0       0       0       0
      Temps:          0       0       0       0       0       0       0       0       0
      Totals:         0       0       0       0       0       0       0       0       0
Total ram usage:        0 bytes
 Hardware stack levels used:    1
 Hardware stack levels required when called:    5
 This function calls:
		Nothing
 This function is called by:
		_main
 This function uses a non-reentrant model


 *************** function _interruptsEnable *****************
 Defined at:
		line 5 in file "Interrupciones.c"
 Parameters:    Size  Location     Type
		None
 Auto vars:     Size  Location     Type
		None
 Return value:  Size  Location     Type
                  1    wreg      void 
 Registers used:
		None
 Tracked objects:
		On entry : 
		On exit  : 
		Unchanged: 
 Data sizes:     COMRAM   BANK0   BANK1   BANK2   BANK3   BANK4   BANK5   BANK6   BANK7
      Params:         0       0       0       0       0       0       0       0       0
      Locals:         0       0       0       0       0       0       0       0       0
      Temps:          0       0       0       0       0       0       0       0       0
      Totals:         0       0       0       0       0       0       0       0       0
Total ram usage:        0 bytes
 Hardware stack levels used:    1
 Hardware stack levels required when called:    5
 This function calls:
		Nothing
 This function is called by:
		_main
 This function uses a non-reentrant model


 *************** function _habilitarIntTMR1 *****************
 Defined at:
		line 42 in file "Interrupciones.c"
 Parameters:    Size  Location     Type
		None
 Auto vars:     Size  Location     Type
		None
 Return value:  Size  Location     Type
                  1    wreg      void 
 Registers used:
		None
 Tracked objects:
		On entry : 
		On exit  : 
		Unchanged: 
 Data sizes:     COMRAM   BANK0   BANK1   BANK2   BANK3   BANK4   BANK5   BANK6   BANK7
      Params:         0       0       0       0       0       0       0       0       0
      Locals:         0       0       0       0       0       0       0       0       0
      Temps:          0       0       0       0       0       0       0       0       0
      Totals:         0       0       0       0       0       0       0       0       0
Total ram usage:        0 bytes
 Hardware stack levels used:    1
 Hardware stack levels required when called:    5
 This function calls:
		Nothing
 This function is called by:
		_main
 This function uses a non-reentrant model


 *************** function _habilitarIntTMR0 *****************
 Defined at:
		line 38 in file "Interrupciones.c"
 Parameters:    Size  Location     Type
		None
 Auto vars:     Size  Location     Type
		None
 Return value:  Size  Location     Type
                  1    wreg      void 
 Registers used:
		None
 Tracked objects:
		On entry : 
		On exit  : 
		Unchanged: 
 Data sizes:     COMRAM   BANK0   BANK1   BANK2   BANK3   BANK4   BANK5   BANK6   BANK7
      Params:         0       0       0       0       0       0       0       0       0
      Locals:         0       0       0       0       0       0       0       0       0
      Temps:          0       0       0       0       0       0       0       0       0
      Totals:         0       0       0       0       0       0       0       0       0
Total ram usage:        0 bytes
 Hardware stack levels used:    1
 Hardware stack levels required when called:    5
 This function calls:
		Nothing
 This function is called by:
		_main
 This function uses a non-reentrant model


 *************** function _UARTinit *****************
 Defined at:
		line 6 in file "UART.c"
 Parameters:    Size  Location     Type
		None
 Auto vars:     Size  Location     Type
		None
 Return value:  Size  Location     Type
                  1    wreg      void 
 Registers used:
		wreg, status,2
 Tracked objects:
		On entry : 
		On exit  : 
		Unchanged: 
 Data sizes:     COMRAM   BANK0   BANK1   BANK2   BANK3   BANK4   BANK5   BANK6   BANK7
      Params:         0       0       0       0       0       0       0       0       0
      Locals:         0       0       0       0       0       0       0       0       0
      Temps:          0       0       0       0       0       0       0       0       0
      Totals:         0       0       0       0       0       0       0       0       0
Total ram usage:        0 bytes
 Hardware stack levels used:    1
 Hardware stack levels required when called:    5
 This function calls:
		Nothing
 This function is called by:
		_main
 This function uses a non-reentrant model


 *************** function _PWM_CCP2_init *****************
 Defined at:
		line 4 in file "PWMCCP2.c"
 Parameters:    Size  Location     Type
		None
 Auto vars:     Size  Location     Type
		None
 Return value:  Size  Location     Type
                  1    wreg      void 
 Registers used:
		wreg, status,2
 Tracked objects:
		On entry : 
		On exit  : 
		Unchanged: 
 Data sizes:     COMRAM   BANK0   BANK1   BANK2   BANK3   BANK4   BANK5   BANK6   BANK7
      Params:         0       0       0       0       0       0       0       0       0
      Locals:         0       0       0       0       0       0       0       0       0
      Temps:          0       0       0       0       0       0       0       0       0
      Totals:         0       0       0       0       0       0       0       0       0
Total ram usage:        0 bytes
 Hardware stack levels used:    1
 Hardware stack levels required when called:    5
 This function calls:
		Nothing
 This function is called by:
		_main
 This function uses a non-reentrant model


 *************** function _PWM_CCP1_init *****************
 Defined at:
		line 5 in file "PWMCCP1.c"
 Parameters:    Size  Location     Type
		None
 Auto vars:     Size  Location     Type
		None
 Return value:  Size  Location     Type
                  1    wreg      void 
 Registers used:
		wreg, status,2
 Tracked objects:
		On entry : 
		On exit  : 
		Unchanged: 
 Data sizes:     COMRAM   BANK0   BANK1   BANK2   BANK3   BANK4   BANK5   BANK6   BANK7
      Params:         0       0       0       0       0       0       0       0       0
      Locals:         0       0       0       0       0       0       0       0       0
      Temps:          0       0       0       0       0       0       0       0       0
      Totals:         0       0       0       0       0       0       0       0       0
Total ram usage:        0 bytes
 Hardware stack levels used:    1
 Hardware stack levels required when called:    5
 This function calls:
		Nothing
 This function is called by:
		_main
 This function uses a non-reentrant model


 *************** function _low_isr *****************
 Defined at:
		line 73 in file "main.c"
 Parameters:    Size  Location     Type
		None
 Auto vars:     Size  Location     Type
		None
 Return value:  Size  Location     Type
                  1    wreg      void 
 Registers used:
		None
 Tracked objects:
		On entry : 
		On exit  : 
		Unchanged: 
 Data sizes:     COMRAM   BANK0   BANK1   BANK2   BANK3   BANK4   BANK5   BANK6   BANK7
      Params:         0       0       0       0       0       0       0       0       0
      Locals:         0       0       0       0       0       0       0       0       0
      Temps:          0       1       0       0       0       0       0       0       0
      Totals:         0       1       0       0       0       0       0       0       0
Total ram usage:        1 bytes
 Hardware stack levels used:    1
 Hardware stack levels required when called:    4
 This function calls:
		Nothing
 This function is called by:
		Interrupt level 1
 This function uses a non-reentrant model


 *************** function _high_isr *****************
 Defined at:
		line 18 in file "main.c"
 Parameters:    Size  Location     Type
		None
 Auto vars:     Size  Location     Type
		None
 Return value:  Size  Location     Type
                  1    wreg      void 
 Registers used:
		wreg, status,2, status,0, tblptrl, tblptrh, tblptru, prodl, prodh, cstack
 Tracked objects:
		On entry : 
		On exit  : 
		Unchanged: 
 Data sizes:     COMRAM   BANK0   BANK1   BANK2   BANK3   BANK4   BANK5   BANK6   BANK7
      Params:         0       0       0       0       0       0       0       0       0
      Locals:         0       0       0       0       0       0       0       0       0
      Temps:          7       0       0       0       0       0       0       0       0
      Totals:         7       0       0       0       0       0       0       0       0
Total ram usage:        7 bytes
 Hardware stack levels used:    1
 Hardware stack levels required when called:    3
 This function calls:
		i2_PWM_DutyCycleCCP1
		i2_PWM_DutyCycleCCP2
		i2_moverHomeX
		i2_moverHomeY
		i2_printf
 This function is called by:
		Interrupt level 2
 This function uses a non-reentrant model


 *************** function i2_printf *****************
 Defined at:
		line 6 in file "Comunicacion.c"
 Parameters:    Size  Location     Type
  PointString     2    2[COMRAM] PTR unsigned char 
		 -> STR_51(10), STR_50(26), STR_49(10), STR_48(28), 
		 -> STR_47(10), STR_46(34), STR_45(10), STR_44(27), 
		 -> STR_43(10), STR_42(40), STR_41(10), STR_40(46), 
		 -> STR_39(10), STR_38(31), STR_37(14), STR_36(64), 
		 -> STR_35(42), STR_34(42), STR_33(46), STR_32(52), 
		 -> STR_31(52), STR_30(15), STR_29(15), STR_28(10), 
		 -> STR_27(11), STR_26(11), STR_25(48), STR_24(26), 
		 -> STR_23(8), STR_22(8), STR_21(35), STR_20(21), 
		 -> STR_19(48), STR_18(69), STR_17(31), STR_16(59), 
		 -> STR_15(68), STR_14(46), STR_13(3), STR_12(12), 
		 -> STR_11(32), STR_10(12), STR_9(58), STR_8(41), 
		 -> STR_7(43), STR_6(33), STR_5(33), STR_4(14), 
		 -> STR_3(14), STR_2(113), STR_1(48), 
 Auto vars:     Size  Location     Type
  printf          1    6[COMRAM] unsigned char 
 Return value:  Size  Location     Type
                  1    wreg      void 
 Registers used:
		wreg, status,2, status,0, tblptrl, tblptrh, tblptru, cstack
 Tracked objects:
		On entry : 
		On exit  : 
		Unchanged: 
 Data sizes:     COMRAM   BANK0   BANK1   BANK2   BANK3   BANK4   BANK5   BANK6   BANK7
      Params:         2       0       0       0       0       0       0       0       0
      Locals:         1       0       0       0       0       0       0       0       0
      Temps:          2       0       0       0       0       0       0       0       0
      Totals:         5       0       0       0       0       0       0       0       0
Total ram usage:        5 bytes
 Hardware stack levels used:    1
 Hardware stack levels required when called:    2
 This function calls:
		i2_errorUART
		i2_send
 This function is called by:
		_high_isr
 This function uses a non-reentrant model


 *************** function i2_send *****************
 Defined at:
		line 34 in file "UART.c"
 Parameters:    Size  Location     Type
  enviarpc        1    wreg     unsigned char 
 Auto vars:     Size  Location     Type
  enviarpc        1    1[COMRAM] unsigned char 
 Return value:  Size  Location     Type
                  1    wreg      void 
 Registers used:
		wreg, cstack
 Tracked objects:
		On entry : 
		On exit  : 
		Unchanged: 
 Data sizes:     COMRAM   BANK0   BANK1   BANK2   BANK3   BANK4   BANK5   BANK6   BANK7
      Params:         0       0       0       0       0       0       0       0       0
      Locals:         1       0       0       0       0       0       0       0       0
      Temps:          0       0       0       0       0       0       0       0       0
      Totals:         1       0       0       0       0       0       0       0       0
Total ram usage:        1 bytes
 Hardware stack levels used:    1
 Hardware stack levels required when called:    1
 This function calls:
		i2_errorUART
 This function is called by:
		i2_printf
 This function uses a non-reentrant model


 *************** function i2_errorUART *****************
 Defined at:
		line 42 in file "UART.c"
 Parameters:    Size  Location     Type
		None
 Auto vars:     Size  Location     Type
  errorUART       1    0[COMRAM] unsigned char 
 Return value:  Size  Location     Type
                  1    wreg      void 
 Registers used:
		wreg
 Tracked objects:
		On entry : 
		On exit  : 
		Unchanged: 
 Data sizes:     COMRAM   BANK0   BANK1   BANK2   BANK3   BANK4   BANK5   BANK6   BANK7
      Params:         0       0       0       0       0       0       0       0       0
      Locals:         1       0       0       0       0       0       0       0       0
      Temps:          0       0       0       0       0       0       0       0       0
      Totals:         1       0       0       0       0       0       0       0       0
Total ram usage:        1 bytes
 Hardware stack levels used:    1
 This function calls:
		Nothing
 This function is called by:
		i2_send
		i2_printf
 This function uses a non-reentrant model


 *************** function i2_moverHomeY *****************
 Defined at:
		line 94 in file "MotoresXYZ.c"
 Parameters:    Size  Location     Type
		None
 Auto vars:     Size  Location     Type
		None
 Return value:  Size  Location     Type
                  1    wreg      void 
 Registers used:
		wreg, status,2, status,0, prodl, prodh, cstack
 Tracked objects:
		On entry : 
		On exit  : 
		Unchanged: 
 Data sizes:     COMRAM   BANK0   BANK1   BANK2   BANK3   BANK4   BANK5   BANK6   BANK7
      Params:         0       0       0       0       0       0       0       0       0
      Locals:         0       0       0       0       0       0       0       0       0
      Temps:          0       0       0       0       0       0       0       0       0
      Totals:         0       0       0       0       0       0       0       0       0
Total ram usage:        0 bytes
 Hardware stack levels used:    1
 Hardware stack levels required when called:    2
 This function calls:
		i2_PWM_DutyCycleCCP2
 This function is called by:
		_high_isr
 This function uses a non-reentrant model


 *************** function i2_PWM_DutyCycleCCP2 *****************
 Defined at:
		line 16 in file "PWMCCP2.c"
 Parameters:    Size  Location     Type
  WantedDutyCy    1    wreg     unsigned char 
 Auto vars:     Size  Location     Type
  WantedDutyCy    1   55[COMRAM] unsigned char 
  PWM_DutyCycl    2   56[COMRAM] unsigned short 
 Return value:  Size  Location     Type
                  1    wreg      void 
 Registers used:
		wreg, status,2, status,0, prodl, prodh, cstack
 Tracked objects:
		On entry : 
		On exit  : 
		Unchanged: 
 Data sizes:     COMRAM   BANK0   BANK1   BANK2   BANK3   BANK4   BANK5   BANK6   BANK7
      Params:         0       0       0       0       0       0       0       0       0
      Locals:         7       0       0       0       0       0       0       0       0
      Temps:          2       0       0       0       0       0       0       0       0
      Totals:         9       0       0       0       0       0       0       0       0
Total ram usage:        9 bytes
 Hardware stack levels used:    1
 Hardware stack levels required when called:    1
 This function calls:
		i2___flmul
		i2___fltol
		i2___xxtofl
 This function is called by:
		_high_isr
		i2_moverHomeY
 This function uses a non-reentrant model


 *************** function i2_moverHomeX *****************
 Defined at:
		line 83 in file "MotoresXYZ.c"
 Parameters:    Size  Location     Type
		None
 Auto vars:     Size  Location     Type
		None
 Return value:  Size  Location     Type
                  1    wreg      void 
 Registers used:
		wreg, status,2, status,0, prodl, prodh, cstack
 Tracked objects:
		On entry : 
		On exit  : 
		Unchanged: 
 Data sizes:     COMRAM   BANK0   BANK1   BANK2   BANK3   BANK4   BANK5   BANK6   BANK7
      Params:         0       0       0       0       0       0       0       0       0
      Locals:         0       0       0       0       0       0       0       0       0
      Temps:          0       0       0       0       0       0       0       0       0
      Totals:         0       0       0       0       0       0       0       0       0
Total ram usage:        0 bytes
 Hardware stack levels used:    1
 Hardware stack levels required when called:    2
 This function calls:
		i2_PWM_DutyCycleCCP1
 This function is called by:
		_high_isr
 This function uses a non-reentrant model


 *************** function i2_PWM_DutyCycleCCP1 *****************
 Defined at:
		line 17 in file "PWMCCP1.c"
 Parameters:    Size  Location     Type
  WantedDutyCy    1    wreg     unsigned char 
 Auto vars:     Size  Location     Type
  WantedDutyCy    1   55[COMRAM] unsigned char 
  PWM_DutyCycl    2   56[COMRAM] unsigned short 
 Return value:  Size  Location     Type
                  1    wreg      void 
 Registers used:
		wreg, status,2, status,0, prodl, prodh, cstack
 Tracked objects:
		On entry : 
		On exit  : 
		Unchanged: 
 Data sizes:     COMRAM   BANK0   BANK1   BANK2   BANK3   BANK4   BANK5   BANK6   BANK7
      Params:         0       0       0       0       0       0       0       0       0
      Locals:         7       0       0       0       0       0       0       0       0
      Temps:          2       0       0       0       0       0       0       0       0
      Totals:         9       0       0       0       0       0       0       0       0
Total ram usage:        9 bytes
 Hardware stack levels used:    1
 Hardware stack levels required when called:    1
 This function calls:
		i2___flmul
		i2___fltol
		i2___xxtofl
 This function is called by:
		_high_isr
		i2_moverHomeX
 This function uses a non-reentrant model


 *************** function i2___xxtofl *****************
 Defined at:
		line 10 in file "C:\Program Files (x86)\Microchip\xc8\v2.10\pic\sources\c99\common\xxtofl.c"
 Parameters:    Size  Location     Type
  sign            1    wreg     unsigned char 
  val             4    0[COMRAM] long 
 Auto vars:     Size  Location     Type
  sign            1    8[COMRAM] unsigned char 
  __xxtofl        4   10[COMRAM] unsigned long 
  __xxtofl        1    9[COMRAM] unsigned char 
 Return value:  Size  Location     Type
                  4    0[COMRAM] unsigned char 
 Registers used:
		wreg, status,2, status,0
 Tracked objects:
		On entry : 
		On exit  : 
		Unchanged: 
 Data sizes:     COMRAM   BANK0   BANK1   BANK2   BANK3   BANK4   BANK5   BANK6   BANK7
      Params:         4       0       0       0       0       0       0       0       0
      Locals:         6       0       0       0       0       0       0       0       0
      Temps:          4       0       0       0       0       0       0       0       0
      Totals:        14       0       0       0       0       0       0       0       0
Total ram usage:       14 bytes
 Hardware stack levels used:    1
 This function calls:
		Nothing
 This function is called by:
		i2_PWM_DutyCycleCCP2
		i2_PWM_DutyCycleCCP1
 This function uses a non-reentrant model


 *************** function i2___fltol *****************
 Defined at:
		line 43 in file "C:\Program Files (x86)\Microchip\xc8\v2.10\pic\sources\c99\common\fltol.c"
 Parameters:    Size  Location     Type
  f1              4   39[COMRAM] unsigned char 
 Auto vars:     Size  Location     Type
  __fltol         1   48[COMRAM] unsigned char 
  __fltol         1   47[COMRAM] unsigned char 
 Return value:  Size  Location     Type
                  4   39[COMRAM] long 
 Registers used:
		wreg, status,2, status,0
 Tracked objects:
		On entry : 
		On exit  : 
		Unchanged: 
 Data sizes:     COMRAM   BANK0   BANK1   BANK2   BANK3   BANK4   BANK5   BANK6   BANK7
      Params:         4       0       0       0       0       0       0       0       0
      Locals:         2       0       0       0       0       0       0       0       0
      Temps:          4       0       0       0       0       0       0       0       0
      Totals:        10       0       0       0       0       0       0       0       0
Total ram usage:       10 bytes
 Hardware stack levels used:    1
 This function calls:
		Nothing
 This function is called by:
		i2_PWM_DutyCycleCCP2
		i2_PWM_DutyCycleCCP1
 This function uses a non-reentrant model


 *************** function i2___flmul *****************
 Defined at:
		line 8 in file "C:\Program Files (x86)\Microchip\xc8\v2.10\pic\sources\c99\common\sprcmul.c"
 Parameters:    Size  Location     Type
  b               4   14[COMRAM] long 
  a               4   18[COMRAM] long 
 Auto vars:     Size  Location     Type
  __flmul         4   33[COMRAM] struct .
  __flmul         4   27[COMRAM] unsigned long 
  __flmul         2   37[COMRAM] struct .
  __flmul         1   32[COMRAM] unsigned char 
  __flmul         1   31[COMRAM] unsigned char 
  __flmul         1   26[COMRAM] unsigned char 
 Return value:  Size  Location     Type
                  4   14[COMRAM] unsigned char 
 Registers used:
		wreg, status,2, status,0, prodl, prodh
 Tracked objects:
		On entry : 
		On exit  : 
		Unchanged: 
 Data sizes:     COMRAM   BANK0   BANK1   BANK2   BANK3   BANK4   BANK5   BANK6   BANK7
      Params:         8       0       0       0       0       0       0       0       0
      Locals:        13       0       0       0       0       0       0       0       0
      Temps:          4       0       0       0       0       0       0       0       0
      Totals:        25       0       0       0       0       0       0       0       0
Total ram usage:       25 bytes
 Hardware stack levels used:    1
 This function calls:
		Nothing
 This function is called by:
		i2_PWM_DutyCycleCCP2
		i2_PWM_DutyCycleCCP1
 This function uses a non-reentrant model



MODULE INFORMATION

Module		Function		Class		Link	Load	Size
UART.c
		_UARTinit      		CODE           	17C0	0000	27
		_receive       		CODE           	174C	0000	33
		_errorUART     		CODE           	1640	0000	71
		_send          		CODE           	178A	0000	29

UART.c estimated size: 160

C:\Program Files (x86)\Microchip\xc8\v2.10\pic\sources\c99\common\xxtofl.c
		___xxtofl      		CODE           	0B7A	0000	441

C:\Program Files (x86)\Microchip\xc8\v2.10\pic\sources\c99\common\xxtofl.c estimated size: 441

PWMCCP1.c
		_PWM_CCP1_init 		CODE           	172A	0000	35
		_PWM_DutyCycleCCP1		CODE           	1348	0000	189

PWMCCP1.c estimated size: 224

C:\Program Files (x86)\Microchip\xc8\v2.10\pic\sources\c99\common\fltol.c
		___fltol       		CODE           	107E	0000	265

C:\Program Files (x86)\Microchip\xc8\v2.10\pic\sources\c99\common\fltol.c estimated size: 265

C:\Program Files (x86)\Microchip\xc8\v2.10\pic\sources\c99\common\sprcmul.c
		___flmul       		CODE           	002C	0000	1069

C:\Program Files (x86)\Microchip\xc8\v2.10\pic\sources\c99\common\sprcmul.c estimated size: 1069

Timers.c
		_tmr0Init      		CODE           	17F4	0000	23
		_tmr1Init      		CODE           	17A6	0000	27

Timers.c estimated size: 50

Interrupciones.c
		_interruptsEnable		CODE           	188A	0000	9
		_habilitarIntTMR0		CODE           	189A	0000	5
		_habilitarIntTMR1		CODE           	1896	0000	5

Interrupciones.c estimated size: 19

Gpio.c
		_portInit      		CODE           	1852	0000	15
		_motorXinit    		CODE           	187C	0000	15
		_pistonInit    		CODE           	1892	0000	5
		_motorYinit    		CODE           	186E	0000	15
		_motoresZinit  		CODE           	1860	0000	15

Gpio.c estimated size: 65

shared
		i2_printf      		CODE           	156C	0000	109
		i2_errorUART   		CODE           	1686	0000	71
		i2___fltol     		CODE           	1186	0000	263
		i2_moverHomeX  		CODE           	1840	0000	19
		i2_moverHomeY  		CODE           	182E	0000	19
		__initialization		CODE           	1704	0000	25
		i2___flmul     		CODE           	0458	0000	1067
		i2_send        		CODE           	17DA	0000	27
		i2___xxtofl    		CODE           	0D32	0000	437
		i2_PWM_DutyCycleCCP1		CODE           	14B8	0000	181
		i2_PWM_DutyCycleCCP2		CODE           	1404	0000	181

shared estimated size: 2399

Comunicacion.c
		_scanf         		CODE           	16CC	0000	57
		_printf        		CODE           	15D8	0000	105

Comunicacion.c estimated size: 162

PWMCCP2.c
		_PWM_CCP2_init 		CODE           	176C	0000	31
		_PWM_DutyCycleCCP2		CODE           	128C	0000	189

PWMCCP2.c estimated size: 220

MotoresXYZ.c
		_moverHomeX    		CODE           	181C	0000	19
		_moverHomeY    		CODE           	180A	0000	19

MotoresXYZ.c estimated size: 38

main.c
		_main          		CODE           	0882	0000	761
		_high_isr      		CODE           	0008	0000	415
		_low_isr       		CODE           	0018	0000	17

main.c estimated size: 1193

