Microchip MPLAB XC8 Compiler V2.10 ()

Linker command line:

-W-3 --edf=C:\Program Files (x86)\Microchip\xc8\v2.10\pic\dat\en_msgs.txt \
  -cs -h+dist/default/production\SPARC_4550.X.production.sym \
  --cmf=dist/default/production\SPARC_4550.X.production.cmf -z -Q18F4550 \
  -oC:\Users\ALEJAN~1\AppData\Local\Temp\sfeg.2 --defsym=__MPLAB_BUILD=1 \
  -Mdist/default/production/SPARC_4550.X.production.map -E1 -ver=XC8 \
  --acfsm=1493 -ASTACK=0B8h-07FFh -pstack=STACK -ACODE=00h-07FFFh \
  -ACONST=00h-07FFFh -ASMALLCONST=0800h-08FFhx120 \
  -AMEDIUMCONST=0800h-07FFFh -ACOMRAM=01h-05Fh -AABS1=00h-07FFh \
  -ABIGRAM=01h-07FFh -ARAM=060h-0FFh,0100h-01FFhx7 -ABANK0=060h-0FFh \
  -ABANK1=0100h-01FFh -ABANK2=0200h-02FFh -ABANK3=0300h-03FFh \
  -ABANK4=0400h-04FFh -ABANK5=0500h-05FFh -ABANK6=0600h-06FFh \
  -ABANK7=0700h-07FFh -ASFR=0F60h-0FFFh \
  -preset_vec=00h,intcode=08h,intcodelo=018h,powerup,init -pramtop=0800h \
  -psmallconst=SMALLCONST -pmediumconst=MEDIUMCONST -pconst=CONST \
  -AFARRAM=00h-00h -ACONFIG=0300000h-030000Dh -pconfig=CONFIG \
  -AIDLOC=0200000h-0200007h -pidloc=IDLOC -AEEDATA=0F00000h-0F000FFh \
  -peeprom_data=EEDATA \
  -prdata=COMRAM,nvrram=COMRAM,nvbit=COMRAM,rbss=COMRAM,rbit=COMRAM \
  -pfarbss=FARRAM,fardata=FARRAM,nvFARRAM=FARRAM \
  -pintsave_regs=BIGRAM,bigbss=BIGRAM,bigdata=BIGRAM -pbss=RAM \
  -pidata=CODE,irdata=CODE,ibigdata=CODE,ifardata=CODE -prparam=COMRAM \
  C:\Users\ALEJAN~1\AppData\Local\Temp\sfeg.o \
  dist/default/production\SPARC_4550.X.production.o 

Object code version is 3.11

Machine type is 18F4550

Call graph: (short form)




                Name                               Link     Load   Length Selector   Space Scale
C:\Users\ALEJAN~1\AppData\Local\Temp\sfeg.o
                init                                 28       28        4        C       0
                reset_vec                             0        0        4        0       0
                idloc                            200000   200000        8   200000       0
                config                           300000   300000        E   300000       0
dist/default/production\SPARC_4550.X.production.o
                intcodelo                            18       18       10        C       0
                intcode                               8        8        6        4       0
                temp                                 5C       5C        1        1       1
                mediumconst                        7ACA     7ACA      536     3D65       0
                intcode_body                       1260     1260        8        C       0
                text24                             1178     1178       22        C       0
                text23                             119A     119A       1E        C       0
                text22                               2C       2C      42A        C       0
                text21                              C80      C80      106        C       0
                text20                              9B0      9B0      1B4        C       0
                text19                              EF2      EF2       B4        C       0
                text18                              E3E      E3E       B4        C       0
                text17                             11EC     11EC       1A        C       0
                text16                             1232     1232       16        C       0
                text15                             10C2     10C2       60        C       0
                text14                              D86      D86       B8        C       0
                text13                             126C     126C        4        C       0
                text12                             1268     1268        4        C       0
                text11                              B64      B64      11C        C       0
                text10                             1054     1054       6E        C       0
                text9                               456      456      2E6        C       0
                text8                               FA6      FA6       AE        C       0
                text7                              121C     121C       16        C       0
                text6                              1248     1248        E        C       0
                text5                              1256     1256        A        C       0
                text4                              11D2     11D2       1A        C       0
                text3                              1122     1122       30        C       0
                text2                              1206     1206       16        C       0
                text1                              11B8     11B8       1A        C       0
                text0                               73C      73C      274        C       0
                cstackCOMRAM                          1        1       46        1       1
                bssBANK0                             60       60       58       60       1
                bssCOMRAM                            47       47       15        1       1
                cinit                              1152     1152       26        C       0

TOTAL           Name                               Link     Load   Length     Space
        CLASS   STACK          

        CLASS   CODE           
                intcodelo                            18       18       10         0
                intcode                               8        8        6         0
                init                                 28       28        4         0
                reset_vec                             0        0        4         0
                intcode_body                       1260     1260        8         0
                text24                             1178     1178       22         0
                text23                             119A     119A       1E         0
                text22                               2C       2C      42A         0
                text21                              C80      C80      106         0
                text20                              9B0      9B0      1B4         0
                text19                              EF2      EF2       B4         0
                text18                              E3E      E3E       B4         0
                text17                             11EC     11EC       1A         0
                text16                             1232     1232       16         0
                text15                             10C2     10C2       60         0
                text14                              D86      D86       B8         0
                text13                             126C     126C        4         0
                text12                             1268     1268        4         0
                text11                              B64      B64      11C         0
                text10                             1054     1054       6E         0
                text9                               456      456      2E6         0
                text8                               FA6      FA6       AE         0
                text7                              121C     121C       16         0
                text6                              1248     1248        E         0
                text5                              1256     1256        A         0
                text4                              11D2     11D2       1A         0
                text3                              1122     1122       30         0
                text2                              1206     1206       16         0
                text1                              11B8     11B8       1A         0
                text0                               73C      73C      274         0
                cinit                              1152     1152       26         0

        CLASS   CONST          

        CLASS   SMALLCONST     

        CLASS   MEDIUMCONST    
                mediumconst                        7ACA     7ACA      536         0

        CLASS   COMRAM         
                temp                                 5C       5C        1         1
                cstackCOMRAM                          1        1       46         1
                bssCOMRAM                            47       47       15         1

        CLASS   ABS1           

        CLASS   BIGRAM         

        CLASS   RAM            

        CLASS   BANK0          
                bssBANK0                             60       60       58         1

        CLASS   BANK1          

        CLASS   BANK2          

        CLASS   BANK3          

        CLASS   BANK4          

        CLASS   BANK5          

        CLASS   BANK6          

        CLASS   BANK7          

        CLASS   SFR            

        CLASS   FARRAM         

        CLASS   CONFIG         
                config                           300000   300000        E         0

        CLASS   IDLOC          
                idloc                            200000   200000        8         0

        CLASS   EEDATA         



SEGMENTS        Name                           Load    Length   Top    Selector   Space  Class

                reset_vec                      000000  000004  000004         0       0  CODE    
                cstackCOMRAM                   000001  00005C  00005D         1       1  COMRAM  
                intcode                        000008  000006  00000E         4       0  CODE    
                intcodelo                      000018  001258  001270         C       0  CODE    
                bssBANK0                       000060  000058  0000B8        60       1  BANK0   
                mediumconst                    007ACA  000536  008000      3D65       0  MEDIUMCO
                idloc                          200000  000008  200008    200000       0  IDLOC   
                config                         300000  00000E  30000E    300000       0  CONFIG  


UNUSED ADDRESS RANGES

        Name                Unused          Largest block    Delta
        BANK0            0000B8-0000FF               48
        BANK1            000100-0001FF              100
        BANK2            000200-0002FF              100
        BANK3            000300-0003FF              100
        BANK4            000400-0004FF              100
        BANK5            000500-0005FF              100
        BANK6            000600-0006FF              100
        BANK7            000700-0007FF              100
        BIGRAM           00005D-00005F                3
                         0000B8-0007FF              748
        CODE             000004-000007                4
                         00000E-000017                A
                         001270-007AC9             685A
        COMRAM           00005D-00005F                3
        CONST            000004-000007                4
                         00000E-000017                A
                         001270-007AC9             685A
        EEDATA           F00000-F000FF              100
        MEDIUMCONST      001270-007AC9             685A
        RAM              0000B8-0007FF              100
        SFR              000F60-000FFF               A0
        SMALLCONST       001270-007AC9              100
        STACK            0000B8-0007FF              748

                                  Symbol Table

?___flmul                                  cstackCOMRAM 000010
?___fltol                                  cstackCOMRAM 000029
?___xxtofl                                 cstackCOMRAM 000002
PWM_DutyCycleCCP1@PWMDutyValue             cstackCOMRAM 00003A
PWM_DutyCycleCCP1@WantedDutyCycle          cstackCOMRAM 000039
PWM_DutyCycleCCP2@PWMDutyValue             cstackCOMRAM 00003A
PWM_DutyCycleCCP2@WantedDutyCycle          cstackCOMRAM 000039
_ADCON0bits                                (abs)        000FC2
_ADCON1bits                                (abs)        000FC1
_ADCON2bits                                (abs)        000FC0
_ADRESH                                    (abs)        000FC4
_ADRESL                                    (abs)        000FC3
_BAUDCONbits                               (abs)        000FB8
_CCP1CONbits                               (abs)        000FBD
_CCP2CONbits                               (abs)        000FBA
_CCPR1L                                    (abs)        000FBE
_CCPR2L                                    (abs)        000FBB
_CurrentPosX                               bssCOMRAM    000055
_CurrentPosY                               bssCOMRAM    000051
_INTCON2bits                               (abs)        000FF1
_INTCON3bits                               (abs)        000FF0
_INTCONbits                                (abs)        000FF2
_LATAbits                                  (abs)        000F89
_LATCbits                                  (abs)        000F8B
_LATDbits                                  (abs)        000F8C
_OSCCON                                    (abs)        000FD3
_PIE1bits                                  (abs)        000F9D
_PIR1bits                                  (abs)        000F9E
_PR2                                       (abs)        000FCB
_PWM_CCP1_init                             text24       001178
_PWM_CCP2_init                             text23       00119A
_PWM_DutyCycleCCP1                         text19       000EF2
_PWM_DutyCycleCCP1$2261                    cstackCOMRAM 000035
_PWM_DutyCycleCCP2                         text18       000E3E
_PWM_DutyCycleCCP2$2260                    cstackCOMRAM 000035
_RCONbits                                  (abs)        000FD0
_RCREG1                                    (abs)        000FAE
_RCSTA1bits                                (abs)        000FAB
_SPBRG                                     (abs)        000FAF
_T0CONbits                                 (abs)        000FD5
_T1CONbits                                 (abs)        000FCD
_T2CONbits                                 (abs)        000FCA
_TMR0                                      (abs)        000FD6
_TMR0H                                     (abs)        000FD7
_TMR0L                                     (abs)        000FD6
_TMR1                                      (abs)        000FCE
_TMR1H                                     (abs)        000FCF
_TMR1L                                     (abs)        000FCE
_TMR2                                      (abs)        000FCC
_TRISAbits                                 (abs)        000F92
_TRISBbits                                 (abs)        000F93
_TRISCbits                                 (abs)        000F94
_TRISDbits                                 (abs)        000F95
_TXREG1                                    (abs)        000FAD
_TXSTA1bits                                (abs)        000FAC
_UARTinit                                  text17       0011EC
__CFG_FOSC$INTOSC_EC                       (abs)        000000
__CFG_LVP$OFF                              (abs)        000000
__CFG_MCLRE$OFF                            (abs)        000000
__CFG_WDT$OFF                              (abs)        000000
__HRAM                                     (abs)        000000
__Habs1                                    abs1         000000
__Hbank0                                   bank0        000000
__Hbank1                                   bank1        000000
__Hbank2                                   bank2        000000
__Hbank3                                   bank3        000000
__Hbank4                                   bank4        000000
__Hbank5                                   bank5        000000
__Hbank6                                   bank6        000000
__Hbank7                                   bank7        000000
__Hbigbss                                  bigbss       000000
__Hbigdata                                 bigdata      000000
__Hbigram                                  bigram       000000
__Hbss                                     bss          000000
__HbssBANK0                                bssBANK0     000000
__HbssCOMRAM                               bssCOMRAM    000000
__Hcinit                                   cinit        000000
__Hclrtext                                 clrtext      000000
__Hcomram                                  comram       000000
__Hconfig                                  config       30000E
__Hconst                                   const        000000
__HcstackCOMRAM                            cstackCOMRAM 000000
__Hdata                                    data         000000
__Heeprom_data                             eeprom_data  000000
__Hfarbss                                  farbss       000000
__Hfardata                                 fardata      000000
__Hibigdata                                ibigdata     000000
__Hidata                                   idata        000000
__Hidloc                                   idloc        200008
__Hifardata                                ifardata     000000
__Hinit                                    init         00002C
__Hintcode                                 intcode      00000E
__Hintcode_body                            intcode_body 000000
__Hintcodelo                               intcodelo    000028
__Hintentry                                intentry     000000
__Hintret                                  intret       000000
__Hintsave_regs                            intsave_regs 000000
__Hirdata                                  irdata       000000
__Hmediumconst                             mediumconst  008000
__HnvFARRAM                                nvFARRAM     000000
__Hnvbit                                   nvbit        000000
__Hnvrram                                  nvrram       000000
__Hparam                                   rparam       000000
__Hpowerup                                 powerup      000028
__Hram                                     ram          000000
__Hramtop                                  ramtop       000800
__Hrbit                                    rbit         000000
__Hrbss                                    rbss         000000
__Hrdata                                   rdata        000000
__Hreset_vec                               reset_vec    000004
__Hrparam                                  rparam       000000
__Hsfr                                     sfr          000000
__Hsmallconst                              smallconst   000000
__Hspace_0                                 (abs)        30000E
__Hspace_1                                 (abs)        0000B8
__Hspace_2                                 (abs)        000000
__Hstack                                   stack        000000
__Hstruct                                  struct       000000
__Htemp                                    temp         00005D
__Htext                                    text         000000
__Htext0                                   text0        000000
__Htext1                                   text1        000000
__Htext10                                  text10       000000
__Htext11                                  text11       000000
__Htext12                                  text12       000000
__Htext13                                  text13       000000
__Htext14                                  text14       000000
__Htext15                                  text15       000000
__Htext16                                  text16       000000
__Htext17                                  text17       000000
__Htext18                                  text18       000000
__Htext19                                  text19       000000
__Htext2                                   text2        000000
__Htext20                                  text20       000000
__Htext21                                  text21       000000
__Htext22                                  text22       000000
__Htext23                                  text23       000000
__Htext24                                  text24       000000
__Htext3                                   text3        000000
__Htext4                                   text4        000000
__Htext5                                   text5        000000
__Htext6                                   text6        000000
__Htext7                                   text7        000000
__Htext8                                   text8        000000
__Htext9                                   text9        000000
__LRAM                                     (abs)        000001
__Labs1                                    abs1         000000
__Lbank0                                   bank0        000000
__Lbank1                                   bank1        000000
__Lbank2                                   bank2        000000
__Lbank3                                   bank3        000000
__Lbank4                                   bank4        000000
__Lbank5                                   bank5        000000
__Lbank6                                   bank6        000000
__Lbank7                                   bank7        000000
__Lbigbss                                  bigbss       000000
__Lbigdata                                 bigdata      000000
__Lbigram                                  bigram       000000
__Lbss                                     bss          000000
__LbssBANK0                                bssBANK0     000000
__LbssCOMRAM                               bssCOMRAM    000000
__Lcinit                                   cinit        000000
__Lclrtext                                 clrtext      000000
__Lcomram                                  comram       000000
__Lconfig                                  config       300000
__Lconst                                   const        000000
__LcstackCOMRAM                            cstackCOMRAM 000000
__Ldata                                    data         000000
__Leeprom_data                             eeprom_data  000000
__Lfarbss                                  farbss       000000
__Lfardata                                 fardata      000000
__Libigdata                                ibigdata     000000
__Lidata                                   idata        000000
__Lidloc                                   idloc        200000
__Lifardata                                ifardata     000000
__Linit                                    init         000028
__Lintcode                                 intcode      000008
__Lintcode_body                            intcode_body 000000
__Lintcodelo                               intcodelo    000018
__Lintentry                                intentry     000000
__Lintret                                  intret       000000
__Lintsave_regs                            intsave_regs 000000
__Lirdata                                  irdata       000000
__Lmediumconst                             mediumconst  007ACA
__LnvFARRAM                                nvFARRAM     000000
__Lnvbit                                   nvbit        000000
__Lnvrram                                  nvrram       000000
__Lparam                                   rparam       000000
__Lpowerup                                 powerup      000028
__Lram                                     ram          000000
__Lramtop                                  ramtop       000800
__Lrbit                                    rbit         000000
__Lrbss                                    rbss         000000
__Lrdata                                   rdata        000000
__Lreset_vec                               reset_vec    000000
__Lrparam                                  rparam       000000
__Lsfr                                     sfr          000000
__Lsmallconst                              smallconst   000000
__Lspace_0                                 (abs)        000000
__Lspace_1                                 (abs)        000000
__Lspace_2                                 (abs)        000000
__Lstack                                   stack        000000
__Lstruct                                  struct       000000
__Ltemp                                    temp         00005C
__Ltext                                    text         000000
__Ltext0                                   text0        000000
__Ltext1                                   text1        000000
__Ltext10                                  text10       000000
__Ltext11                                  text11       000000
__Ltext12                                  text12       000000
__Ltext13                                  text13       000000
__Ltext14                                  text14       000000
__Ltext15                                  text15       000000
__Ltext16                                  text16       000000
__Ltext17                                  text17       000000
__Ltext18                                  text18       000000
__Ltext19                                  text19       000000
__Ltext2                                   text2        000000
__Ltext20                                  text20       000000
__Ltext21                                  text21       000000
__Ltext22                                  text22       000000
__Ltext23                                  text23       000000
__Ltext24                                  text24       000000
__Ltext3                                   text3        000000
__Ltext4                                   text4        000000
__Ltext5                                   text5        000000
__Ltext6                                   text6        000000
__Ltext7                                   text7        000000
__Ltext8                                   text8        000000
__Ltext9                                   text9        000000
__S0                                       (abs)        30000E
__S1                                       (abs)        0000B8
__S2                                       (abs)        000000
___flmul                                   text22       00002C
___flmul@a                                 cstackCOMRAM 000014
___flmul@aexp                              cstackCOMRAM 000021
___flmul@b                                 cstackCOMRAM 000010
___flmul@bexp                              cstackCOMRAM 000022
___flmul@grs                               cstackCOMRAM 00001D
___flmul@prod                              cstackCOMRAM 000023
___flmul@sign                              cstackCOMRAM 00001C
___flmul@temp                              cstackCOMRAM 000027
___fltol                                   text21       000C80
___fltol@exp1                              cstackCOMRAM 000032
___fltol@f1                                cstackCOMRAM 000029
___fltol@sign1                             cstackCOMRAM 000031
___inthi_sp                                stack        000000
___intlo_sp                                stack        000000
___param_bank                              (abs)        000000
___rparam_used                             (abs)        000001
___sp                                      stack        000000
___xxtofl                                  text20       0009B0
___xxtofl@arg                              cstackCOMRAM 00000C
___xxtofl@exp                              cstackCOMRAM 00000B
___xxtofl@sign                             cstackCOMRAM 00000A
___xxtofl@val                              cstackCOMRAM 000002
__accesstop                                (abs)        000060
__activetblptr                             (abs)        000002
__end_of_PWM_CCP1_init                     text24       00119A
__end_of_PWM_CCP2_init                     text23       0011B8
__end_of_PWM_DutyCycleCCP1                 text19       000FA6
__end_of_PWM_DutyCycleCCP2                 text18       000EF2
__end_of_UARTinit                          text17       001206
__end_of___flmul                           text22       000456
__end_of___fltol                           text21       000D86
__end_of___xxtofl                          text20       000B64
__end_of__initialization                   cinit        00116A
__end_of_borrarTodasCoordenadas            text14       000E3E
__end_of_habilitarIntTMR0                  text13       001270
__end_of_habilitarIntTMR1                  text12       00126C
__end_of_high_isr                          intcode_body 001268
__end_of_imprimirCoordenadas               text11       000C80
__end_of_introducirCoordNueva              text9        00073C
__end_of_low_isr                           intcodelo    000028
__end_of_main                              text0        0009B0
__end_of_modificarCoordenada               text8        001054
__end_of_motorXinit                        text7        001232
__end_of_motorYinit                        text6        001256
__end_of_portInit                          text5        001260
__end_of_printf                            text15       001122
__end_of_receive                           text4        0011EC
__end_of_receiveNum                        text10       0010C2
__end_of_scanf                             text3        001152
__end_of_send                              text16       001248
__end_of_tmr0Init                          text2        00121C
__end_of_tmr1Init                          text1        0011D2
__initialization                           cinit        001152
__mediumconst                              mediumconst  007ACA
__pbssBANK0                                bssBANK0     000060
__pbssCOMRAM                               bssCOMRAM    000047
__pcinit                                   cinit        001152
__pcstackCOMRAM                            cstackCOMRAM 000001
__pintcode                                 intcode      000008
__pintcode_body                            intcode_body 001260
__pintcodelo                               intcodelo    000018
__pmediumconst                             mediumconst  007ACA
__ptext0                                   text0        00073C
__ptext1                                   text1        0011B8
__ptext10                                  text10       001054
__ptext11                                  text11       000B64
__ptext12                                  text12       001268
__ptext13                                  text13       00126C
__ptext14                                  text14       000D86
__ptext15                                  text15       0010C2
__ptext16                                  text16       001232
__ptext17                                  text17       0011EC
__ptext18                                  text18       000E3E
__ptext19                                  text19       000EF2
__ptext2                                   text2        001206
__ptext20                                  text20       0009B0
__ptext21                                  text21       000C80
__ptext22                                  text22       00002C
__ptext23                                  text23       00119A
__ptext24                                  text24       001178
__ptext3                                   text3        001122
__ptext4                                   text4        0011D2
__ptext5                                   text5        001256
__ptext6                                   text6        001248
__ptext7                                   text7        00121C
__ptext8                                   text8        000FA6
__ptext9                                   text9        000456
__ramtop                                   ramtop       000800
__size_of_PWM_CCP1_init                    (abs)        000000
__size_of_PWM_CCP2_init                    (abs)        000000
__size_of_PWM_DutyCycleCCP1                (abs)        000000
__size_of_PWM_DutyCycleCCP2                (abs)        000000
__size_of_UARTinit                         (abs)        000000
__size_of___flmul                          (abs)        000000
__size_of___fltol                          (abs)        000000
__size_of___xxtofl                         (abs)        000000
__size_of_borrarTodasCoordenadas           (abs)        000000
__size_of_habilitarIntTMR0                 (abs)        000000
__size_of_habilitarIntTMR1                 (abs)        000000
__size_of_high_isr                         (abs)        000000
__size_of_imprimirCoordenadas              (abs)        000000
__size_of_introducirCoordNueva             (abs)        000000
__size_of_low_isr                          (abs)        000000
__size_of_main                             (abs)        000000
__size_of_modificarCoordenada              (abs)        000000
__size_of_motorXinit                       (abs)        000000
__size_of_motorYinit                       (abs)        000000
__size_of_portInit                         (abs)        000000
__size_of_printf                           (abs)        000000
__size_of_receive                          (abs)        000000
__size_of_receiveNum                       (abs)        000000
__size_of_scanf                            (abs)        000000
__size_of_send                             (abs)        000000
__size_of_tmr0Init                         (abs)        000000
__size_of_tmr1Init                         (abs)        000000
__smallconst                               smallconst   000000
_borrarTodasCoordenadas                    text14       000D86
_coordXCentenas                            bssCOMRAM    000047
_coordXDecenas                             bssBANK0     0000A6
_coordXUnidades                            bssBANK0     00009C
_coordYCentenas                            bssBANK0     000092
_coordYDecenas                             bssBANK0     000088
_coordYUnidades                            bssBANK0     00007E
_coordenadaNueva                           bssCOMRAM    00005B
_coordinates                               bssBANK0     0000B0
_habilitarIntTMR0                          text13       00126C
_habilitarIntTMR1                          text12       001268
_habilitarModCoord                         bssCOMRAM    00005A
_high_isr                                  intcode      000008
_imprimirCoordenadas                       text11       000B64
_introducirCoordNueva                      text9        000456
_low_isr                                   intcodelo    000018
_main                                      text0        00073C
_modificarCoordenada                       text8        000FA6
_motorXinit                                text7        00121C
_motorYinit                                text6        001248
_portInit                                  text5        001256
_presionarZCentenas                        bssBANK0     000074
_presionarZDecenas                         bssBANK0     00006A
_presionarZUnidades                        bssBANK0     000060
_printf                                    text15       0010C2
_receive                                   text4        0011D2
_receiveNum                                text10       001054
_scanf                                     text3        001122
_send                                      text16       001232
_tmr0Init                                  text2        001206
_tmr1Init                                  text1        0011B8
_working                                   bssCOMRAM    000059
_xToAdvance                                bssCOMRAM    000057
_yToAdvance                                bssCOMRAM    000053
borrarTodasCoordenadas@impresionCoordenada cstackCOMRAM 000008
btemp                                      temp         00005C
end_of_initialization                      cinit        00116A
imprimirCoordenadas@impresionCoordenada    cstackCOMRAM 000009
imprimirCoordenadas@numCoordenadas         cstackCOMRAM 000008
int$flags                                  temp         00005C
int_func                                   intcode_body 001260
intlevel0                                  text         000000
intlevel1                                  text         000000
intlevel2                                  text         000000
intlevel3                                  text         000000
introducirCoordNueva@validarCoordX         cstackCOMRAM 00000E
introducirCoordNueva@validarCoordY         cstackCOMRAM 000010
main@activarmenu                           cstackCOMRAM 000040
main@decision                              cstackCOMRAM 000045
main@opcionsel                             cstackCOMRAM 000046
main@pActMenu                              cstackCOMRAM 00003E
main@tamanoarray                           cstackCOMRAM 00003C
modificarCoordenada@coordenadaNuevaCopia   cstackCOMRAM 000019
modificarCoordenada@modCoord               cstackCOMRAM 00001A
printf@PointString                         cstackCOMRAM 000003
printf@i                                   cstackCOMRAM 000007
receive@recibido                           cstackCOMRAM 000002
receiveNum@recibido                        cstackCOMRAM 000008
scanf@guardarscan                          cstackCOMRAM 000003
scanf@i                                    cstackCOMRAM 000006
scanf@numcaracteres                        cstackCOMRAM 000005
send@enviarpc                              cstackCOMRAM 000002
stackhi                                    (abs)        0007FF
stacklo                                    (abs)        0000B8
start                                      init         000028
start_initialization                       cinit        001152
ttemp5                                     temp         00005D
ttemp6                                     temp         000060
ttemp7                                     temp         000064
wtemp8                                     temp         00005D


FUNCTION INFORMATION:

 *************** function _main *****************
 Defined at:
		line 43 in file "main.c"
 Parameters:    Size  Location     Type
		None
 Auto vars:     Size  Location     Type
  decision        1   68[COMRAM] unsigned char 
  opcionsel       1   69[COMRAM] unsigned char 
  activarmenu     5   63[COMRAM] unsigned char [5]
  pActMenu        2   61[COMRAM] PTR unsigned char 
		 -> main@activarmenu(5), 
  desechable      1    0        unsigned char 
  tamanoarray     1   59[COMRAM] unsigned char 
 Return value:  Size  Location     Type
                  1    wreg      void 
 Registers used:
		wreg, fsr2l, fsr2h, status,2, status,0, tblptrl, tblptrh, tblptru, prodl, prodh, cstack
 Tracked objects:
		On entry : 
		On exit  : 
		Unchanged: 
 Data sizes:     COMRAM   BANK0   BANK1   BANK2   BANK3   BANK4   BANK5   BANK6   BANK7
      Params:         0       0       0       0       0       0       0       0       0
      Locals:        11       0       0       0       0       0       0       0       0
      Temps:          0       0       0       0       0       0       0       0       0
      Totals:        11       0       0       0       0       0       0       0       0
Total ram usage:       11 bytes
 Hardware stack levels required when called:    7
 This function calls:
		_PWM_CCP1_init
		_PWM_CCP2_init
		_PWM_DutyCycleCCP1
		_PWM_DutyCycleCCP2
		_UARTinit
		_borrarTodasCoordenadas
		_habilitarIntTMR0
		_habilitarIntTMR1
		_imprimirCoordenadas
		_introducirCoordNueva
		_modificarCoordenada
		_motorXinit
		_motorYinit
		_portInit
		_printf
		_receive
		_receiveNum
		_scanf
		_tmr0Init
		_tmr1Init
 This function is called by:
		Startup code after reset
 This function uses a non-reentrant model


 *************** function _tmr1Init *****************
 Defined at:
		line 18 in file "Timers.c"
 Parameters:    Size  Location     Type
		None
 Auto vars:     Size  Location     Type
		None
 Return value:  Size  Location     Type
                  1    wreg      void 
 Registers used:
		wreg, status,2
 Tracked objects:
		On entry : 
		On exit  : 
		Unchanged: 
 Data sizes:     COMRAM   BANK0   BANK1   BANK2   BANK3   BANK4   BANK5   BANK6   BANK7
      Params:         0       0       0       0       0       0       0       0       0
      Locals:         0       0       0       0       0       0       0       0       0
      Temps:          0       0       0       0       0       0       0       0       0
      Totals:         0       0       0       0       0       0       0       0       0
Total ram usage:        0 bytes
 Hardware stack levels used:    1
 Hardware stack levels required when called:    2
 This function calls:
		Nothing
 This function is called by:
		_main
 This function uses a non-reentrant model


 *************** function _tmr0Init *****************
 Defined at:
		line 7 in file "Timers.c"
 Parameters:    Size  Location     Type
		None
 Auto vars:     Size  Location     Type
		None
 Return value:  Size  Location     Type
                  1    wreg      void 
 Registers used:
		wreg, status,2
 Tracked objects:
		On entry : 
		On exit  : 
		Unchanged: 
 Data sizes:     COMRAM   BANK0   BANK1   BANK2   BANK3   BANK4   BANK5   BANK6   BANK7
      Params:         0       0       0       0       0       0       0       0       0
      Locals:         0       0       0       0       0       0       0       0       0
      Temps:          0       0       0       0       0       0       0       0       0
      Totals:         0       0       0       0       0       0       0       0       0
Total ram usage:        0 bytes
 Hardware stack levels used:    1
 Hardware stack levels required when called:    2
 This function calls:
		Nothing
 This function is called by:
		_main
 This function uses a non-reentrant model


 *************** function _scanf *****************
 Defined at:
		line 15 in file "Comunicacion.c"
 Parameters:    Size  Location     Type
  guardarscan     2    2[COMRAM] PTR unsigned char 
		 -> main@activarmenu(5), 
  numcaractere    1    4[COMRAM] unsigned char 
 Auto vars:     Size  Location     Type
  i               1    5[COMRAM] unsigned char 
 Return value:  Size  Location     Type
                  1    wreg      void 
 Registers used:
		wreg, fsr2l, fsr2h, status,2, status,0, cstack
 Tracked objects:
		On entry : 
		On exit  : 
		Unchanged: 
 Data sizes:     COMRAM   BANK0   BANK1   BANK2   BANK3   BANK4   BANK5   BANK6   BANK7
      Params:         3       0       0       0       0       0       0       0       0
      Locals:         1       0       0       0       0       0       0       0       0
      Temps:          0       0       0       0       0       0       0       0       0
      Totals:         4       0       0       0       0       0       0       0       0
Total ram usage:        4 bytes
 Hardware stack levels used:    1
 Hardware stack levels required when called:    3
 This function calls:
		_receive
 This function is called by:
		_main
 This function uses a non-reentrant model


 *************** function _receive *****************
 Defined at:
		line 21 in file "UART.c"
 Parameters:    Size  Location     Type
		None
 Auto vars:     Size  Location     Type
  recibido        1    1[COMRAM] unsigned char 
 Return value:  Size  Location     Type
                  1    wreg      unsigned char 
 Registers used:
		wreg, status,2
 Tracked objects:
		On entry : 
		On exit  : 
		Unchanged: 
 Data sizes:     COMRAM   BANK0   BANK1   BANK2   BANK3   BANK4   BANK5   BANK6   BANK7
      Params:         0       0       0       0       0       0       0       0       0
      Locals:         1       0       0       0       0       0       0       0       0
      Temps:          0       0       0       0       0       0       0       0       0
      Totals:         1       0       0       0       0       0       0       0       0
Total ram usage:        1 bytes
 Hardware stack levels used:    1
 Hardware stack levels required when called:    2
 This function calls:
		Nothing
 This function is called by:
		_scanf
		_main
 This function uses a non-reentrant model


 *************** function _portInit *****************
 Defined at:
		line 11 in file "Gpio.c"
 Parameters:    Size  Location     Type
		None
 Auto vars:     Size  Location     Type
		None
 Return value:  Size  Location     Type
                  1    wreg      void 
 Registers used:
		wreg, status,2
 Tracked objects:
		On entry : 
		On exit  : 
		Unchanged: 
 Data sizes:     COMRAM   BANK0   BANK1   BANK2   BANK3   BANK4   BANK5   BANK6   BANK7
      Params:         0       0       0       0       0       0       0       0       0
      Locals:         0       0       0       0       0       0       0       0       0
      Temps:          0       0       0       0       0       0       0       0       0
      Totals:         0       0       0       0       0       0       0       0       0
Total ram usage:        0 bytes
 Hardware stack levels used:    1
 Hardware stack levels required when called:    2
 This function calls:
		Nothing
 This function is called by:
		_main
 This function uses a non-reentrant model


 *************** function _motorYinit *****************
 Defined at:
		line 31 in file "Gpio.c"
 Parameters:    Size  Location     Type
		None
 Auto vars:     Size  Location     Type
		None
 Return value:  Size  Location     Type
                  1    wreg      void 
 Registers used:
		None
 Tracked objects:
		On entry : 
		On exit  : 
		Unchanged: 
 Data sizes:     COMRAM   BANK0   BANK1   BANK2   BANK3   BANK4   BANK5   BANK6   BANK7
      Params:         0       0       0       0       0       0       0       0       0
      Locals:         0       0       0       0       0       0       0       0       0
      Temps:          0       0       0       0       0       0       0       0       0
      Totals:         0       0       0       0       0       0       0       0       0
Total ram usage:        0 bytes
 Hardware stack levels used:    1
 Hardware stack levels required when called:    2
 This function calls:
		Nothing
 This function is called by:
		_main
 This function uses a non-reentrant model


 *************** function _motorXinit *****************
 Defined at:
		line 16 in file "Gpio.c"
 Parameters:    Size  Location     Type
		None
 Auto vars:     Size  Location     Type
		None
 Return value:  Size  Location     Type
                  1    wreg      void 
 Registers used:
		None
 Tracked objects:
		On entry : 
		On exit  : 
		Unchanged: 
 Data sizes:     COMRAM   BANK0   BANK1   BANK2   BANK3   BANK4   BANK5   BANK6   BANK7
      Params:         0       0       0       0       0       0       0       0       0
      Locals:         0       0       0       0       0       0       0       0       0
      Temps:          0       0       0       0       0       0       0       0       0
      Totals:         0       0       0       0       0       0       0       0       0
Total ram usage:        0 bytes
 Hardware stack levels used:    1
 Hardware stack levels required when called:    2
 This function calls:
		Nothing
 This function is called by:
		_main
 This function uses a non-reentrant model


 *************** function _modificarCoordenada *****************
 Defined at:
		line 81 in file "FuncionesMenu.c"
 Parameters:    Size  Location     Type
		None
 Auto vars:     Size  Location     Type
  modCoord        1   25[COMRAM] unsigned char 
  coordenadaNu    1   24[COMRAM] unsigned char 
 Return value:  Size  Location     Type
                  1    wreg      void 
 Registers used:
		wreg, fsr2l, fsr2h, status,2, status,0, tblptrl, tblptrh, tblptru, prodl, prodh, cstack
 Tracked objects:
		On entry : 
		On exit  : 
		Unchanged: 
 Data sizes:     COMRAM   BANK0   BANK1   BANK2   BANK3   BANK4   BANK5   BANK6   BANK7
      Params:         0       0       0       0       0       0       0       0       0
      Locals:         2       0       0       0       0       0       0       0       0
      Temps:          7       0       0       0       0       0       0       0       0
      Totals:         9       0       0       0       0       0       0       0       0
Total ram usage:        9 bytes
 Hardware stack levels used:    1
 Hardware stack levels required when called:    6
 This function calls:
		_imprimirCoordenadas
		_introducirCoordNueva
		_printf
		_receiveNum
		_send
 This function is called by:
		_main
 This function uses a non-reentrant model


 *************** function _introducirCoordNueva *****************
 Defined at:
		line 8 in file "FuncionesMenu.c"
 Parameters:    Size  Location     Type
		None
 Auto vars:     Size  Location     Type
  validarCoord    2   15[COMRAM] unsigned short 
  validarCoord    2   13[COMRAM] unsigned short 
 Return value:  Size  Location     Type
                  1    wreg      void 
 Registers used:
		wreg, fsr2l, fsr2h, status,2, status,0, tblptrl, tblptrh, tblptru, prodl, prodh, cstack
 Tracked objects:
		On entry : 
		On exit  : 
		Unchanged: 
 Data sizes:     COMRAM   BANK0   BANK1   BANK2   BANK3   BANK4   BANK5   BANK6   BANK7
      Params:         0       0       0       0       0       0       0       0       0
      Locals:         4       0       0       0       0       0       0       0       0
      Temps:          5       0       0       0       0       0       0       0       0
      Totals:         9       0       0       0       0       0       0       0       0
Total ram usage:        9 bytes
 Hardware stack levels used:    1
 Hardware stack levels required when called:    5
 This function calls:
		_printf
		_receiveNum
		_send
 This function is called by:
		_modificarCoordenada
		_main
 This function uses a non-reentrant model


 *************** function _receiveNum *****************
 Defined at:
		line 21 in file "Comunicacion.c"
 Parameters:    Size  Location     Type
		None
 Auto vars:     Size  Location     Type
  recibido        1    7[COMRAM] unsigned char 
 Return value:  Size  Location     Type
                  1    wreg      unsigned char 
 Registers used:
		wreg, status,2, status,0, tblptrl, tblptrh, tblptru, cstack
 Tracked objects:
		On entry : 
		On exit  : 
		Unchanged: 
 Data sizes:     COMRAM   BANK0   BANK1   BANK2   BANK3   BANK4   BANK5   BANK6   BANK7
      Params:         0       0       0       0       0       0       0       0       0
      Locals:         1       0       0       0       0       0       0       0       0
      Temps:          0       0       0       0       0       0       0       0       0
      Totals:         1       0       0       0       0       0       0       0       0
Total ram usage:        1 bytes
 Hardware stack levels used:    1
 Hardware stack levels required when called:    4
 This function calls:
		_printf
 This function is called by:
		_introducirCoordNueva
		_modificarCoordenada
		_main
 This function uses a non-reentrant model


 *************** function _imprimirCoordenadas *****************
 Defined at:
		line 55 in file "FuncionesMenu.c"
 Parameters:    Size  Location     Type
		None
 Auto vars:     Size  Location     Type
  impresionCoo    1    8[COMRAM] unsigned char 
  numCoordenad    1    7[COMRAM] unsigned char 
 Return value:  Size  Location     Type
                  1    wreg      void 
 Registers used:
		wreg, fsr2l, fsr2h, status,2, status,0, tblptrl, tblptrh, tblptru, cstack
 Tracked objects:
		On entry : 
		On exit  : 
		Unchanged: 
 Data sizes:     COMRAM   BANK0   BANK1   BANK2   BANK3   BANK4   BANK5   BANK6   BANK7
      Params:         0       0       0       0       0       0       0       0       0
      Locals:         2       0       0       0       0       0       0       0       0
      Temps:          0       0       0       0       0       0       0       0       0
      Totals:         2       0       0       0       0       0       0       0       0
Total ram usage:        2 bytes
 Hardware stack levels used:    1
 Hardware stack levels required when called:    4
 This function calls:
		_printf
		_send
 This function is called by:
		_modificarCoordenada
		_main
 This function uses a non-reentrant model


 *************** function _habilitarIntTMR1 *****************
 Defined at:
		line 42 in file "Interrupciones.c"
 Parameters:    Size  Location     Type
		None
 Auto vars:     Size  Location     Type
		None
 Return value:  Size  Location     Type
                  1    wreg      void 
 Registers used:
		None
 Tracked objects:
		On entry : 
		On exit  : 
		Unchanged: 
 Data sizes:     COMRAM   BANK0   BANK1   BANK2   BANK3   BANK4   BANK5   BANK6   BANK7
      Params:         0       0       0       0       0       0       0       0       0
      Locals:         0       0       0       0       0       0       0       0       0
      Temps:          0       0       0       0       0       0       0       0       0
      Totals:         0       0       0       0       0       0       0       0       0
Total ram usage:        0 bytes
 Hardware stack levels used:    1
 Hardware stack levels required when called:    2
 This function calls:
		Nothing
 This function is called by:
		_main
 This function uses a non-reentrant model


 *************** function _habilitarIntTMR0 *****************
 Defined at:
		line 38 in file "Interrupciones.c"
 Parameters:    Size  Location     Type
		None
 Auto vars:     Size  Location     Type
		None
 Return value:  Size  Location     Type
                  1    wreg      void 
 Registers used:
		None
 Tracked objects:
		On entry : 
		On exit  : 
		Unchanged: 
 Data sizes:     COMRAM   BANK0   BANK1   BANK2   BANK3   BANK4   BANK5   BANK6   BANK7
      Params:         0       0       0       0       0       0       0       0       0
      Locals:         0       0       0       0       0       0       0       0       0
      Temps:          0       0       0       0       0       0       0       0       0
      Totals:         0       0       0       0       0       0       0       0       0
Total ram usage:        0 bytes
 Hardware stack levels used:    1
 Hardware stack levels required when called:    2
 This function calls:
		Nothing
 This function is called by:
		_main
 This function uses a non-reentrant model


 *************** function _borrarTodasCoordenadas *****************
 Defined at:
		line 104 in file "FuncionesMenu.c"
 Parameters:    Size  Location     Type
		None
 Auto vars:     Size  Location     Type
  impresionCoo    1    7[COMRAM] unsigned char 
 Return value:  Size  Location     Type
                  1    wreg      void 
 Registers used:
		wreg, fsr2l, fsr2h, status,2, status,0, tblptrl, tblptrh, tblptru, cstack
 Tracked objects:
		On entry : 
		On exit  : 
		Unchanged: 
 Data sizes:     COMRAM   BANK0   BANK1   BANK2   BANK3   BANK4   BANK5   BANK6   BANK7
      Params:         0       0       0       0       0       0       0       0       0
      Locals:         1       0       0       0       0       0       0       0       0
      Temps:          0       0       0       0       0       0       0       0       0
      Totals:         1       0       0       0       0       0       0       0       0
Total ram usage:        1 bytes
 Hardware stack levels used:    1
 Hardware stack levels required when called:    4
 This function calls:
		_printf
 This function is called by:
		_main
 This function uses a non-reentrant model


 *************** function _printf *****************
 Defined at:
		line 6 in file "Comunicacion.c"
 Parameters:    Size  Location     Type
  PointString     2    2[COMRAM] PTR unsigned char 
		 -> STR_32(75), STR_31(13), STR_30(13), STR_29(13), 
		 -> STR_28(19), STR_27(57), STR_26(13), STR_25(14), 
		 -> STR_24(46), STR_23(44), STR_22(14), STR_21(37), 
		 -> STR_20(212), STR_19(57), STR_18(48), STR_17(31), 
		 -> STR_16(59), STR_15(68), STR_14(46), STR_13(3), 
		 -> STR_12(12), STR_11(32), STR_10(12), STR_9(58), 
		 -> STR_8(41), STR_7(43), STR_6(33), STR_5(33), 
		 -> STR_4(14), STR_3(14), STR_2(113), STR_1(48), 
 Auto vars:     Size  Location     Type
  i               1    6[COMRAM] unsigned char 
 Return value:  Size  Location     Type
                  1    wreg      void 
 Registers used:
		wreg, status,2, status,0, tblptrl, tblptrh, tblptru, cstack
 Tracked objects:
		On entry : 
		On exit  : 
		Unchanged: 
 Data sizes:     COMRAM   BANK0   BANK1   BANK2   BANK3   BANK4   BANK5   BANK6   BANK7
      Params:         2       0       0       0       0       0       0       0       0
      Locals:         1       0       0       0       0       0       0       0       0
      Temps:          2       0       0       0       0       0       0       0       0
      Totals:         5       0       0       0       0       0       0       0       0
Total ram usage:        5 bytes
 Hardware stack levels used:    1
 Hardware stack levels required when called:    3
 This function calls:
		_send
 This function is called by:
		_receiveNum
		_introducirCoordNueva
		_imprimirCoordenadas
		_modificarCoordenada
		_borrarTodasCoordenadas
		_main
 This function uses a non-reentrant model


 *************** function _send *****************
 Defined at:
		line 32 in file "UART.c"
 Parameters:    Size  Location     Type
  enviarpc        1    wreg     unsigned char 
 Auto vars:     Size  Location     Type
  enviarpc        1    1[COMRAM] unsigned char 
 Return value:  Size  Location     Type
                  1    wreg      void 
 Registers used:
		wreg
 Tracked objects:
		On entry : 
		On exit  : 
		Unchanged: 
 Data sizes:     COMRAM   BANK0   BANK1   BANK2   BANK3   BANK4   BANK5   BANK6   BANK7
      Params:         0       0       0       0       0       0       0       0       0
      Locals:         1       0       0       0       0       0       0       0       0
      Temps:          0       0       0       0       0       0       0       0       0
      Totals:         1       0       0       0       0       0       0       0       0
Total ram usage:        1 bytes
 Hardware stack levels used:    1
 Hardware stack levels required when called:    2
 This function calls:
		Nothing
 This function is called by:
		_printf
		_introducirCoordNueva
		_imprimirCoordenadas
		_modificarCoordenada
 This function uses a non-reentrant model


 *************** function _UARTinit *****************
 Defined at:
		line 5 in file "UART.c"
 Parameters:    Size  Location     Type
		None
 Auto vars:     Size  Location     Type
		None
 Return value:  Size  Location     Type
                  1    wreg      void 
 Registers used:
		wreg, status,2
 Tracked objects:
		On entry : 
		On exit  : 
		Unchanged: 
 Data sizes:     COMRAM   BANK0   BANK1   BANK2   BANK3   BANK4   BANK5   BANK6   BANK7
      Params:         0       0       0       0       0       0       0       0       0
      Locals:         0       0       0       0       0       0       0       0       0
      Temps:          0       0       0       0       0       0       0       0       0
      Totals:         0       0       0       0       0       0       0       0       0
Total ram usage:        0 bytes
 Hardware stack levels used:    1
 Hardware stack levels required when called:    2
 This function calls:
		Nothing
 This function is called by:
		_main
 This function uses a non-reentrant model


 *************** function _PWM_DutyCycleCCP2 *****************
 Defined at:
		line 16 in file "PWMCCP2.c"
 Parameters:    Size  Location     Type
  WantedDutyCy    1    wreg     unsigned char 
 Auto vars:     Size  Location     Type
  WantedDutyCy    1   56[COMRAM] unsigned char 
  PWMDutyValue    2   57[COMRAM] unsigned int 
 Return value:  Size  Location     Type
                  1    wreg      void 
 Registers used:
		wreg, status,2, status,0, prodl, prodh, cstack
 Tracked objects:
		On entry : 
		On exit  : 
		Unchanged: 
 Data sizes:     COMRAM   BANK0   BANK1   BANK2   BANK3   BANK4   BANK5   BANK6   BANK7
      Params:         0       0       0       0       0       0       0       0       0
      Locals:         7       0       0       0       0       0       0       0       0
      Temps:          2       0       0       0       0       0       0       0       0
      Totals:         9       0       0       0       0       0       0       0       0
Total ram usage:        9 bytes
 Hardware stack levels used:    1
 Hardware stack levels required when called:    3
 This function calls:
		___flmul
		___fltol
		___xxtofl
 This function is called by:
		_main
 This function uses a non-reentrant model


 *************** function _PWM_DutyCycleCCP1 *****************
 Defined at:
		line 17 in file "PWMCCP1.c"
 Parameters:    Size  Location     Type
  WantedDutyCy    1    wreg     unsigned char 
 Auto vars:     Size  Location     Type
  WantedDutyCy    1   56[COMRAM] unsigned char 
  PWMDutyValue    2   57[COMRAM] unsigned int 
 Return value:  Size  Location     Type
                  1    wreg      void 
 Registers used:
		wreg, status,2, status,0, prodl, prodh, cstack
 Tracked objects:
		On entry : 
		On exit  : 
		Unchanged: 
 Data sizes:     COMRAM   BANK0   BANK1   BANK2   BANK3   BANK4   BANK5   BANK6   BANK7
      Params:         0       0       0       0       0       0       0       0       0
      Locals:         7       0       0       0       0       0       0       0       0
      Temps:          2       0       0       0       0       0       0       0       0
      Totals:         9       0       0       0       0       0       0       0       0
Total ram usage:        9 bytes
 Hardware stack levels used:    1
 Hardware stack levels required when called:    3
 This function calls:
		___flmul
		___fltol
		___xxtofl
 This function is called by:
		_main
 This function uses a non-reentrant model


 *************** function ___xxtofl *****************
 Defined at:
		line 10 in file "C:\Program Files (x86)\Microchip\xc8\v2.10\pic\sources\c99\common\xxtofl.c"
 Parameters:    Size  Location     Type
  sign            1    wreg     unsigned char 
  val             4    1[COMRAM] long 
 Auto vars:     Size  Location     Type
  sign            1    9[COMRAM] unsigned char 
  arg             4   11[COMRAM] unsigned long 
  exp             1   10[COMRAM] unsigned char 
 Return value:  Size  Location     Type
                  4    1[COMRAM] unsigned char 
 Registers used:
		wreg, status,2, status,0
 Tracked objects:
		On entry : 
		On exit  : 
		Unchanged: 
 Data sizes:     COMRAM   BANK0   BANK1   BANK2   BANK3   BANK4   BANK5   BANK6   BANK7
      Params:         4       0       0       0       0       0       0       0       0
      Locals:         6       0       0       0       0       0       0       0       0
      Temps:          4       0       0       0       0       0       0       0       0
      Totals:        14       0       0       0       0       0       0       0       0
Total ram usage:       14 bytes
 Hardware stack levels used:    1
 Hardware stack levels required when called:    2
 This function calls:
		Nothing
 This function is called by:
		_PWM_DutyCycleCCP2
		_PWM_DutyCycleCCP1
 This function uses a non-reentrant model


 *************** function ___fltol *****************
 Defined at:
		line 43 in file "C:\Program Files (x86)\Microchip\xc8\v2.10\pic\sources\c99\common\fltol.c"
 Parameters:    Size  Location     Type
  f1              4   40[COMRAM] unsigned char 
 Auto vars:     Size  Location     Type
  exp1            1   49[COMRAM] unsigned char 
  sign1           1   48[COMRAM] unsigned char 
 Return value:  Size  Location     Type
                  4   40[COMRAM] long 
 Registers used:
		wreg, status,2, status,0
 Tracked objects:
		On entry : 
		On exit  : 
		Unchanged: 
 Data sizes:     COMRAM   BANK0   BANK1   BANK2   BANK3   BANK4   BANK5   BANK6   BANK7
      Params:         4       0       0       0       0       0       0       0       0
      Locals:         2       0       0       0       0       0       0       0       0
      Temps:          4       0       0       0       0       0       0       0       0
      Totals:        10       0       0       0       0       0       0       0       0
Total ram usage:       10 bytes
 Hardware stack levels used:    1
 Hardware stack levels required when called:    2
 This function calls:
		Nothing
 This function is called by:
		_PWM_DutyCycleCCP2
		_PWM_DutyCycleCCP1
 This function uses a non-reentrant model


 *************** function ___flmul *****************
 Defined at:
		line 8 in file "C:\Program Files (x86)\Microchip\xc8\v2.10\pic\sources\c99\common\sprcmul.c"
 Parameters:    Size  Location     Type
  b               4   15[COMRAM] long 
  a               4   19[COMRAM] long 
 Auto vars:     Size  Location     Type
  prod            4   34[COMRAM] struct .
  grs             4   28[COMRAM] unsigned long 
  temp            2   38[COMRAM] struct .
  bexp            1   33[COMRAM] unsigned char 
  aexp            1   32[COMRAM] unsigned char 
  sign            1   27[COMRAM] unsigned char 
 Return value:  Size  Location     Type
                  4   15[COMRAM] unsigned char 
 Registers used:
		wreg, status,2, status,0, prodl, prodh
 Tracked objects:
		On entry : 
		On exit  : 
		Unchanged: 
 Data sizes:     COMRAM   BANK0   BANK1   BANK2   BANK3   BANK4   BANK5   BANK6   BANK7
      Params:         8       0       0       0       0       0       0       0       0
      Locals:        13       0       0       0       0       0       0       0       0
      Temps:          4       0       0       0       0       0       0       0       0
      Totals:        25       0       0       0       0       0       0       0       0
Total ram usage:       25 bytes
 Hardware stack levels used:    1
 Hardware stack levels required when called:    2
 This function calls:
		Nothing
 This function is called by:
		_PWM_DutyCycleCCP2
		_PWM_DutyCycleCCP1
 This function uses a non-reentrant model


 *************** function _PWM_CCP2_init *****************
 Defined at:
		line 4 in file "PWMCCP2.c"
 Parameters:    Size  Location     Type
		None
 Auto vars:     Size  Location     Type
		None
 Return value:  Size  Location     Type
                  1    wreg      void 
 Registers used:
		wreg, status,2
 Tracked objects:
		On entry : 
		On exit  : 
		Unchanged: 
 Data sizes:     COMRAM   BANK0   BANK1   BANK2   BANK3   BANK4   BANK5   BANK6   BANK7
      Params:         0       0       0       0       0       0       0       0       0
      Locals:         0       0       0       0       0       0       0       0       0
      Temps:          0       0       0       0       0       0       0       0       0
      Totals:         0       0       0       0       0       0       0       0       0
Total ram usage:        0 bytes
 Hardware stack levels used:    1
 Hardware stack levels required when called:    2
 This function calls:
		Nothing
 This function is called by:
		_main
 This function uses a non-reentrant model


 *************** function _PWM_CCP1_init *****************
 Defined at:
		line 5 in file "PWMCCP1.c"
 Parameters:    Size  Location     Type
		None
 Auto vars:     Size  Location     Type
		None
 Return value:  Size  Location     Type
                  1    wreg      void 
 Registers used:
		wreg, status,2
 Tracked objects:
		On entry : 
		On exit  : 
		Unchanged: 
 Data sizes:     COMRAM   BANK0   BANK1   BANK2   BANK3   BANK4   BANK5   BANK6   BANK7
      Params:         0       0       0       0       0       0       0       0       0
      Locals:         0       0       0       0       0       0       0       0       0
      Temps:          0       0       0       0       0       0       0       0       0
      Totals:         0       0       0       0       0       0       0       0       0
Total ram usage:        0 bytes
 Hardware stack levels used:    1
 Hardware stack levels required when called:    2
 This function calls:
		Nothing
 This function is called by:
		_main
 This function uses a non-reentrant model


 *************** function _low_isr *****************
 Defined at:
		line 38 in file "main.c"
 Parameters:    Size  Location     Type
		None
 Auto vars:     Size  Location     Type
		None
 Return value:  Size  Location     Type
                  1    wreg      void 
 Registers used:
		None
 Tracked objects:
		On entry : 
		On exit  : 
		Unchanged: 
 Data sizes:     COMRAM   BANK0   BANK1   BANK2   BANK3   BANK4   BANK5   BANK6   BANK7
      Params:         0       0       0       0       0       0       0       0       0
      Locals:         0       0       0       0       0       0       0       0       0
      Temps:          1       0       0       0       0       0       0       0       0
      Totals:         1       0       0       0       0       0       0       0       0
Total ram usage:        1 bytes
 Hardware stack levels used:    1
 Hardware stack levels required when called:    1
 This function calls:
		Nothing
 This function is called by:
		Interrupt level 1
 This function uses a non-reentrant model


 *************** function _high_isr *****************
 Defined at:
		line 33 in file "main.c"
 Parameters:    Size  Location     Type
		None
 Auto vars:     Size  Location     Type
		None
 Return value:  Size  Location     Type
                  1    wreg      void 
 Registers used:
		None
 Tracked objects:
		On entry : 
		On exit  : 
		Unchanged: 
 Data sizes:     COMRAM   BANK0   BANK1   BANK2   BANK3   BANK4   BANK5   BANK6   BANK7
      Params:         0       0       0       0       0       0       0       0       0
      Locals:         0       0       0       0       0       0       0       0       0
      Temps:          0       0       0       0       0       0       0       0       0
      Totals:         0       0       0       0       0       0       0       0       0
Total ram usage:        0 bytes
 Hardware stack levels used:    1
 This function calls:
		Nothing
 This function is called by:
		Interrupt level 2
 This function uses a non-reentrant model



MODULE INFORMATION

Module		Function		Class		Link	Load	Size
UART.c
		_UARTinit      		CODE           	11EC	0000	27
		_receive       		CODE           	11D2	0000	27
		_send          		CODE           	1232	0000	23

UART.c estimated size: 77

C:\Program Files (x86)\Microchip\xc8\v2.10\pic\sources\c99\common\xxtofl.c
		___xxtofl      		CODE           	09B0	0000	437

C:\Program Files (x86)\Microchip\xc8\v2.10\pic\sources\c99\common\xxtofl.c estimated size: 437

PWMCCP1.c
		_PWM_CCP1_init 		CODE           	1178	0000	35
		_PWM_DutyCycleCCP1		CODE           	0EF2	0000	181

PWMCCP1.c estimated size: 216

C:\Program Files (x86)\Microchip\xc8\v2.10\pic\sources\c99\common\fltol.c
		___fltol       		CODE           	0C80	0000	263

C:\Program Files (x86)\Microchip\xc8\v2.10\pic\sources\c99\common\fltol.c estimated size: 263

FuncionesMenu.c
		_imprimirCoordenadas		CODE           	0B64	0000	285
		_introducirCoordNueva		CODE           	0456	0000	743
		_modificarCoordenada		CODE           	0FA6	0000	175
		_borrarTodasCoordenadas		CODE           	0D86	0000	185

FuncionesMenu.c estimated size: 1388

C:\Program Files (x86)\Microchip\xc8\v2.10\pic\sources\c99\common\sprcmul.c
		___flmul       		CODE           	002C	0000	1067

C:\Program Files (x86)\Microchip\xc8\v2.10\pic\sources\c99\common\sprcmul.c estimated size: 1067

Timers.c
		_tmr0Init      		CODE           	1206	0000	23
		_tmr1Init      		CODE           	11B8	0000	27

Timers.c estimated size: 50

Interrupciones.c
		_habilitarIntTMR0		CODE           	126C	0000	5
		_habilitarIntTMR1		CODE           	1268	0000	5

Interrupciones.c estimated size: 10

Gpio.c
		_portInit      		CODE           	1256	0000	11
		_motorXinit    		CODE           	121C	0000	23
		_motorYinit    		CODE           	1248	0000	15

Gpio.c estimated size: 49

shared
		__initialization		CODE           	1152	0000	25

shared estimated size: 25

Comunicacion.c
		_receiveNum    		CODE           	1054	0000	111
		_scanf         		CODE           	1122	0000	49
		_printf        		CODE           	10C2	0000	97

Comunicacion.c estimated size: 257

PWMCCP2.c
		_PWM_CCP2_init 		CODE           	119A	0000	31
		_PWM_DutyCycleCCP2		CODE           	0E3E	0000	181

PWMCCP2.c estimated size: 212

main.c
		_main          		CODE           	073C	0000	629
		_high_isr      		CODE           	0008	0000	15
		_low_isr       		CODE           	0018	0000	17

main.c estimated size: 661

