Microchip MPLAB XC8 Compiler V2.10 ()

Linker command line:

-W-3 --edf=C:\Program Files (x86)\Microchip\xc8\v2.10\pic\dat\en_msgs.txt \
  -cs -h+dist/default/production\SPARC_4550.X.production.sym \
  --cmf=dist/default/production\SPARC_4550.X.production.cmf -z -Q18F4550 \
  -oC:\Users\ALEJAN~1\AppData\Local\Temp\sgg0.2 --defsym=__MPLAB_BUILD=1 \
  -Mdist/default/production/SPARC_4550.X.production.map -E1 -ver=XC8 \
  --acfsm=1493 -ASTACK=060h-07FFh -pstack=STACK -ACODE=00h-07FFFh \
  -ACONST=00h-07FFFh -ASMALLCONST=0800h-08FFhx120 \
  -AMEDIUMCONST=0800h-07FFFh -ACOMRAM=01h-05Fh -AABS1=00h-07FFh \
  -ABIGRAM=01h-07FFh -ARAM=060h-0FFh,0100h-01FFhx7 -ABANK0=060h-0FFh \
  -ABANK1=0100h-01FFh -ABANK2=0200h-02FFh -ABANK3=0300h-03FFh \
  -ABANK4=0400h-04FFh -ABANK5=0500h-05FFh -ABANK6=0600h-06FFh \
  -ABANK7=0700h-07FFh -ASFR=0F60h-0FFFh \
  -preset_vec=00h,intcode=08h,intcodelo=018h,powerup,init -pramtop=0800h \
  -psmallconst=SMALLCONST -pmediumconst=MEDIUMCONST -pconst=CONST \
  -AFARRAM=00h-00h -ACONFIG=0300000h-030000Dh -pconfig=CONFIG \
  -AIDLOC=0200000h-0200007h -pidloc=IDLOC -AEEDATA=0F00000h-0F000FFh \
  -peeprom_data=EEDATA \
  -prdata=COMRAM,nvrram=COMRAM,nvbit=COMRAM,rbss=COMRAM,rbit=COMRAM \
  -pfarbss=FARRAM,fardata=FARRAM,nvFARRAM=FARRAM \
  -pintsave_regs=BIGRAM,bigbss=BIGRAM,bigdata=BIGRAM -pbss=RAM \
  -pidata=CODE,irdata=CODE,ibigdata=CODE,ifardata=CODE -prparam=COMRAM \
  C:\Users\ALEJAN~1\AppData\Local\Temp\sgg0.o \
  dist/default/production\SPARC_4550.X.production.o 

Object code version is 3.11

Machine type is 18F4550

Call graph: (short form)




                Name                               Link     Load   Length Selector   Space Scale
C:\Users\ALEJAN~1\AppData\Local\Temp\sgg0.o
                init                                 28       28        4        C       0
                reset_vec                             0        0        4        0       0
                idloc                            200000   200000        8   200000       0
                config                           300000   300000        E   300000       0
dist/default/production\SPARC_4550.X.production.o
                intcodelo                            18       18       10        C       0
                intcode                               8        8        6        4       0
                temp                                 12       12        1        1       1
                mediumconst                        7ED8     7ED8      128     3F6C       0
                intcode_body                        288      288        8        C       0
                text6                               23E      23E       1A        C       0
                text5                               27C      27C        C        C       0
                text4                               258      258       16        C       0
                text3                               194      194       60        C       0
                text2                               224      224       1A        C       0
                text1                               1F4      1F4       30        C       0
                text0                                2C       2C      168        C       0
                cstackCOMRAM                          1        1       11        1       1
                cinit                               26E      26E        E        C       0

TOTAL           Name                               Link     Load   Length     Space
        CLASS   STACK          

        CLASS   CODE           
                intcodelo                            18       18       10         0
                intcode                               8        8        6         0
                init                                 28       28        4         0
                reset_vec                             0        0        4         0
                intcode_body                        288      288        8         0
                text6                               23E      23E       1A         0
                text5                               27C      27C        C         0
                text4                               258      258       16         0
                text3                               194      194       60         0
                text2                               224      224       1A         0
                text1                               1F4      1F4       30         0
                text0                                2C       2C      168         0
                cinit                               26E      26E        E         0

        CLASS   CONST          

        CLASS   SMALLCONST     

        CLASS   MEDIUMCONST    
                mediumconst                        7ED8     7ED8      128         0

        CLASS   COMRAM         
                temp                                 12       12        1         1
                cstackCOMRAM                          1        1       11         1

        CLASS   ABS1           

        CLASS   BIGRAM         

        CLASS   RAM            

        CLASS   BANK0          

        CLASS   BANK1          

        CLASS   BANK2          

        CLASS   BANK3          

        CLASS   BANK4          

        CLASS   BANK5          

        CLASS   BANK6          

        CLASS   BANK7          

        CLASS   SFR            

        CLASS   FARRAM         

        CLASS   CONFIG         
                config                           300000   300000        E         0

        CLASS   IDLOC          
                idloc                            200000   200000        8         0

        CLASS   EEDATA         



SEGMENTS        Name                           Load    Length   Top    Selector   Space  Class

                reset_vec                      000000  000004  000004         0       0  CODE    
                cstackCOMRAM                   000001  000012  000013         1       1  COMRAM  
                intcode                        000008  000006  00000E         4       0  CODE    
                intcodelo                      000018  000278  000290         C       0  CODE    
                mediumconst                    007ED8  000128  008000      3F6C       0  MEDIUMCO
                idloc                          200000  000008  200008    200000       0  IDLOC   
                config                         300000  00000E  30000E    300000       0  CONFIG  


UNUSED ADDRESS RANGES

        Name                Unused          Largest block    Delta
        BANK0            000060-0000FF               A0
        BANK1            000100-0001FF              100
        BANK2            000200-0002FF              100
        BANK3            000300-0003FF              100
        BANK4            000400-0004FF              100
        BANK5            000500-0005FF              100
        BANK6            000600-0006FF              100
        BANK7            000700-0007FF              100
        BIGRAM           000013-0007FF              7ED
        CODE             000004-000007                4
                         00000E-000017                A
                         000290-007ED7             7C48
        COMRAM           000013-00005F               4D
        CONST            000004-000007                4
                         00000E-000017                A
                         000290-007ED7             7C48
        EEDATA           F00000-F000FF              100
        MEDIUMCONST      000800-007ED7             76D8
        RAM              000060-0007FF              100
        SFR              000F60-000FFF               A0
        SMALLCONST       000800-007ED7              100
        STACK            000060-0007FF              7A0

                                  Symbol Table

_ADCON1bits              (abs)        000FC1
_BAUDCONbits             (abs)        000FB8
_OSCCON                  (abs)        000FD3
_PIR1bits                (abs)        000F9E
_RCREG1                  (abs)        000FAE
_RCSTA1bits              (abs)        000FAB
_SPBRG                   (abs)        000FAF
_TRISBbits               (abs)        000F93
_TRISCbits               (abs)        000F94
_TXREG1                  (abs)        000FAD
_TXSTA1bits              (abs)        000FAC
_UARTinit                text6        00023E
__CFG_FOSC$INTOSC_EC     (abs)        000000
__CFG_LVP$OFF            (abs)        000000
__CFG_MCLRE$OFF          (abs)        000000
__HRAM                   (abs)        000000
__Habs1                  abs1         000000
__Hbank0                 bank0        000000
__Hbank1                 bank1        000000
__Hbank2                 bank2        000000
__Hbank3                 bank3        000000
__Hbank4                 bank4        000000
__Hbank5                 bank5        000000
__Hbank6                 bank6        000000
__Hbank7                 bank7        000000
__Hbigbss                bigbss       000000
__Hbigdata               bigdata      000000
__Hbigram                bigram       000000
__Hbss                   bss          000000
__Hcinit                 cinit        000000
__Hclrtext               clrtext      000000
__Hcomram                comram       000000
__Hconfig                config       30000E
__Hconst                 const        000000
__HcstackCOMRAM          cstackCOMRAM 000000
__Hdata                  data         000000
__Heeprom_data           eeprom_data  000000
__Hfarbss                farbss       000000
__Hfardata               fardata      000000
__Hibigdata              ibigdata     000000
__Hidata                 idata        000000
__Hidloc                 idloc        200008
__Hifardata              ifardata     000000
__Hinit                  init         00002C
__Hintcode               intcode      00000E
__Hintcode_body          intcode_body 000000
__Hintcodelo             intcodelo    000028
__Hintentry              intentry     000000
__Hintret                intret       000000
__Hintsave_regs          intsave_regs 000000
__Hirdata                irdata       000000
__Hmediumconst           mediumconst  008000
__HnvFARRAM              nvFARRAM     000000
__Hnvbit                 nvbit        000000
__Hnvrram                nvrram       000000
__Hparam                 rparam       000000
__Hpowerup               powerup      000028
__Hram                   ram          000000
__Hramtop                ramtop       000800
__Hrbit                  rbit         000000
__Hrbss                  rbss         000000
__Hrdata                 rdata        000000
__Hreset_vec             reset_vec    000004
__Hrparam                rparam       000000
__Hsfr                   sfr          000000
__Hsmallconst            smallconst   000000
__Hspace_0               (abs)        30000E
__Hspace_1               (abs)        000013
__Hspace_2               (abs)        000000
__Hstack                 stack        000000
__Hstruct                struct       000000
__Htemp                  temp         000013
__Htext                  text         000000
__Htext0                 text0        000000
__Htext1                 text1        000000
__Htext2                 text2        000000
__Htext3                 text3        000000
__Htext4                 text4        000000
__Htext5                 text5        000000
__Htext6                 text6        000000
__LRAM                   (abs)        000001
__Labs1                  abs1         000000
__Lbank0                 bank0        000000
__Lbank1                 bank1        000000
__Lbank2                 bank2        000000
__Lbank3                 bank3        000000
__Lbank4                 bank4        000000
__Lbank5                 bank5        000000
__Lbank6                 bank6        000000
__Lbank7                 bank7        000000
__Lbigbss                bigbss       000000
__Lbigdata               bigdata      000000
__Lbigram                bigram       000000
__Lbss                   bss          000000
__Lcinit                 cinit        000000
__Lclrtext               clrtext      000000
__Lcomram                comram       000000
__Lconfig                config       300000
__Lconst                 const        000000
__LcstackCOMRAM          cstackCOMRAM 000000
__Ldata                  data         000000
__Leeprom_data           eeprom_data  000000
__Lfarbss                farbss       000000
__Lfardata               fardata      000000
__Libigdata              ibigdata     000000
__Lidata                 idata        000000
__Lidloc                 idloc        200000
__Lifardata              ifardata     000000
__Linit                  init         000028
__Lintcode               intcode      000008
__Lintcode_body          intcode_body 000000
__Lintcodelo             intcodelo    000018
__Lintentry              intentry     000000
__Lintret                intret       000000
__Lintsave_regs          intsave_regs 000000
__Lirdata                irdata       000000
__Lmediumconst           mediumconst  007ED8
__LnvFARRAM              nvFARRAM     000000
__Lnvbit                 nvbit        000000
__Lnvrram                nvrram       000000
__Lparam                 rparam       000000
__Lpowerup               powerup      000028
__Lram                   ram          000000
__Lramtop                ramtop       000800
__Lrbit                  rbit         000000
__Lrbss                  rbss         000000
__Lrdata                 rdata        000000
__Lreset_vec             reset_vec    000000
__Lrparam                rparam       000000
__Lsfr                   sfr          000000
__Lsmallconst            smallconst   000000
__Lspace_0               (abs)        000000
__Lspace_1               (abs)        000000
__Lspace_2               (abs)        000000
__Lstack                 stack        000000
__Lstruct                struct       000000
__Ltemp                  temp         000012
__Ltext                  text         000000
__Ltext0                 text0        000000
__Ltext1                 text1        000000
__Ltext2                 text2        000000
__Ltext3                 text3        000000
__Ltext4                 text4        000000
__Ltext5                 text5        000000
__Ltext6                 text6        000000
__S0                     (abs)        30000E
__S1                     (abs)        000013
__S2                     (abs)        000000
___inthi_sp              stack        000000
___intlo_sp              stack        000000
___param_bank            (abs)        000000
___rparam_used           (abs)        000001
___sp                    stack        000000
__accesstop              (abs)        000060
__activetblptr           (abs)        000002
__end_of_UARTinit        text6        000258
__end_of__initialization cinit        00026E
__end_of_high_isr        intcode_body 000290
__end_of_low_isr         intcodelo    000028
__end_of_main            text0        000194
__end_of_portInit        text5        000288
__end_of_printf          text3        0001F4
__end_of_receive         text2        00023E
__end_of_scanf           text1        000224
__end_of_send            text4        00026E
__initialization         cinit        00026E
__mediumconst            mediumconst  007ED8
__pcinit                 cinit        00026E
__pcstackCOMRAM          cstackCOMRAM 000001
__pintcode               intcode      000008
__pintcode_body          intcode_body 000288
__pintcodelo             intcodelo    000018
__pmediumconst           mediumconst  007ED8
__ptext0                 text0        00002C
__ptext1                 text1        0001F4
__ptext2                 text2        000224
__ptext3                 text3        000194
__ptext4                 text4        000258
__ptext5                 text5        00027C
__ptext6                 text6        00023E
__ramtop                 ramtop       000800
__size_of_UARTinit       (abs)        000000
__size_of_high_isr       (abs)        000000
__size_of_low_isr        (abs)        000000
__size_of_main           (abs)        000000
__size_of_portInit       (abs)        000000
__size_of_printf         (abs)        000000
__size_of_receive        (abs)        000000
__size_of_scanf          (abs)        000000
__size_of_send           (abs)        000000
__smallconst             smallconst   000000
_high_isr                intcode      000008
_low_isr                 intcodelo    000018
_main                    text0        00002C
_portInit                text5        00027C
_printf                  text3        000194
_receive                 text2        000224
_scanf                   text1        0001F4
_send                    text4        000258
btemp                    temp         000012
end_of_initialization    cinit        00026E
int$flags                temp         000012
int_func                 intcode_body 000288
intlevel0                text         000000
intlevel1                text         000000
intlevel2                text         000000
intlevel3                text         000000
main@activarmenu         cstackCOMRAM 00000C
main@opcionsel           cstackCOMRAM 000011
main@pActMenu            cstackCOMRAM 00000A
main@tamanoarray         cstackCOMRAM 000008
printf@PointString       cstackCOMRAM 000003
printf@i                 cstackCOMRAM 000007
receive@recibido         cstackCOMRAM 000002
scanf@guardarscan        cstackCOMRAM 000003
scanf@i                  cstackCOMRAM 000006
scanf@numcaracteres      cstackCOMRAM 000005
send@enviarpc            cstackCOMRAM 000002
stackhi                  (abs)        0007FF
stacklo                  (abs)        000060
start                    init         000028
start_initialization     cinit        00026E
ttemp5                   temp         000013
ttemp6                   temp         000016
ttemp7                   temp         00001A
wtemp8                   temp         000013


FUNCTION INFORMATION:

 *************** function _main *****************
 Defined at:
		line 15 in file "PruebaSparc.c"
 Parameters:    Size  Location     Type
		None
 Auto vars:     Size  Location     Type
  opcionsel       1   16[COMRAM] unsigned char 
  activarmenu     5   11[COMRAM] unsigned char [5]
  pActMenu        2    9[COMRAM] PTR unsigned char 
		 -> main@activarmenu(5), 
  desechable      1    0        unsigned char 
  tamanoarray     1    7[COMRAM] unsigned char 
 Return value:  Size  Location     Type
                  1    wreg      void 
 Registers used:
		wreg, fsr2l, fsr2h, status,2, status,0, tblptrl, tblptrh, tblptru, cstack
 Tracked objects:
		On entry : 
		On exit  : 
		Unchanged: 
 Data sizes:     COMRAM   BANK0   BANK1   BANK2   BANK3   BANK4   BANK5   BANK6   BANK7
      Params:         0       0       0       0       0       0       0       0       0
      Locals:        10       0       0       0       0       0       0       0       0
      Temps:          0       0       0       0       0       0       0       0       0
      Totals:        10       0       0       0       0       0       0       0       0
Total ram usage:       10 bytes
 Hardware stack levels required when called:    4
 This function calls:
		_UARTinit
		_portInit
		_printf
		_receive
		_scanf
 This function is called by:
		Startup code after reset
 This function uses a non-reentrant model


 *************** function _scanf *****************
 Defined at:
		line 47 in file "UART.c"
 Parameters:    Size  Location     Type
  guardarscan     2    2[COMRAM] PTR unsigned char 
		 -> main@activarmenu(5), 
  numcaractere    1    4[COMRAM] unsigned char 
 Auto vars:     Size  Location     Type
  i               1    5[COMRAM] unsigned char 
 Return value:  Size  Location     Type
                  1    wreg      void 
 Registers used:
		wreg, fsr2l, fsr2h, status,2, status,0, cstack
 Tracked objects:
		On entry : 
		On exit  : 
		Unchanged: 
 Data sizes:     COMRAM   BANK0   BANK1   BANK2   BANK3   BANK4   BANK5   BANK6   BANK7
      Params:         3       0       0       0       0       0       0       0       0
      Locals:         1       0       0       0       0       0       0       0       0
      Temps:          0       0       0       0       0       0       0       0       0
      Totals:         4       0       0       0       0       0       0       0       0
Total ram usage:        4 bytes
 Hardware stack levels used:    1
 Hardware stack levels required when called:    3
 This function calls:
		_receive
 This function is called by:
		_main
 This function uses a non-reentrant model


 *************** function _receive *****************
 Defined at:
		line 21 in file "UART.c"
 Parameters:    Size  Location     Type
		None
 Auto vars:     Size  Location     Type
  recibido        1    1[COMRAM] unsigned char 
 Return value:  Size  Location     Type
                  1    wreg      unsigned char 
 Registers used:
		wreg, status,2
 Tracked objects:
		On entry : 
		On exit  : 
		Unchanged: 
 Data sizes:     COMRAM   BANK0   BANK1   BANK2   BANK3   BANK4   BANK5   BANK6   BANK7
      Params:         0       0       0       0       0       0       0       0       0
      Locals:         1       0       0       0       0       0       0       0       0
      Temps:          0       0       0       0       0       0       0       0       0
      Totals:         1       0       0       0       0       0       0       0       0
Total ram usage:        1 bytes
 Hardware stack levels used:    1
 Hardware stack levels required when called:    2
 This function calls:
		Nothing
 This function is called by:
		_main
		_scanf
 This function uses a non-reentrant model


 *************** function _printf *****************
 Defined at:
		line 38 in file "UART.c"
 Parameters:    Size  Location     Type
  PointString     2    2[COMRAM] PTR unsigned char 
		 -> STR_8(75), STR_7(13), STR_6(13), STR_5(13), 
		 -> STR_4(13), STR_3(37), STR_2(72), STR_1(57), 
 Auto vars:     Size  Location     Type
  i               1    6[COMRAM] unsigned char 
 Return value:  Size  Location     Type
                  1    wreg      void 
 Registers used:
		wreg, status,2, status,0, tblptrl, tblptrh, tblptru, cstack
 Tracked objects:
		On entry : 
		On exit  : 
		Unchanged: 
 Data sizes:     COMRAM   BANK0   BANK1   BANK2   BANK3   BANK4   BANK5   BANK6   BANK7
      Params:         2       0       0       0       0       0       0       0       0
      Locals:         1       0       0       0       0       0       0       0       0
      Temps:          2       0       0       0       0       0       0       0       0
      Totals:         5       0       0       0       0       0       0       0       0
Total ram usage:        5 bytes
 Hardware stack levels used:    1
 Hardware stack levels required when called:    3
 This function calls:
		_send
 This function is called by:
		_main
 This function uses a non-reentrant model


 *************** function _send *****************
 Defined at:
		line 31 in file "UART.c"
 Parameters:    Size  Location     Type
  enviarpc        1    wreg     unsigned char 
 Auto vars:     Size  Location     Type
  enviarpc        1    1[COMRAM] unsigned char 
 Return value:  Size  Location     Type
                  1    wreg      void 
 Registers used:
		wreg
 Tracked objects:
		On entry : 
		On exit  : 
		Unchanged: 
 Data sizes:     COMRAM   BANK0   BANK1   BANK2   BANK3   BANK4   BANK5   BANK6   BANK7
      Params:         0       0       0       0       0       0       0       0       0
      Locals:         1       0       0       0       0       0       0       0       0
      Temps:          0       0       0       0       0       0       0       0       0
      Totals:         1       0       0       0       0       0       0       0       0
Total ram usage:        1 bytes
 Hardware stack levels used:    1
 Hardware stack levels required when called:    2
 This function calls:
		Nothing
 This function is called by:
		_printf
 This function uses a non-reentrant model


 *************** function _portInit *****************
 Defined at:
		line 11 in file "Gpio.c"
 Parameters:    Size  Location     Type
		None
 Auto vars:     Size  Location     Type
		None
 Return value:  Size  Location     Type
                  1    wreg      void 
 Registers used:
		wreg, status,2
 Tracked objects:
		On entry : 
		On exit  : 
		Unchanged: 
 Data sizes:     COMRAM   BANK0   BANK1   BANK2   BANK3   BANK4   BANK5   BANK6   BANK7
      Params:         0       0       0       0       0       0       0       0       0
      Locals:         0       0       0       0       0       0       0       0       0
      Temps:          0       0       0       0       0       0       0       0       0
      Totals:         0       0       0       0       0       0       0       0       0
Total ram usage:        0 bytes
 Hardware stack levels used:    1
 Hardware stack levels required when called:    2
 This function calls:
		Nothing
 This function is called by:
		_main
 This function uses a non-reentrant model


 *************** function _UARTinit *****************
 Defined at:
		line 5 in file "UART.c"
 Parameters:    Size  Location     Type
		None
 Auto vars:     Size  Location     Type
		None
 Return value:  Size  Location     Type
                  1    wreg      void 
 Registers used:
		wreg, status,2
 Tracked objects:
		On entry : 
		On exit  : 
		Unchanged: 
 Data sizes:     COMRAM   BANK0   BANK1   BANK2   BANK3   BANK4   BANK5   BANK6   BANK7
      Params:         0       0       0       0       0       0       0       0       0
      Locals:         0       0       0       0       0       0       0       0       0
      Temps:          0       0       0       0       0       0       0       0       0
      Totals:         0       0       0       0       0       0       0       0       0
Total ram usage:        0 bytes
 Hardware stack levels used:    1
 Hardware stack levels required when called:    2
 This function calls:
		Nothing
 This function is called by:
		_main
 This function uses a non-reentrant model


 *************** function _low_isr *****************
 Defined at:
		line 11 in file "PruebaSparc.c"
 Parameters:    Size  Location     Type
		None
 Auto vars:     Size  Location     Type
		None
 Return value:  Size  Location     Type
                  1    wreg      void 
 Registers used:
		None
 Tracked objects:
		On entry : 
		On exit  : 
		Unchanged: 
 Data sizes:     COMRAM   BANK0   BANK1   BANK2   BANK3   BANK4   BANK5   BANK6   BANK7
      Params:         0       0       0       0       0       0       0       0       0
      Locals:         0       0       0       0       0       0       0       0       0
      Temps:          1       0       0       0       0       0       0       0       0
      Totals:         1       0       0       0       0       0       0       0       0
Total ram usage:        1 bytes
 Hardware stack levels used:    1
 Hardware stack levels required when called:    1
 This function calls:
		Nothing
 This function is called by:
		Interrupt level 1
 This function uses a non-reentrant model


 *************** function _high_isr *****************
 Defined at:
		line 7 in file "PruebaSparc.c"
 Parameters:    Size  Location     Type
		None
 Auto vars:     Size  Location     Type
		None
 Return value:  Size  Location     Type
                  1    wreg      void 
 Registers used:
		None
 Tracked objects:
		On entry : 
		On exit  : 
		Unchanged: 
 Data sizes:     COMRAM   BANK0   BANK1   BANK2   BANK3   BANK4   BANK5   BANK6   BANK7
      Params:         0       0       0       0       0       0       0       0       0
      Locals:         0       0       0       0       0       0       0       0       0
      Temps:          0       0       0       0       0       0       0       0       0
      Totals:         0       0       0       0       0       0       0       0       0
Total ram usage:        0 bytes
 Hardware stack levels used:    1
 This function calls:
		Nothing
 This function is called by:
		Interrupt level 2
 This function uses a non-reentrant model



MODULE INFORMATION

Module		Function		Class		Link	Load	Size
UART.c
		_UARTinit      		CODE           	023E	0000	27
		_receive       		CODE           	0224	0000	27
		_scanf         		CODE           	01F4	0000	49
		_printf        		CODE           	0194	0000	97
		_send          		CODE           	0258	0000	23

UART.c estimated size: 223

Gpio.c
		_portInit      		CODE           	027C	0000	13

Gpio.c estimated size: 13

shared
		__initialization		CODE           	026E	0000	1

shared estimated size: 1

PruebaSparc.c
		_main          		CODE           	002C	0000	361
		_high_isr      		CODE           	0008	0000	15
		_low_isr       		CODE           	0018	0000	17

PruebaSparc.c estimated size: 393

