Microchip MPLAB XC8 Compiler V2.10 ()

Linker command line:

-W-3 --edf=C:\Program Files (x86)\Microchip\xc8\v2.10\pic\dat\en_msgs.txt \
  -cs -h+dist/default/production\SPARC_4550.X.production.sym \
  --cmf=dist/default/production\SPARC_4550.X.production.cmf -z -Q18F4550 \
  -oC:\Users\ALEJAN~1\AppData\Local\Temp\s4v0.2 --defsym=__MPLAB_BUILD=1 \
  -Mdist/default/production/SPARC_4550.X.production.map -E1 -ver=XC8 \
  --acfsm=1493 -ASTACK=0A5h-07FFh -pstack=STACK -ACODE=00h-07FFFh \
  -ACONST=00h-07FFFh -ASMALLCONST=0800h-08FFhx120 \
  -AMEDIUMCONST=0800h-07FFFh -ACOMRAM=01h-05Fh -AABS1=00h-07FFh \
  -ABIGRAM=01h-07FFh -ARAM=060h-0FFh,0100h-01FFhx7 -ABANK0=060h-0FFh \
  -ABANK1=0100h-01FFh -ABANK2=0200h-02FFh -ABANK3=0300h-03FFh \
  -ABANK4=0400h-04FFh -ABANK5=0500h-05FFh -ABANK6=0600h-06FFh \
  -ABANK7=0700h-07FFh -ASFR=0F60h-0FFFh \
  -preset_vec=00h,intcode=08h,intcodelo=018h,powerup,init -pramtop=0800h \
  -psmallconst=SMALLCONST -pmediumconst=MEDIUMCONST -pconst=CONST \
  -AFARRAM=00h-00h -ACONFIG=0300000h-030000Dh -pconfig=CONFIG \
  -AIDLOC=0200000h-0200007h -pidloc=IDLOC -AEEDATA=0F00000h-0F000FFh \
  -peeprom_data=EEDATA \
  -prdata=COMRAM,nvrram=COMRAM,nvbit=COMRAM,rbss=COMRAM,rbit=COMRAM \
  -pfarbss=FARRAM,fardata=FARRAM,nvFARRAM=FARRAM \
  -pintsave_regs=BIGRAM,bigbss=BIGRAM,bigdata=BIGRAM -pbss=RAM \
  -pidata=CODE,irdata=CODE,ibigdata=CODE,ifardata=CODE -prparam=COMRAM \
  C:\Users\ALEJAN~1\AppData\Local\Temp\s4v0.o \
  dist/default/production\SPARC_4550.X.production.o 

Object code version is 3.11

Machine type is 18F4550

Call graph: (short form)




                Name                               Link     Load   Length Selector   Space Scale
C:\Users\ALEJAN~1\AppData\Local\Temp\s4v0.o
                init                                 28       28        4        C       0
                reset_vec                             0        0        4        0       0
                idloc                            200000   200000        8   200000       0
                config                           300000   300000        E   300000       0
dist/default/production\SPARC_4550.X.production.o
                intcodelo                            18       18       10        C       0
                intcode                               8        8        6        4       0
                temp                                 50       50        1        1       1
                smallconst                          800      800       D8      400       0
                text26                              D04      D04      42A      46C       0
                text25                             1744     1744      106      46C       0
                text24                             12E6     12E6      1B4      46C       0
                text23                             19C2     19C2       B4      46C       0
                text22                             1D08     1D08       16      46C       0
                text21                             1A76     1A76       68      46C       0
                intcode_body                       1B42     1B42       5C      46C       0
                text18                             1C68     1C68       22      46C       0
                text17                              8D8      8D8      42C      46C       0
                text16                             163C     163C      108      46C       0
                text15                             112E     112E      1B8      46C       0
                text14                             1906     1906       BC      46C       0
                text13                             184A     184A       BC      46C       0
                text12                             1CC0     1CC0       1A      46C       0
                text11                             1C40     1C40       28      46C       0
                text10                             1B9E     1B9E       42      46C       0
                text9                              1D38     1D38        8      46C       0
                text8                              1CF2     1CF2       16      46C       0
                text7                              1D1E     1D1E        E      46C       0
                text6                              1D2C     1D2C        C      46C       0
                text5                              1CDA     1CDA       18      46C       0
                text4                              1ADE     1ADE       64      46C       0
                text3                              1C8A     1C8A       1C      46C       0
                text2                              1BE0     1BE0       36      46C       0
                text1                              1CA6     1CA6       1A      46C       0
                text0                              149A     149A      1A2      46C       0
                cstackCOMRAM                          1        1       40        1       1
                cstackBANK0                          60       60       3D       60       1
                bssBANK0                             9D       9D        8       60       1
                bssCOMRAM                            41       41        F        1       1
                cinit                              1C16     1C16       2A      46C       0

TOTAL           Name                               Link     Load   Length     Space
        CLASS   STACK          

        CLASS   CODE           
                intcodelo                            18       18       10         0
                intcode                               8        8        6         0
                init                                 28       28        4         0
                reset_vec                             0        0        4         0
                text26                              D04      D04      42A         0
                text25                             1744     1744      106         0
                text24                             12E6     12E6      1B4         0
                text23                             19C2     19C2       B4         0
                text22                             1D08     1D08       16         0
                text21                             1A76     1A76       68         0
                intcode_body                       1B42     1B42       5C         0
                text18                             1C68     1C68       22         0
                text17                              8D8      8D8      42C         0
                text16                             163C     163C      108         0
                text15                             112E     112E      1B8         0
                text14                             1906     1906       BC         0
                text13                             184A     184A       BC         0
                text12                             1CC0     1CC0       1A         0
                text11                             1C40     1C40       28         0
                text10                             1B9E     1B9E       42         0
                text9                              1D38     1D38        8         0
                text8                              1CF2     1CF2       16         0
                text7                              1D1E     1D1E        E         0
                text6                              1D2C     1D2C        C         0
                text5                              1CDA     1CDA       18         0
                text4                              1ADE     1ADE       64         0
                text3                              1C8A     1C8A       1C         0
                text2                              1BE0     1BE0       36         0
                text1                              1CA6     1CA6       1A         0
                text0                              149A     149A      1A2         0
                cinit                              1C16     1C16       2A         0

        CLASS   CONST          

        CLASS   SMALLCONST     
                smallconst                          800      800       D8         0

        CLASS   MEDIUMCONST    

        CLASS   COMRAM         
                temp                                 50       50        1         1
                cstackCOMRAM                          1        1       40         1
                bssCOMRAM                            41       41        F         1

        CLASS   ABS1           

        CLASS   BIGRAM         

        CLASS   RAM            

        CLASS   BANK0          
                cstackBANK0                          60       60       3D         1
                bssBANK0                             9D       9D        8         1

        CLASS   BANK1          

        CLASS   BANK2          

        CLASS   BANK3          

        CLASS   BANK4          

        CLASS   BANK5          

        CLASS   BANK6          

        CLASS   BANK7          

        CLASS   SFR            

        CLASS   FARRAM         

        CLASS   CONFIG         
                config                           300000   300000        E         0

        CLASS   IDLOC          
                idloc                            200000   200000        8         0

        CLASS   EEDATA         



SEGMENTS        Name                           Load    Length   Top    Selector   Space  Class

                reset_vec                      000000  000004  000004         0       0  CODE    
                cstackCOMRAM                   000001  000050  000051         1       1  COMRAM  
                intcode                        000008  000006  00000E         4       0  CODE    
                intcodelo                      000018  000014  00002C         C       0  CODE    
                cstackBANK0                    000060  000045  0000A5        60       1  BANK0   
                smallconst                     000800  0000D8  0008D8       400       0  SMALLCON
                text17                         0008D8  001468  001D40       46C       0  CODE    
                idloc                          200000  000008  200008    200000       0  IDLOC   
                config                         300000  00000E  30000E    300000       0  CONFIG  


UNUSED ADDRESS RANGES

        Name                Unused          Largest block    Delta
        BANK0            0000A5-0000FF               5B
        BANK1            000100-0001FF              100
        BANK2            000200-0002FF              100
        BANK3            000300-0003FF              100
        BANK4            000400-0004FF              100
        BANK5            000500-0005FF              100
        BANK6            000600-0006FF              100
        BANK7            000700-0007FF              100
        BIGRAM           000051-00005F                F
                         0000A5-0007FF              75B
        CODE             000004-000007                4
                         00000E-000017                A
                         00002C-0007FF              7D4
                         001D40-007FFF             62C0
        COMRAM           000051-00005F                F
        CONST            000004-000007                4
                         00000E-000017                A
                         00002C-0007FF              7D4
                         001D40-007FFF             62C0
        EEDATA           F00000-F000FF              100
        MEDIUMCONST      001D40-007FFF             62C0
        RAM              0000A5-0007FF              100
        SFR              000F60-000FFF               A0
        SMALLCONST       001D40-007FFF              100
        STACK            0000A5-0007FF              75B

                                  Symbol Table

?___flmul                           cstackBANK0  00006F
?___fltol                           cstackBANK0  000088
?___wmul                            cstackBANK0  000065
?___xxtofl                          cstackBANK0  000061
?_abs                               cstackBANK0  000061
?i2___flmul                         cstackCOMRAM 00000F
?i2___fltol                         cstackCOMRAM 000028
?i2___xxtofl                        cstackCOMRAM 000001
PWM_DutyCycleCCP1@PWMDutyValue      cstackBANK0  000099
PWM_DutyCycleCCP1@WantedDutyCycle   cstackBANK0  000098
PWM_DutyCycleCCP2@PWMDutyValue      cstackBANK0  000099
PWM_DutyCycleCCP2@WantedDutyCycle   cstackBANK0  000098
_ADCON0bits                         (abs)        000FC2
_ADCON1bits                         (abs)        000FC1
_ADCON2bits                         (abs)        000FC0
_ADRESH                             (abs)        000FC4
_ADRESL                             (abs)        000FC3
_BAUDCONbits                        (abs)        000FB8
_CCP1CONbits                        (abs)        000FBD
_CCP2CONbits                        (abs)        000FBA
_CCPR1L                             (abs)        000FBE
_CCPR2L                             (abs)        000FBB
_CurrentPosX                        bssCOMRAM    00004C
_CurrentPosY                        bssBANK0     0000A0
_INTCON2bits                        (abs)        000FF1
_INTCON3bits                        (abs)        000FF0
_INTCONbits                         (abs)        000FF2
_LATAbits                           (abs)        000F89
_LATCbits                           (abs)        000F8B
_LATDbits                           (abs)        000F8C
_OSCCON                             (abs)        000FD3
_PIE1bits                           (abs)        000F9D
_PIR1bits                           (abs)        000F9E
_PR2                                (abs)        000FCB
_PWM_CCP1_init                      text18       001C68
_PWM_DutyCycleCCP1                  text14       001906
_PWM_DutyCycleCCP1$2241             cstackBANK0  000094
_PWM_DutyCycleCCP2                  text13       00184A
_PWM_DutyCycleCCP2$2240             cstackBANK0  000094
_RCONbits                           (abs)        000FD0
_RCREG1                             (abs)        000FAE
_RCSTA1bits                         (abs)        000FAB
_SPBRG                              (abs)        000FAF
_T0CONbits                          (abs)        000FD5
_T1CONbits                          (abs)        000FCD
_T2CONbits                          (abs)        000FCA
_TMR0                               (abs)        000FD6
_TMR0H                              (abs)        000FD7
_TMR0L                              (abs)        000FD6
_TMR1                               (abs)        000FCE
_TMR1H                              (abs)        000FCF
_TMR1L                              (abs)        000FCE
_TMR2                               (abs)        000FCC
_TRISAbits                          (abs)        000F92
_TRISBbits                          (abs)        000F93
_TRISCbits                          (abs)        000F94
_TRISDbits                          (abs)        000F95
_TXREG1                             (abs)        000FAD
_TXSTA1bits                         (abs)        000FAC
_UARTinit                           text12       001CC0
__CFG_FOSC$INTOSC_EC                (abs)        000000
__CFG_LVP$OFF                       (abs)        000000
__CFG_MCLRE$OFF                     (abs)        000000
__HRAM                              (abs)        000000
__Habs1                             abs1         000000
__Hbank0                            bank0        000000
__Hbank1                            bank1        000000
__Hbank2                            bank2        000000
__Hbank3                            bank3        000000
__Hbank4                            bank4        000000
__Hbank5                            bank5        000000
__Hbank6                            bank6        000000
__Hbank7                            bank7        000000
__Hbigbss                           bigbss       000000
__Hbigdata                          bigdata      000000
__Hbigram                           bigram       000000
__Hbss                              bss          000000
__HbssBANK0                         bssBANK0     000000
__HbssCOMRAM                        bssCOMRAM    000000
__Hcinit                            cinit        000000
__Hclrtext                          clrtext      000000
__Hcomram                           comram       000000
__Hconfig                           config       30000E
__Hconst                            const        000000
__HcstackBANK0                      cstackBANK0  000000
__HcstackCOMRAM                     cstackCOMRAM 000000
__Hdata                             data         000000
__Heeprom_data                      eeprom_data  000000
__Hfarbss                           farbss       000000
__Hfardata                          fardata      000000
__Hibigdata                         ibigdata     000000
__Hidata                            idata        000000
__Hidloc                            idloc        200008
__Hifardata                         ifardata     000000
__Hinit                             init         00002C
__Hintcode                          intcode      00000E
__Hintcode_body                     intcode_body 000000
__Hintcodelo                        intcodelo    000028
__Hintentry                         intentry     000000
__Hintret                           intret       000000
__Hintsave_regs                     intsave_regs 000000
__Hirdata                           irdata       000000
__Hmediumconst                      mediumconst  000000
__HnvFARRAM                         nvFARRAM     000000
__Hnvbit                            nvbit        000000
__Hnvrram                           nvrram       000000
__Hparam                            rparam       000000
__Hpowerup                          powerup      000028
__Hram                              ram          000000
__Hramtop                           ramtop       000800
__Hrbit                             rbit         000000
__Hrbss                             rbss         000000
__Hrdata                            rdata        000000
__Hreset_vec                        reset_vec    000004
__Hrparam                           rparam       000000
__Hsfr                              sfr          000000
__Hsmallconst                       smallconst   0008D8
__Hspace_0                          (abs)        30000E
__Hspace_1                          (abs)        0000A5
__Hspace_2                          (abs)        000000
__Hstack                            stack        000000
__Hstruct                           struct       000000
__Htemp                             temp         000051
__Htext                             text         000000
__Htext0                            text0        000000
__Htext1                            text1        000000
__Htext10                           text10       000000
__Htext11                           text11       000000
__Htext12                           text12       000000
__Htext13                           text13       000000
__Htext14                           text14       000000
__Htext15                           text15       000000
__Htext16                           text16       000000
__Htext17                           text17       000000
__Htext18                           text18       000000
__Htext2                            text2        000000
__Htext21                           text21       000000
__Htext22                           text22       000000
__Htext23                           text23       000000
__Htext24                           text24       000000
__Htext25                           text25       000000
__Htext26                           text26       000000
__Htext3                            text3        000000
__Htext4                            text4        000000
__Htext5                            text5        000000
__Htext6                            text6        000000
__Htext7                            text7        000000
__Htext8                            text8        000000
__Htext9                            text9        000000
__LRAM                              (abs)        000001
__Labs1                             abs1         000000
__Lbank0                            bank0        000000
__Lbank1                            bank1        000000
__Lbank2                            bank2        000000
__Lbank3                            bank3        000000
__Lbank4                            bank4        000000
__Lbank5                            bank5        000000
__Lbank6                            bank6        000000
__Lbank7                            bank7        000000
__Lbigbss                           bigbss       000000
__Lbigdata                          bigdata      000000
__Lbigram                           bigram       000000
__Lbss                              bss          000000
__LbssBANK0                         bssBANK0     000000
__LbssCOMRAM                        bssCOMRAM    000000
__Lcinit                            cinit        000000
__Lclrtext                          clrtext      000000
__Lcomram                           comram       000000
__Lconfig                           config       300000
__Lconst                            const        000000
__LcstackBANK0                      cstackBANK0  000000
__LcstackCOMRAM                     cstackCOMRAM 000000
__Ldata                             data         000000
__Leeprom_data                      eeprom_data  000000
__Lfarbss                           farbss       000000
__Lfardata                          fardata      000000
__Libigdata                         ibigdata     000000
__Lidata                            idata        000000
__Lidloc                            idloc        200000
__Lifardata                         ifardata     000000
__Linit                             init         000028
__Lintcode                          intcode      000008
__Lintcode_body                     intcode_body 000000
__Lintcodelo                        intcodelo    000018
__Lintentry                         intentry     000000
__Lintret                           intret       000000
__Lintsave_regs                     intsave_regs 000000
__Lirdata                           irdata       000000
__Lmediumconst                      mediumconst  000000
__LnvFARRAM                         nvFARRAM     000000
__Lnvbit                            nvbit        000000
__Lnvrram                           nvrram       000000
__Lparam                            rparam       000000
__Lpowerup                          powerup      000028
__Lram                              ram          000000
__Lramtop                           ramtop       000800
__Lrbit                             rbit         000000
__Lrbss                             rbss         000000
__Lrdata                            rdata        000000
__Lreset_vec                        reset_vec    000000
__Lrparam                           rparam       000000
__Lsfr                              sfr          000000
__Lsmallconst                       smallconst   000800
__Lspace_0                          (abs)        000000
__Lspace_1                          (abs)        000000
__Lspace_2                          (abs)        000000
__Lstack                            stack        000000
__Lstruct                           struct       000000
__Ltemp                             temp         000050
__Ltext                             text         000000
__Ltext0                            text0        000000
__Ltext1                            text1        000000
__Ltext10                           text10       000000
__Ltext11                           text11       000000
__Ltext12                           text12       000000
__Ltext13                           text13       000000
__Ltext14                           text14       000000
__Ltext15                           text15       000000
__Ltext16                           text16       000000
__Ltext17                           text17       000000
__Ltext18                           text18       000000
__Ltext2                            text2        000000
__Ltext21                           text21       000000
__Ltext22                           text22       000000
__Ltext23                           text23       000000
__Ltext24                           text24       000000
__Ltext25                           text25       000000
__Ltext26                           text26       000000
__Ltext3                            text3        000000
__Ltext4                            text4        000000
__Ltext5                            text5        000000
__Ltext6                            text6        000000
__Ltext7                            text7        000000
__Ltext8                            text8        000000
__Ltext9                            text9        000000
__S0                                (abs)        30000E
__S1                                (abs)        0000A5
__S2                                (abs)        000000
___flmul                            text17       0008D8
___flmul@a                          cstackBANK0  000073
___flmul@aexp                       cstackBANK0  000080
___flmul@b                          cstackBANK0  00006F
___flmul@bexp                       cstackBANK0  000081
___flmul@grs                        cstackBANK0  00007C
___flmul@prod                       cstackBANK0  000082
___flmul@sign                       cstackBANK0  00007B
___flmul@temp                       cstackBANK0  000086
___fltol                            text16       00163C
___fltol@exp1                       cstackBANK0  000091
___fltol@f1                         cstackBANK0  000088
___fltol@sign1                      cstackBANK0  000090
___inthi_sp                         stack        000000
___intlo_sp                         stack        000000
___param_bank                       (abs)        000000
___rparam_used                      (abs)        000001
___sp                               stack        000000
___wmul                             text11       001C40
___wmul@multiplicand                cstackBANK0  000067
___wmul@multiplier                  cstackBANK0  000065
___wmul@product                     cstackBANK0  000069
___xxtofl                           text15       00112E
___xxtofl@arg                       cstackBANK0  00006B
___xxtofl@exp                       cstackBANK0  00006A
___xxtofl@sign                      cstackBANK0  000069
___xxtofl@val                       cstackBANK0  000061
__accesstop                         (abs)        000060
__activetblptr                      (abs)        000001
__end_of_PWM_CCP1_init              text18       001C8A
__end_of_PWM_DutyCycleCCP1          text14       0019C2
__end_of_PWM_DutyCycleCCP2          text13       001906
__end_of_UARTinit                   text12       001CDA
__end_of___flmul                    text17       000D04
__end_of___fltol                    text16       001744
__end_of___wmul                     text11       001C68
__end_of___xxtofl                   text15       0012E6
__end_of__initialization            cinit        001C2E
__end_of_abs                        text10       001BE0
__end_of_high_isr                   intcode_body 001B9E
__end_of_interruptsEnable           text9        001D40
__end_of_low_isr                    intcodelo    000028
__end_of_main                       text0        00163C
__end_of_motorXinit                 text8        001D08
__end_of_motorYinit                 text7        001D2C
__end_of_portInit                   text6        001D38
__end_of_printf                     text4        001B42
__end_of_receive                    text3        001CA6
__end_of_send                       text5        001CF2
__end_of_setNumPasosY               text2        001C16
__end_of_tmr1Init                   text1        001CC0
__end_ofi2_PWM_DutyCycleCCP1        text23       001A76
__end_ofi2___flmul                  text26       00112E
__end_ofi2___fltol                  text25       00184A
__end_ofi2___xxtofl                 text24       00149A
__end_ofi2_printf                   text21       001ADE
__end_ofi2_send                     text22       001D1E
__initialization                    cinit        001C16
__mediumconst                       mediumconst  000000
__pbssBANK0                         bssBANK0     00009D
__pbssCOMRAM                        bssCOMRAM    000041
__pcinit                            cinit        001C16
__pcstackBANK0                      cstackBANK0  000060
__pcstackCOMRAM                     cstackCOMRAM 000001
__pintcode                          intcode      000008
__pintcode_body                     intcode_body 001B42
__pintcodelo                        intcodelo    000018
__psmallconst                       smallconst   000800
__ptext0                            text0        00149A
__ptext1                            text1        001CA6
__ptext10                           text10       001B9E
__ptext11                           text11       001C40
__ptext12                           text12       001CC0
__ptext13                           text13       00184A
__ptext14                           text14       001906
__ptext15                           text15       00112E
__ptext16                           text16       00163C
__ptext17                           text17       0008D8
__ptext18                           text18       001C68
__ptext2                            text2        001BE0
__ptext21                           text21       001A76
__ptext22                           text22       001D08
__ptext23                           text23       0019C2
__ptext24                           text24       0012E6
__ptext25                           text25       001744
__ptext26                           text26       000D04
__ptext3                            text3        001C8A
__ptext4                            text4        001ADE
__ptext5                            text5        001CDA
__ptext6                            text6        001D2C
__ptext7                            text7        001D1E
__ptext8                            text8        001CF2
__ptext9                            text9        001D38
__ramtop                            ramtop       000800
__size_of_PWM_CCP1_init             (abs)        000000
__size_of_PWM_DutyCycleCCP1         (abs)        000000
__size_of_PWM_DutyCycleCCP2         (abs)        000000
__size_of_UARTinit                  (abs)        000000
__size_of___flmul                   (abs)        000000
__size_of___fltol                   (abs)        000000
__size_of___wmul                    (abs)        000000
__size_of___xxtofl                  (abs)        000000
__size_of_abs                       (abs)        000000
__size_of_high_isr                  (abs)        000000
__size_of_interruptsEnable          (abs)        000000
__size_of_low_isr                   (abs)        000000
__size_of_main                      (abs)        000000
__size_of_motorXinit                (abs)        000000
__size_of_motorYinit                (abs)        000000
__size_of_portInit                  (abs)        000000
__size_of_printf                    (abs)        000000
__size_of_receive                   (abs)        000000
__size_of_send                      (abs)        000000
__size_of_setNumPasosY              (abs)        000000
__size_of_tmr1Init                  (abs)        000000
__size_ofi2_PWM_DutyCycleCCP1       (abs)        000000
__size_ofi2___flmul                 (abs)        000000
__size_ofi2___fltol                 (abs)        000000
__size_ofi2___xxtofl                (abs)        000000
__size_ofi2_printf                  (abs)        000000
__size_ofi2_send                    (abs)        000000
__smallconst                        smallconst   000800
_abs                                text10       001B9E
_coordinates                        bssCOMRAM    000041
_high_isr                           intcode      000008
_interruptsEnable                   text9        001D38
_leerCoordy                         bssBANK0     00009D
_leercoordx                         bssCOMRAM    000049
_low_isr                            intcodelo    000018
_main                               text0        00149A
_motorXinit                         text8        001CF2
_motorYinit                         text7        001D1E
_portInit                           text6        001D2C
_printf                             text4        001ADE
_receive                            text3        001C8A
_send                               text5        001CDA
_setNumPasosY                       text2        001BE0
_tmr1Init                           text1        001CA6
_working                            bssBANK0     0000A4
_xToAdvance                         bssCOMRAM    00004E
_yToAdvance                         bssBANK0     0000A2
abs@a                               cstackBANK0  000061
btemp                               temp         000050
end_of_initialization               cinit        001C2E
i2PWM_DutyCycleCCP1@PWMDutyValue    cstackCOMRAM 000039
i2PWM_DutyCycleCCP1@WantedDutyCycle cstackCOMRAM 000038
i2_PWM_DutyCycleCCP1                text23       0019C2
i2_PWM_DutyCycleCCP1$2311           cstackCOMRAM 000034
i2___flmul                          text26       000D04
i2___flmul@a                        cstackCOMRAM 000013
i2___flmul@aexp                     cstackCOMRAM 000020
i2___flmul@b                        cstackCOMRAM 00000F
i2___flmul@bexp                     cstackCOMRAM 000021
i2___flmul@grs                      cstackCOMRAM 00001C
i2___flmul@prod                     cstackCOMRAM 000022
i2___flmul@sign                     cstackCOMRAM 00001B
i2___flmul@temp                     cstackCOMRAM 000026
i2___fltol                          text25       001744
i2___fltol@exp1                     cstackCOMRAM 000031
i2___fltol@f1                       cstackCOMRAM 000028
i2___fltol@sign1                    cstackCOMRAM 000030
i2___xxtofl                         text24       0012E6
i2___xxtofl@arg                     cstackCOMRAM 00000B
i2___xxtofl@exp                     cstackCOMRAM 00000A
i2___xxtofl@sign                    cstackCOMRAM 000009
i2___xxtofl@val                     cstackCOMRAM 000001
i2_printf                           text21       001A76
i2_send                             text22       001D08
i2printf@PointString                cstackCOMRAM 000002
i2printf@i                          cstackCOMRAM 000006
i2send@enviarpc                     cstackCOMRAM 000001
int$flags                           temp         000050
int_func                            intcode_body 001B42
intlevel0                           text         000000
intlevel1                           text         000000
intlevel2                           text         000000
intlevel3                           text         000000
printf@PointString                  cstackBANK0  000062
printf@i                            cstackBANK0  000066
receive@recibido                    cstackBANK0  000061
send@enviarpc                       cstackBANK0  000061
setNumPasosY@numPasosY              cstackBANK0  000061
setNumPasosY@resultado              cstackBANK0  000063
stackhi                             (abs)        0007FF
stacklo                             (abs)        0000A5
start                               init         000028
start_initialization                cinit        001C16
ttemp5                              temp         000051
ttemp6                              temp         000054
ttemp7                              temp         000058
wtemp8                              temp         000051


FUNCTION INFORMATION:

 *************** function _main *****************
 Defined at:
		line 49 in file "PruebaMotoresY.c"
 Parameters:    Size  Location     Type
		None
 Auto vars:     Size  Location     Type
  inutil          1    0        unsigned char 
 Return value:  Size  Location     Type
                  1    wreg      void 
 Registers used:
		wreg, status,2, status,0, tblptrl, tblptrh, tblptru, prodl, prodh, cstack
 Tracked objects:
		On entry : 
		On exit  : 
		Unchanged: 
 Data sizes:     COMRAM   BANK0   BANK1   BANK2   BANK3   BANK4   BANK5   BANK6   BANK7
      Params:         0       0       0       0       0       0       0       0       0
      Locals:         0       1       0       0       0       0       0       0       0
      Temps:          0       2       0       0       0       0       0       0       0
      Totals:         0       3       0       0       0       0       0       0       0
Total ram usage:        3 bytes
 Hardware stack levels required when called:    6
 This function calls:
		_PWM_CCP1_init
		_PWM_DutyCycleCCP1
		_PWM_DutyCycleCCP2
		_UARTinit
		___wmul
		_abs
		_interruptsEnable
		_motorXinit
		_motorYinit
		_portInit
		_printf
		_receive
		_send
		_setNumPasosY
		_tmr1Init
 This function is called by:
		Startup code after reset
 This function uses a non-reentrant model


 *************** function _tmr1Init *****************
 Defined at:
		line 18 in file "Timers.c"
 Parameters:    Size  Location     Type
		None
 Auto vars:     Size  Location     Type
		None
 Return value:  Size  Location     Type
                  1    wreg      void 
 Registers used:
		wreg, status,2
 Tracked objects:
		On entry : 
		On exit  : 
		Unchanged: 
 Data sizes:     COMRAM   BANK0   BANK1   BANK2   BANK3   BANK4   BANK5   BANK6   BANK7
      Params:         0       0       0       0       0       0       0       0       0
      Locals:         0       0       0       0       0       0       0       0       0
      Temps:          0       0       0       0       0       0       0       0       0
      Totals:         0       0       0       0       0       0       0       0       0
Total ram usage:        0 bytes
 Hardware stack levels used:    1
 Hardware stack levels required when called:    4
 This function calls:
		Nothing
 This function is called by:
		_main
 This function uses a non-reentrant model


 *************** function _setNumPasosY *****************
 Defined at:
		line 42 in file "Timers.c"
 Parameters:    Size  Location     Type
  numPasosY       2    1[BANK0 ] unsigned int 
 Auto vars:     Size  Location     Type
  resultado       2    3[BANK0 ] unsigned int 
 Return value:  Size  Location     Type
                  1    wreg      void 
 Registers used:
		wreg, status,2, status,0
 Tracked objects:
		On entry : 
		On exit  : 
		Unchanged: 
 Data sizes:     COMRAM   BANK0   BANK1   BANK2   BANK3   BANK4   BANK5   BANK6   BANK7
      Params:         0       2       0       0       0       0       0       0       0
      Locals:         0       2       0       0       0       0       0       0       0
      Temps:          0       0       0       0       0       0       0       0       0
      Totals:         0       4       0       0       0       0       0       0       0
Total ram usage:        4 bytes
 Hardware stack levels used:    1
 Hardware stack levels required when called:    4
 This function calls:
		Nothing
 This function is called by:
		_main
 This function uses a non-reentrant model


 *************** function _receive *****************
 Defined at:
		line 21 in file "UART.c"
 Parameters:    Size  Location     Type
		None
 Auto vars:     Size  Location     Type
  recibido        1    1[BANK0 ] unsigned char 
 Return value:  Size  Location     Type
                  1    wreg      unsigned char 
 Registers used:
		wreg, status,2
 Tracked objects:
		On entry : 
		On exit  : 
		Unchanged: 
 Data sizes:     COMRAM   BANK0   BANK1   BANK2   BANK3   BANK4   BANK5   BANK6   BANK7
      Params:         0       0       0       0       0       0       0       0       0
      Locals:         0       1       0       0       0       0       0       0       0
      Temps:          0       0       0       0       0       0       0       0       0
      Totals:         0       1       0       0       0       0       0       0       0
Total ram usage:        1 bytes
 Hardware stack levels used:    1
 Hardware stack levels required when called:    4
 This function calls:
		Nothing
 This function is called by:
		_main
		_scanf
 This function uses a non-reentrant model


 *************** function _printf *****************
 Defined at:
		line 5 in file "Comunicacion.c"
 Parameters:    Size  Location     Type
  PointString     2    2[BANK0 ] PTR unsigned char 
		 -> STR_5(64), STR_4(15), STR_3(35), STR_2(49), 
		 -> STR_1(50), 
 Auto vars:     Size  Location     Type
  i               1    6[BANK0 ] unsigned char 
 Return value:  Size  Location     Type
                  1    wreg      void 
 Registers used:
		wreg, status,2, status,0, tblptrl, tblptrh, tblptru, cstack
 Tracked objects:
		On entry : 
		On exit  : 
		Unchanged: 
 Data sizes:     COMRAM   BANK0   BANK1   BANK2   BANK3   BANK4   BANK5   BANK6   BANK7
      Params:         0       2       0       0       0       0       0       0       0
      Locals:         0       1       0       0       0       0       0       0       0
      Temps:          0       2       0       0       0       0       0       0       0
      Totals:         0       5       0       0       0       0       0       0       0
Total ram usage:        5 bytes
 Hardware stack levels used:    1
 Hardware stack levels required when called:    5
 This function calls:
		_send
 This function is called by:
		_main
 This function uses a non-reentrant model


 *************** function _send *****************
 Defined at:
		line 31 in file "UART.c"
 Parameters:    Size  Location     Type
  enviarpc        1    wreg     unsigned char 
 Auto vars:     Size  Location     Type
  enviarpc        1    1[BANK0 ] unsigned char 
 Return value:  Size  Location     Type
                  1    wreg      void 
 Registers used:
		wreg
 Tracked objects:
		On entry : 
		On exit  : 
		Unchanged: 
 Data sizes:     COMRAM   BANK0   BANK1   BANK2   BANK3   BANK4   BANK5   BANK6   BANK7
      Params:         0       0       0       0       0       0       0       0       0
      Locals:         0       1       0       0       0       0       0       0       0
      Temps:          0       0       0       0       0       0       0       0       0
      Totals:         0       1       0       0       0       0       0       0       0
Total ram usage:        1 bytes
 Hardware stack levels used:    1
 Hardware stack levels required when called:    4
 This function calls:
		Nothing
 This function is called by:
		_printf
		_main
 This function uses a non-reentrant model


 *************** function _portInit *****************
 Defined at:
		line 10 in file "Gpio.c"
 Parameters:    Size  Location     Type
		None
 Auto vars:     Size  Location     Type
		None
 Return value:  Size  Location     Type
                  1    wreg      void 
 Registers used:
		wreg, status,2
 Tracked objects:
		On entry : 
		On exit  : 
		Unchanged: 
 Data sizes:     COMRAM   BANK0   BANK1   BANK2   BANK3   BANK4   BANK5   BANK6   BANK7
      Params:         0       0       0       0       0       0       0       0       0
      Locals:         0       0       0       0       0       0       0       0       0
      Temps:          0       0       0       0       0       0       0       0       0
      Totals:         0       0       0       0       0       0       0       0       0
Total ram usage:        0 bytes
 Hardware stack levels used:    1
 Hardware stack levels required when called:    4
 This function calls:
		Nothing
 This function is called by:
		_main
 This function uses a non-reentrant model


 *************** function _motorYinit *****************
 Defined at:
		line 30 in file "Gpio.c"
 Parameters:    Size  Location     Type
		None
 Auto vars:     Size  Location     Type
		None
 Return value:  Size  Location     Type
                  1    wreg      void 
 Registers used:
		None
 Tracked objects:
		On entry : 
		On exit  : 
		Unchanged: 
 Data sizes:     COMRAM   BANK0   BANK1   BANK2   BANK3   BANK4   BANK5   BANK6   BANK7
      Params:         0       0       0       0       0       0       0       0       0
      Locals:         0       0       0       0       0       0       0       0       0
      Temps:          0       0       0       0       0       0       0       0       0
      Totals:         0       0       0       0       0       0       0       0       0
Total ram usage:        0 bytes
 Hardware stack levels used:    1
 Hardware stack levels required when called:    4
 This function calls:
		Nothing
 This function is called by:
		_main
 This function uses a non-reentrant model


 *************** function _motorXinit *****************
 Defined at:
		line 15 in file "Gpio.c"
 Parameters:    Size  Location     Type
		None
 Auto vars:     Size  Location     Type
		None
 Return value:  Size  Location     Type
                  1    wreg      void 
 Registers used:
		None
 Tracked objects:
		On entry : 
		On exit  : 
		Unchanged: 
 Data sizes:     COMRAM   BANK0   BANK1   BANK2   BANK3   BANK4   BANK5   BANK6   BANK7
      Params:         0       0       0       0       0       0       0       0       0
      Locals:         0       0       0       0       0       0       0       0       0
      Temps:          0       0       0       0       0       0       0       0       0
      Totals:         0       0       0       0       0       0       0       0       0
Total ram usage:        0 bytes
 Hardware stack levels used:    1
 Hardware stack levels required when called:    4
 This function calls:
		Nothing
 This function is called by:
		_main
 This function uses a non-reentrant model


 *************** function _interruptsEnable *****************
 Defined at:
		line 4 in file "Interrupciones.c"
 Parameters:    Size  Location     Type
		None
 Auto vars:     Size  Location     Type
		None
 Return value:  Size  Location     Type
                  1    wreg      void 
 Registers used:
		None
 Tracked objects:
		On entry : 
		On exit  : 
		Unchanged: 
 Data sizes:     COMRAM   BANK0   BANK1   BANK2   BANK3   BANK4   BANK5   BANK6   BANK7
      Params:         0       0       0       0       0       0       0       0       0
      Locals:         0       0       0       0       0       0       0       0       0
      Temps:          0       0       0       0       0       0       0       0       0
      Totals:         0       0       0       0       0       0       0       0       0
Total ram usage:        0 bytes
 Hardware stack levels used:    1
 Hardware stack levels required when called:    4
 This function calls:
		Nothing
 This function is called by:
		_main
 This function uses a non-reentrant model


 *************** function _abs *****************
 Defined at:
		line 1 in file "C:\Program Files (x86)\Microchip\xc8\v2.10\pic\sources\c99\common\abs.c"
 Parameters:    Size  Location     Type
  a               2    1[BANK0 ] int 
 Auto vars:     Size  Location     Type
		None
 Return value:  Size  Location     Type
                  2    1[BANK0 ] int 
 Registers used:
		wreg, status,2, status,0
 Tracked objects:
		On entry : 
		On exit  : 
		Unchanged: 
 Data sizes:     COMRAM   BANK0   BANK1   BANK2   BANK3   BANK4   BANK5   BANK6   BANK7
      Params:         0       2       0       0       0       0       0       0       0
      Locals:         0       0       0       0       0       0       0       0       0
      Temps:          0       2       0       0       0       0       0       0       0
      Totals:         0       4       0       0       0       0       0       0       0
Total ram usage:        4 bytes
 Hardware stack levels used:    1
 Hardware stack levels required when called:    4
 This function calls:
		Nothing
 This function is called by:
		_main
 This function uses a non-reentrant model


 *************** function ___wmul *****************
 Defined at:
		line 15 in file "C:\Program Files (x86)\Microchip\xc8\v2.10\pic\sources\c99\common\Umul16.c"
 Parameters:    Size  Location     Type
  multiplier      2    5[BANK0 ] unsigned int 
  multiplicand    2    7[BANK0 ] unsigned int 
 Auto vars:     Size  Location     Type
  product         2    9[BANK0 ] unsigned int 
 Return value:  Size  Location     Type
                  2    5[BANK0 ] unsigned int 
 Registers used:
		wreg, status,2, status,0, prodl, prodh
 Tracked objects:
		On entry : 
		On exit  : 
		Unchanged: 
 Data sizes:     COMRAM   BANK0   BANK1   BANK2   BANK3   BANK4   BANK5   BANK6   BANK7
      Params:         0       4       0       0       0       0       0       0       0
      Locals:         0       2       0       0       0       0       0       0       0
      Temps:          0       0       0       0       0       0       0       0       0
      Totals:         0       6       0       0       0       0       0       0       0
Total ram usage:        6 bytes
 Hardware stack levels used:    1
 Hardware stack levels required when called:    4
 This function calls:
		Nothing
 This function is called by:
		_main
 This function uses a non-reentrant model


 *************** function _UARTinit *****************
 Defined at:
		line 5 in file "UART.c"
 Parameters:    Size  Location     Type
		None
 Auto vars:     Size  Location     Type
		None
 Return value:  Size  Location     Type
                  1    wreg      void 
 Registers used:
		wreg, status,2
 Tracked objects:
		On entry : 
		On exit  : 
		Unchanged: 
 Data sizes:     COMRAM   BANK0   BANK1   BANK2   BANK3   BANK4   BANK5   BANK6   BANK7
      Params:         0       0       0       0       0       0       0       0       0
      Locals:         0       0       0       0       0       0       0       0       0
      Temps:          0       0       0       0       0       0       0       0       0
      Totals:         0       0       0       0       0       0       0       0       0
Total ram usage:        0 bytes
 Hardware stack levels used:    1
 Hardware stack levels required when called:    4
 This function calls:
		Nothing
 This function is called by:
		_main
 This function uses a non-reentrant model


 *************** function _PWM_DutyCycleCCP2 *****************
 Defined at:
		line 16 in file "PWMCCP2.c"
 Parameters:    Size  Location     Type
  WantedDutyCy    1    wreg     unsigned char 
 Auto vars:     Size  Location     Type
  WantedDutyCy    1   56[BANK0 ] unsigned char 
  PWMDutyValue    2   57[BANK0 ] unsigned int 
 Return value:  Size  Location     Type
                  1    wreg      void 
 Registers used:
		wreg, status,2, status,0, prodl, prodh, cstack
 Tracked objects:
		On entry : 
		On exit  : 
		Unchanged: 
 Data sizes:     COMRAM   BANK0   BANK1   BANK2   BANK3   BANK4   BANK5   BANK6   BANK7
      Params:         0       0       0       0       0       0       0       0       0
      Locals:         0       7       0       0       0       0       0       0       0
      Temps:          0       2       0       0       0       0       0       0       0
      Totals:         0       9       0       0       0       0       0       0       0
Total ram usage:        9 bytes
 Hardware stack levels used:    1
 Hardware stack levels required when called:    5
 This function calls:
		___flmul
		___fltol
		___xxtofl
 This function is called by:
		_main
 This function uses a non-reentrant model


 *************** function _PWM_DutyCycleCCP1 *****************
 Defined at:
		line 17 in file "PWMCCP1.c"
 Parameters:    Size  Location     Type
  WantedDutyCy    1    wreg     unsigned char 
 Auto vars:     Size  Location     Type
  WantedDutyCy    1   56[BANK0 ] unsigned char 
  PWMDutyValue    2   57[BANK0 ] unsigned int 
 Return value:  Size  Location     Type
                  1    wreg      void 
 Registers used:
		wreg, status,2, status,0, prodl, prodh, cstack
 Tracked objects:
		On entry : 
		On exit  : 
		Unchanged: 
 Data sizes:     COMRAM   BANK0   BANK1   BANK2   BANK3   BANK4   BANK5   BANK6   BANK7
      Params:         0       0       0       0       0       0       0       0       0
      Locals:         0       7       0       0       0       0       0       0       0
      Temps:          0       2       0       0       0       0       0       0       0
      Totals:         0       9       0       0       0       0       0       0       0
Total ram usage:        9 bytes
 Hardware stack levels used:    1
 Hardware stack levels required when called:    5
 This function calls:
		___flmul
		___fltol
		___xxtofl
 This function is called by:
		_main
 This function uses a non-reentrant model


 *************** function ___xxtofl *****************
 Defined at:
		line 10 in file "C:\Program Files (x86)\Microchip\xc8\v2.10\pic\sources\c99\common\xxtofl.c"
 Parameters:    Size  Location     Type
  sign            1    wreg     unsigned char 
  val             4    1[BANK0 ] long 
 Auto vars:     Size  Location     Type
  sign            1    9[BANK0 ] unsigned char 
  arg             4   11[BANK0 ] unsigned long 
  exp             1   10[BANK0 ] unsigned char 
 Return value:  Size  Location     Type
                  4    1[BANK0 ] unsigned char 
 Registers used:
		wreg, status,2, status,0
 Tracked objects:
		On entry : 
		On exit  : 
		Unchanged: 
 Data sizes:     COMRAM   BANK0   BANK1   BANK2   BANK3   BANK4   BANK5   BANK6   BANK7
      Params:         0       4       0       0       0       0       0       0       0
      Locals:         0       6       0       0       0       0       0       0       0
      Temps:          0       4       0       0       0       0       0       0       0
      Totals:         0      14       0       0       0       0       0       0       0
Total ram usage:       14 bytes
 Hardware stack levels used:    1
 Hardware stack levels required when called:    4
 This function calls:
		Nothing
 This function is called by:
		_PWM_DutyCycleCCP2
		_PWM_DutyCycleCCP1
 This function uses a non-reentrant model


 *************** function ___fltol *****************
 Defined at:
		line 43 in file "C:\Program Files (x86)\Microchip\xc8\v2.10\pic\sources\c99\common\fltol.c"
 Parameters:    Size  Location     Type
  f1              4   40[BANK0 ] unsigned char 
 Auto vars:     Size  Location     Type
  exp1            1   49[BANK0 ] unsigned char 
  sign1           1   48[BANK0 ] unsigned char 
 Return value:  Size  Location     Type
                  4   40[BANK0 ] long 
 Registers used:
		wreg, status,2, status,0
 Tracked objects:
		On entry : 
		On exit  : 
		Unchanged: 
 Data sizes:     COMRAM   BANK0   BANK1   BANK2   BANK3   BANK4   BANK5   BANK6   BANK7
      Params:         0       4       0       0       0       0       0       0       0
      Locals:         0       2       0       0       0       0       0       0       0
      Temps:          0       4       0       0       0       0       0       0       0
      Totals:         0      10       0       0       0       0       0       0       0
Total ram usage:       10 bytes
 Hardware stack levels used:    1
 Hardware stack levels required when called:    4
 This function calls:
		Nothing
 This function is called by:
		_PWM_DutyCycleCCP2
		_PWM_DutyCycleCCP1
 This function uses a non-reentrant model


 *************** function ___flmul *****************
 Defined at:
		line 8 in file "C:\Program Files (x86)\Microchip\xc8\v2.10\pic\sources\c99\common\sprcmul.c"
 Parameters:    Size  Location     Type
  b               4   15[BANK0 ] long 
  a               4   19[BANK0 ] long 
 Auto vars:     Size  Location     Type
  prod            4   34[BANK0 ] struct .
  grs             4   28[BANK0 ] unsigned long 
  temp            2   38[BANK0 ] struct .
  bexp            1   33[BANK0 ] unsigned char 
  aexp            1   32[BANK0 ] unsigned char 
  sign            1   27[BANK0 ] unsigned char 
 Return value:  Size  Location     Type
                  4   15[BANK0 ] unsigned char 
 Registers used:
		wreg, status,2, status,0, prodl, prodh
 Tracked objects:
		On entry : 
		On exit  : 
		Unchanged: 
 Data sizes:     COMRAM   BANK0   BANK1   BANK2   BANK3   BANK4   BANK5   BANK6   BANK7
      Params:         0       8       0       0       0       0       0       0       0
      Locals:         0      13       0       0       0       0       0       0       0
      Temps:          0       4       0       0       0       0       0       0       0
      Totals:         0      25       0       0       0       0       0       0       0
Total ram usage:       25 bytes
 Hardware stack levels used:    1
 Hardware stack levels required when called:    4
 This function calls:
		Nothing
 This function is called by:
		_PWM_DutyCycleCCP2
		_PWM_DutyCycleCCP1
 This function uses a non-reentrant model


 *************** function _PWM_CCP1_init *****************
 Defined at:
		line 5 in file "PWMCCP1.c"
 Parameters:    Size  Location     Type
		None
 Auto vars:     Size  Location     Type
		None
 Return value:  Size  Location     Type
                  1    wreg      void 
 Registers used:
		wreg, status,2
 Tracked objects:
		On entry : 
		On exit  : 
		Unchanged: 
 Data sizes:     COMRAM   BANK0   BANK1   BANK2   BANK3   BANK4   BANK5   BANK6   BANK7
      Params:         0       0       0       0       0       0       0       0       0
      Locals:         0       0       0       0       0       0       0       0       0
      Temps:          0       0       0       0       0       0       0       0       0
      Totals:         0       0       0       0       0       0       0       0       0
Total ram usage:        0 bytes
 Hardware stack levels used:    1
 Hardware stack levels required when called:    4
 This function calls:
		Nothing
 This function is called by:
		_main
 This function uses a non-reentrant model


 *************** function _low_isr *****************
 Defined at:
		line 45 in file "PruebaMotoresY.c"
 Parameters:    Size  Location     Type
		None
 Auto vars:     Size  Location     Type
		None
 Return value:  Size  Location     Type
                  1    wreg      void 
 Registers used:
		None
 Tracked objects:
		On entry : 
		On exit  : 
		Unchanged: 
 Data sizes:     COMRAM   BANK0   BANK1   BANK2   BANK3   BANK4   BANK5   BANK6   BANK7
      Params:         0       0       0       0       0       0       0       0       0
      Locals:         0       0       0       0       0       0       0       0       0
      Temps:          0       1       0       0       0       0       0       0       0
      Totals:         0       1       0       0       0       0       0       0       0
Total ram usage:        1 bytes
 Hardware stack levels used:    1
 Hardware stack levels required when called:    3
 This function calls:
		Nothing
 This function is called by:
		Interrupt level 1
 This function uses a non-reentrant model


 *************** function _high_isr *****************
 Defined at:
		line 33 in file "PruebaMotoresY.c"
 Parameters:    Size  Location     Type
		None
 Auto vars:     Size  Location     Type
		None
 Return value:  Size  Location     Type
                  1    wreg      void 
 Registers used:
		wreg, status,2, status,0, tblptrl, tblptrh, tblptru, prodl, prodh, cstack
 Tracked objects:
		On entry : 
		On exit  : 
		Unchanged: 
 Data sizes:     COMRAM   BANK0   BANK1   BANK2   BANK3   BANK4   BANK5   BANK6   BANK7
      Params:         0       0       0       0       0       0       0       0       0
      Locals:         0       0       0       0       0       0       0       0       0
      Temps:          6       0       0       0       0       0       0       0       0
      Totals:         6       0       0       0       0       0       0       0       0
Total ram usage:        6 bytes
 Hardware stack levels used:    1
 Hardware stack levels required when called:    2
 This function calls:
		i2_PWM_DutyCycleCCP1
		i2_printf
 This function is called by:
		Interrupt level 2
 This function uses a non-reentrant model


 *************** function i2_printf *****************
 Defined at:
		line 5 in file "Comunicacion.c"
 Parameters:    Size  Location     Type
  PointString     2    1[COMRAM] PTR unsigned char 
		 -> STR_5(64), STR_4(15), STR_3(35), STR_2(49), 
		 -> STR_1(50), 
 Auto vars:     Size  Location     Type
  printf          1    5[COMRAM] unsigned char 
 Return value:  Size  Location     Type
                  1    wreg      void 
 Registers used:
		wreg, status,2, status,0, tblptrl, tblptrh, tblptru, cstack
 Tracked objects:
		On entry : 
		On exit  : 
		Unchanged: 
 Data sizes:     COMRAM   BANK0   BANK1   BANK2   BANK3   BANK4   BANK5   BANK6   BANK7
      Params:         2       0       0       0       0       0       0       0       0
      Locals:         1       0       0       0       0       0       0       0       0
      Temps:          2       0       0       0       0       0       0       0       0
      Totals:         5       0       0       0       0       0       0       0       0
Total ram usage:        5 bytes
 Hardware stack levels used:    1
 Hardware stack levels required when called:    1
 This function calls:
		i2_send
 This function is called by:
		_high_isr
 This function uses a non-reentrant model


 *************** function i2_send *****************
 Defined at:
		line 31 in file "UART.c"
 Parameters:    Size  Location     Type
  enviarpc        1    wreg     unsigned char 
 Auto vars:     Size  Location     Type
  enviarpc        1    0[COMRAM] unsigned char 
 Return value:  Size  Location     Type
                  1    wreg      void 
 Registers used:
		wreg
 Tracked objects:
		On entry : 
		On exit  : 
		Unchanged: 
 Data sizes:     COMRAM   BANK0   BANK1   BANK2   BANK3   BANK4   BANK5   BANK6   BANK7
      Params:         0       0       0       0       0       0       0       0       0
      Locals:         1       0       0       0       0       0       0       0       0
      Temps:          0       0       0       0       0       0       0       0       0
      Totals:         1       0       0       0       0       0       0       0       0
Total ram usage:        1 bytes
 Hardware stack levels used:    1
 This function calls:
		Nothing
 This function is called by:
		i2_printf
 This function uses a non-reentrant model


 *************** function i2_PWM_DutyCycleCCP1 *****************
 Defined at:
		line 17 in file "PWMCCP1.c"
 Parameters:    Size  Location     Type
  WantedDutyCy    1    wreg     unsigned char 
 Auto vars:     Size  Location     Type
  WantedDutyCy    1   55[COMRAM] unsigned char 
  PWM_DutyCycl    2   56[COMRAM] unsigned int 
 Return value:  Size  Location     Type
                  1    wreg      void 
 Registers used:
		wreg, status,2, status,0, prodl, prodh, cstack
 Tracked objects:
		On entry : 
		On exit  : 
		Unchanged: 
 Data sizes:     COMRAM   BANK0   BANK1   BANK2   BANK3   BANK4   BANK5   BANK6   BANK7
      Params:         0       0       0       0       0       0       0       0       0
      Locals:         7       0       0       0       0       0       0       0       0
      Temps:          2       0       0       0       0       0       0       0       0
      Totals:         9       0       0       0       0       0       0       0       0
Total ram usage:        9 bytes
 Hardware stack levels used:    1
 Hardware stack levels required when called:    1
 This function calls:
		i2___flmul
		i2___fltol
		i2___xxtofl
 This function is called by:
		_high_isr
 This function uses a non-reentrant model


 *************** function i2___xxtofl *****************
 Defined at:
		line 10 in file "C:\Program Files (x86)\Microchip\xc8\v2.10\pic\sources\c99\common\xxtofl.c"
 Parameters:    Size  Location     Type
  sign            1    wreg     unsigned char 
  val             4    0[COMRAM] long 
 Auto vars:     Size  Location     Type
  sign            1    8[COMRAM] unsigned char 
  __xxtofl        4   10[COMRAM] unsigned long 
  __xxtofl        1    9[COMRAM] unsigned char 
 Return value:  Size  Location     Type
                  4    0[COMRAM] unsigned char 
 Registers used:
		wreg, status,2, status,0
 Tracked objects:
		On entry : 
		On exit  : 
		Unchanged: 
 Data sizes:     COMRAM   BANK0   BANK1   BANK2   BANK3   BANK4   BANK5   BANK6   BANK7
      Params:         4       0       0       0       0       0       0       0       0
      Locals:         6       0       0       0       0       0       0       0       0
      Temps:          4       0       0       0       0       0       0       0       0
      Totals:        14       0       0       0       0       0       0       0       0
Total ram usage:       14 bytes
 Hardware stack levels used:    1
 This function calls:
		Nothing
 This function is called by:
		i2_PWM_DutyCycleCCP1
 This function uses a non-reentrant model


 *************** function i2___fltol *****************
 Defined at:
		line 43 in file "C:\Program Files (x86)\Microchip\xc8\v2.10\pic\sources\c99\common\fltol.c"
 Parameters:    Size  Location     Type
  f1              4   39[COMRAM] unsigned char 
 Auto vars:     Size  Location     Type
  __fltol         1   48[COMRAM] unsigned char 
  __fltol         1   47[COMRAM] unsigned char 
 Return value:  Size  Location     Type
                  4   39[COMRAM] long 
 Registers used:
		wreg, status,2, status,0
 Tracked objects:
		On entry : 
		On exit  : 
		Unchanged: 
 Data sizes:     COMRAM   BANK0   BANK1   BANK2   BANK3   BANK4   BANK5   BANK6   BANK7
      Params:         4       0       0       0       0       0       0       0       0
      Locals:         2       0       0       0       0       0       0       0       0
      Temps:          4       0       0       0       0       0       0       0       0
      Totals:        10       0       0       0       0       0       0       0       0
Total ram usage:       10 bytes
 Hardware stack levels used:    1
 This function calls:
		Nothing
 This function is called by:
		i2_PWM_DutyCycleCCP1
 This function uses a non-reentrant model


 *************** function i2___flmul *****************
 Defined at:
		line 8 in file "C:\Program Files (x86)\Microchip\xc8\v2.10\pic\sources\c99\common\sprcmul.c"
 Parameters:    Size  Location     Type
  b               4   14[COMRAM] long 
  a               4   18[COMRAM] long 
 Auto vars:     Size  Location     Type
  __flmul         4   33[COMRAM] struct .
  __flmul         4   27[COMRAM] unsigned long 
  __flmul         2   37[COMRAM] struct .
  __flmul         1   32[COMRAM] unsigned char 
  __flmul         1   31[COMRAM] unsigned char 
  __flmul         1   26[COMRAM] unsigned char 
 Return value:  Size  Location     Type
                  4   14[COMRAM] unsigned char 
 Registers used:
		wreg, status,2, status,0, prodl, prodh
 Tracked objects:
		On entry : 
		On exit  : 
		Unchanged: 
 Data sizes:     COMRAM   BANK0   BANK1   BANK2   BANK3   BANK4   BANK5   BANK6   BANK7
      Params:         8       0       0       0       0       0       0       0       0
      Locals:        13       0       0       0       0       0       0       0       0
      Temps:          4       0       0       0       0       0       0       0       0
      Totals:        25       0       0       0       0       0       0       0       0
Total ram usage:       25 bytes
 Hardware stack levels used:    1
 This function calls:
		Nothing
 This function is called by:
		i2_PWM_DutyCycleCCP1
 This function uses a non-reentrant model



MODULE INFORMATION

Module		Function		Class		Link	Load	Size
PruebaMotoresY.c
		_main          		CODE           	149A	0000	419
		_high_isr      		CODE           	0008	0000	99
		_low_isr       		CODE           	0018	0000	17

PruebaMotoresY.c estimated size: 535

UART.c
		_UARTinit      		CODE           	1CC0	0000	27
		_receive       		CODE           	1C8A	0000	29
		_send          		CODE           	1CDA	0000	25

UART.c estimated size: 81

C:\Program Files (x86)\Microchip\xc8\v2.10\pic\sources\c99\common\xxtofl.c
		___xxtofl      		CODE           	112E	0000	441

C:\Program Files (x86)\Microchip\xc8\v2.10\pic\sources\c99\common\xxtofl.c estimated size: 441

PWMCCP1.c
		_PWM_CCP1_init 		CODE           	1C68	0000	35
		_PWM_DutyCycleCCP1		CODE           	1906	0000	189

PWMCCP1.c estimated size: 224

C:\Program Files (x86)\Microchip\xc8\v2.10\pic\sources\c99\common\fltol.c
		___fltol       		CODE           	163C	0000	265

C:\Program Files (x86)\Microchip\xc8\v2.10\pic\sources\c99\common\fltol.c estimated size: 265

C:\Program Files (x86)\Microchip\xc8\v2.10\pic\sources\c99\common\sprcmul.c
		___flmul       		CODE           	08D8	0000	1069

C:\Program Files (x86)\Microchip\xc8\v2.10\pic\sources\c99\common\sprcmul.c estimated size: 1069

Timers.c
		_tmr1Init      		CODE           	1CA6	0000	27
		_setNumPasosY  		CODE           	1BE0	0000	55

Timers.c estimated size: 82

Interrupciones.c
		_interruptsEnable		CODE           	1D38	0000	9

Interrupciones.c estimated size: 9

Gpio.c
		_portInit      		CODE           	1D2C	0000	13
		_motorXinit    		CODE           	1CF2	0000	23
		_motorYinit    		CODE           	1D1E	0000	15

Gpio.c estimated size: 51

shared
		i2_printf      		CODE           	1A76	0000	105
		i2___fltol     		CODE           	1744	0000	263
		__initialization		CODE           	1C16	0000	25
		i2___flmul     		CODE           	0D04	0000	1067
		i2_send        		CODE           	1D08	0000	23
		i2___xxtofl    		CODE           	12E6	0000	437
		i2_PWM_DutyCycleCCP1		CODE           	19C2	0000	181

shared estimated size: 2101

Comunicacion.c
		_printf        		CODE           	1ADE	0000	101

Comunicacion.c estimated size: 101

PWMCCP2.c
		_PWM_DutyCycleCCP2		CODE           	184A	0000	189

PWMCCP2.c estimated size: 189

C:\Program Files (x86)\Microchip\xc8\v2.10\pic\sources\c99\common\abs.c
		_abs           		CODE           	1B9E	0000	67

C:\Program Files (x86)\Microchip\xc8\v2.10\pic\sources\c99\common\abs.c estimated size: 67

C:\Program Files (x86)\Microchip\xc8\v2.10\pic\sources\c99\common\Umul16.c
		___wmul        		CODE           	1C40	0000	41

C:\Program Files (x86)\Microchip\xc8\v2.10\pic\sources\c99\common\Umul16.c estimated size: 41

