Microchip MPLAB XC8 Compiler V2.10 ()

Linker command line:

-W-3 --edf=C:\Program Files (x86)\Microchip\xc8\v2.10\pic\dat\en_msgs.txt \
  -cs -h+dist/default/production\SPARC_4550.X.production.sym \
  --cmf=dist/default/production\SPARC_4550.X.production.cmf -z -Q18F4550 \
  -oC:\Users\ALEJAN~1\AppData\Local\Temp\sfa4.2 --defsym=__MPLAB_BUILD=1 \
  -Mdist/default/production/SPARC_4550.X.production.map -E1 -ver=XC8 \
  --acfsm=1493 -ASTACK=060h-07FFh -pstack=STACK -ACODE=00h-07FFFh \
  -ACONST=00h-07FFFh -ASMALLCONST=0800h-08FFhx120 \
  -AMEDIUMCONST=0800h-07FFFh -ACOMRAM=01h-05Fh -AABS1=00h-07FFh \
  -ABIGRAM=01h-07FFh -ARAM=060h-0FFh,0100h-01FFhx7 -ABANK0=060h-0FFh \
  -ABANK1=0100h-01FFh -ABANK2=0200h-02FFh -ABANK3=0300h-03FFh \
  -ABANK4=0400h-04FFh -ABANK5=0500h-05FFh -ABANK6=0600h-06FFh \
  -ABANK7=0700h-07FFh -ASFR=0F60h-0FFFh \
  -preset_vec=00h,intcode=08h,intcodelo=018h,powerup,init -pramtop=0800h \
  -psmallconst=SMALLCONST -pmediumconst=MEDIUMCONST -pconst=CONST \
  -AFARRAM=00h-00h -ACONFIG=0300000h-030000Dh -pconfig=CONFIG \
  -AIDLOC=0200000h-0200007h -pidloc=IDLOC -AEEDATA=0F00000h-0F000FFh \
  -peeprom_data=EEDATA \
  -prdata=COMRAM,nvrram=COMRAM,nvbit=COMRAM,rbss=COMRAM,rbit=COMRAM \
  -pfarbss=FARRAM,fardata=FARRAM,nvFARRAM=FARRAM \
  -pintsave_regs=BIGRAM,bigbss=BIGRAM,bigdata=BIGRAM -pbss=RAM \
  -pidata=CODE,irdata=CODE,ibigdata=CODE,ifardata=CODE -prparam=COMRAM \
  C:\Users\ALEJAN~1\AppData\Local\Temp\sfa4.o \
  dist/default/production\SPARC_4550.X.production.o 

Object code version is 3.11

Machine type is 18F4550

Call graph: (short form)




                Name                               Link     Load   Length Selector   Space Scale
C:\Users\ALEJAN~1\AppData\Local\Temp\sfa4.o
                init                                 28       28        4        C       0
                reset_vec                             0        0        4        0       0
                idloc                            200000   200000        8   200000       0
                config                           300000   300000        E   300000       0
dist/default/production\SPARC_4550.X.production.o
                intcodelo                            18       18       10        C       0
                intcode                               8        8        6        4       0
                temp                                  B        B        1        1       1
                smallconst                          800      800        4      400       0
                intcode_body                        9AC      9AC        8      402       0
                text9                               8BC      8BC       30      402       0
                text8                               8EC      8EC       2C      402       0
                text7                               978      978       16      402       0
                text6                               962      962       16      402       0
                text5                               932      932       1A      402       0
                text4                               9A0      9A0        C      402       0
                text3                               94C      94C       16      402       0
                text2                               804      804       60      402       0
                text1                               918      918       1A      402       0
                text0                               864      864       58      402       0
                cstackCOMRAM                          1        1        A        1       1
                cinit                               98E      98E       12      402       0

TOTAL           Name                               Link     Load   Length     Space
        CLASS   STACK          

        CLASS   CODE           
                intcodelo                            18       18       10         0
                intcode                               8        8        6         0
                init                                 28       28        4         0
                reset_vec                             0        0        4         0
                intcode_body                        9AC      9AC        8         0
                text9                               8BC      8BC       30         0
                text8                               8EC      8EC       2C         0
                text7                               978      978       16         0
                text6                               962      962       16         0
                text5                               932      932       1A         0
                text4                               9A0      9A0        C         0
                text3                               94C      94C       16         0
                text2                               804      804       60         0
                text1                               918      918       1A         0
                text0                               864      864       58         0
                cinit                               98E      98E       12         0

        CLASS   CONST          

        CLASS   SMALLCONST     
                smallconst                          800      800        4         0

        CLASS   MEDIUMCONST    

        CLASS   COMRAM         
                temp                                  B        B        1         1
                cstackCOMRAM                          1        1        A         1

        CLASS   ABS1           

        CLASS   BIGRAM         

        CLASS   RAM            

        CLASS   BANK0          

        CLASS   BANK1          

        CLASS   BANK2          

        CLASS   BANK3          

        CLASS   BANK4          

        CLASS   BANK5          

        CLASS   BANK6          

        CLASS   BANK7          

        CLASS   SFR            

        CLASS   FARRAM         

        CLASS   CONFIG         
                config                           300000   300000        E         0

        CLASS   IDLOC          
                idloc                            200000   200000        8         0

        CLASS   EEDATA         



SEGMENTS        Name                           Load    Length   Top    Selector   Space  Class

                reset_vec                      000000  000004  000004         0       0  CODE    
                cstackCOMRAM                   000001  00000B  00000C         1       1  COMRAM  
                intcode                        000008  000006  00000E         4       0  CODE    
                intcodelo                      000018  000014  00002C         C       0  CODE    
                smallconst                     000800  000004  000804       400       0  SMALLCON
                text2                          000804  0001B0  0009B4       402       0  CODE    
                idloc                          200000  000008  200008    200000       0  IDLOC   
                config                         300000  00000E  30000E    300000       0  CONFIG  


UNUSED ADDRESS RANGES

        Name                Unused          Largest block    Delta
        BANK0            000060-0000FF               A0
        BANK1            000100-0001FF              100
        BANK2            000200-0002FF              100
        BANK3            000300-0003FF              100
        BANK4            000400-0004FF              100
        BANK5            000500-0005FF              100
        BANK6            000600-0006FF              100
        BANK7            000700-0007FF              100
        BIGRAM           00000C-0007FF              7F4
        CODE             000004-000007                4
                         00000E-000017                A
                         00002C-0007FF              7D4
                         0009B4-007FFF             764C
        COMRAM           00000C-00005F               54
        CONST            000004-000007                4
                         00000E-000017                A
                         00002C-0007FF              7D4
                         0009B4-007FFF             764C
        EEDATA           F00000-F000FF              100
        MEDIUMCONST      0009B4-007FFF             764C
        RAM              000060-0007FF              100
        SFR              000F60-000FFF               A0
        SMALLCONST       0009B4-007FFF              100
        STACK            000060-0007FF              7A0

                                  Symbol Table

?_ADCvalue               cstackCOMRAM 000002
ADCvalue@valorADC        cstackCOMRAM 000006
_ADCON0bits              (abs)        000FC2
_ADCON1bits              (abs)        000FC1
_ADCON2bits              (abs)        000FC0
_ADCinit                 text9        0008BC
_ADCvalue                text8        0008EC
_ADRESH                  (abs)        000FC4
_ADRESL                  (abs)        000FC3
_BAUDCONbits             (abs)        000FB8
_CCP1CONbits             (abs)        000FBD
_CCP2CONbits             (abs)        000FBA
_CCPR1L                  (abs)        000FBE
_CCPR2L                  (abs)        000FBB
_OSCCON                  (abs)        000FD3
_PIR1bits                (abs)        000F9E
_PR2                     (abs)        000FCB
_PWM_CCP1_init           text7        000978
_PWM_CCP2_init           text6        000962
_RCREG1                  (abs)        000FAE
_RCSTA1bits              (abs)        000FAB
_SPBRG                   (abs)        000FAF
_T2CONbits               (abs)        000FCA
_TMR2                    (abs)        000FCC
_TRISAbits               (abs)        000F92
_TRISBbits               (abs)        000F93
_TRISCbits               (abs)        000F94
_TXREG1                  (abs)        000FAD
_TXSTA1bits              (abs)        000FAC
_UARTinit                text5        000932
__CFG_FOSC$INTOSC_EC     (abs)        000000
__CFG_LVP$OFF            (abs)        000000
__CFG_MCLRE$OFF          (abs)        000000
__HRAM                   (abs)        000000
__Habs1                  abs1         000000
__Hbank0                 bank0        000000
__Hbank1                 bank1        000000
__Hbank2                 bank2        000000
__Hbank3                 bank3        000000
__Hbank4                 bank4        000000
__Hbank5                 bank5        000000
__Hbank6                 bank6        000000
__Hbank7                 bank7        000000
__Hbigbss                bigbss       000000
__Hbigdata               bigdata      000000
__Hbigram                bigram       000000
__Hbss                   bss          000000
__Hcinit                 cinit        000000
__Hclrtext               clrtext      000000
__Hcomram                comram       000000
__Hconfig                config       30000E
__Hconst                 const        000000
__HcstackCOMRAM          cstackCOMRAM 000000
__Hdata                  data         000000
__Heeprom_data           eeprom_data  000000
__Hfarbss                farbss       000000
__Hfardata               fardata      000000
__Hibigdata              ibigdata     000000
__Hidata                 idata        000000
__Hidloc                 idloc        200008
__Hifardata              ifardata     000000
__Hinit                  init         00002C
__Hintcode               intcode      00000E
__Hintcode_body          intcode_body 000000
__Hintcodelo             intcodelo    000028
__Hintentry              intentry     000000
__Hintret                intret       000000
__Hintsave_regs          intsave_regs 000000
__Hirdata                irdata       000000
__Hmediumconst           mediumconst  000000
__HnvFARRAM              nvFARRAM     000000
__Hnvbit                 nvbit        000000
__Hnvrram                nvrram       000000
__Hparam                 rparam       000000
__Hpowerup               powerup      000028
__Hram                   ram          000000
__Hramtop                ramtop       000800
__Hrbit                  rbit         000000
__Hrbss                  rbss         000000
__Hrdata                 rdata        000000
__Hreset_vec             reset_vec    000004
__Hrparam                rparam       000000
__Hsfr                   sfr          000000
__Hsmallconst            smallconst   000804
__Hspace_0               (abs)        30000E
__Hspace_1               (abs)        00000C
__Hspace_2               (abs)        000000
__Hstack                 stack        000000
__Hstruct                struct       000000
__Htemp                  temp         00000C
__Htext                  text         000000
__Htext0                 text0        000000
__Htext1                 text1        000000
__Htext2                 text2        000000
__Htext3                 text3        000000
__Htext4                 text4        000000
__Htext5                 text5        000000
__Htext6                 text6        000000
__Htext7                 text7        000000
__Htext8                 text8        000000
__Htext9                 text9        000000
__LRAM                   (abs)        000001
__Labs1                  abs1         000000
__Lbank0                 bank0        000000
__Lbank1                 bank1        000000
__Lbank2                 bank2        000000
__Lbank3                 bank3        000000
__Lbank4                 bank4        000000
__Lbank5                 bank5        000000
__Lbank6                 bank6        000000
__Lbank7                 bank7        000000
__Lbigbss                bigbss       000000
__Lbigdata               bigdata      000000
__Lbigram                bigram       000000
__Lbss                   bss          000000
__Lcinit                 cinit        000000
__Lclrtext               clrtext      000000
__Lcomram                comram       000000
__Lconfig                config       300000
__Lconst                 const        000000
__LcstackCOMRAM          cstackCOMRAM 000000
__Ldata                  data         000000
__Leeprom_data           eeprom_data  000000
__Lfarbss                farbss       000000
__Lfardata               fardata      000000
__Libigdata              ibigdata     000000
__Lidata                 idata        000000
__Lidloc                 idloc        200000
__Lifardata              ifardata     000000
__Linit                  init         000028
__Lintcode               intcode      000008
__Lintcode_body          intcode_body 000000
__Lintcodelo             intcodelo    000018
__Lintentry              intentry     000000
__Lintret                intret       000000
__Lintsave_regs          intsave_regs 000000
__Lirdata                irdata       000000
__Lmediumconst           mediumconst  000000
__LnvFARRAM              nvFARRAM     000000
__Lnvbit                 nvbit        000000
__Lnvrram                nvrram       000000
__Lparam                 rparam       000000
__Lpowerup               powerup      000028
__Lram                   ram          000000
__Lramtop                ramtop       000800
__Lrbit                  rbit         000000
__Lrbss                  rbss         000000
__Lrdata                 rdata        000000
__Lreset_vec             reset_vec    000000
__Lrparam                rparam       000000
__Lsfr                   sfr          000000
__Lsmallconst            smallconst   000800
__Lspace_0               (abs)        000000
__Lspace_1               (abs)        000000
__Lspace_2               (abs)        000000
__Lstack                 stack        000000
__Lstruct                struct       000000
__Ltemp                  temp         00000B
__Ltext                  text         000000
__Ltext0                 text0        000000
__Ltext1                 text1        000000
__Ltext2                 text2        000000
__Ltext3                 text3        000000
__Ltext4                 text4        000000
__Ltext5                 text5        000000
__Ltext6                 text6        000000
__Ltext7                 text7        000000
__Ltext8                 text8        000000
__Ltext9                 text9        000000
__S0                     (abs)        30000E
__S1                     (abs)        00000C
__S2                     (abs)        000000
___inthi_sp              stack        000000
___intlo_sp              stack        000000
___param_bank            (abs)        000000
___rparam_used           (abs)        000001
___sp                    stack        000000
__accesstop              (abs)        000060
__activetblptr           (abs)        000001
__end_of_ADCinit         text9        0008EC
__end_of_ADCvalue        text8        000918
__end_of_PWM_CCP1_init   text7        00098E
__end_of_PWM_CCP2_init   text6        000978
__end_of_UARTinit        text5        00094C
__end_of__initialization cinit        00098E
__end_of_high_isr        intcode_body 0009B4
__end_of_low_isr         intcodelo    000028
__end_of_main            text0        0008BC
__end_of_portInit        text4        0009AC
__end_of_printf          text2        000864
__end_of_receive         text1        000932
__end_of_send            text3        000962
__initialization         cinit        00098E
__mediumconst            mediumconst  000000
__pcinit                 cinit        00098E
__pcstackCOMRAM          cstackCOMRAM 000001
__pintcode               intcode      000008
__pintcode_body          intcode_body 0009AC
__pintcodelo             intcodelo    000018
__psmallconst            smallconst   000800
__ptext0                 text0        000864
__ptext1                 text1        000918
__ptext2                 text2        000804
__ptext3                 text3        00094C
__ptext4                 text4        0009A0
__ptext5                 text5        000932
__ptext6                 text6        000962
__ptext7                 text7        000978
__ptext8                 text8        0008EC
__ptext9                 text9        0008BC
__ramtop                 ramtop       000800
__size_of_ADCinit        (abs)        000000
__size_of_ADCvalue       (abs)        000000
__size_of_PWM_CCP1_init  (abs)        000000
__size_of_PWM_CCP2_init  (abs)        000000
__size_of_UARTinit       (abs)        000000
__size_of_high_isr       (abs)        000000
__size_of_low_isr        (abs)        000000
__size_of_main           (abs)        000000
__size_of_portInit       (abs)        000000
__size_of_printf         (abs)        000000
__size_of_receive        (abs)        000000
__size_of_send           (abs)        000000
__smallconst             smallconst   000800
_high_isr                intcode      000008
_low_isr                 intcodelo    000018
_main                    text0        000864
_portInit                text4        0009A0
_printf                  text2        000804
_receive                 text1        000918
_send                    text3        00094C
btemp                    temp         00000B
end_of_initialization    cinit        00098E
int$flags                temp         00000B
int_func                 intcode_body 0009AC
intlevel0                text         000000
intlevel1                text         000000
intlevel2                text         000000
intlevel3                text         000000
main@entrada             cstackCOMRAM 000008
main@valorADC            cstackCOMRAM 000009
printf@PointString       cstackCOMRAM 000003
printf@i                 cstackCOMRAM 000007
receive@recibido         cstackCOMRAM 000002
send@enviarpc            cstackCOMRAM 000002
stackhi                  (abs)        0007FF
stacklo                  (abs)        000060
start                    init         000028
start_initialization     cinit        00098E
ttemp5                   temp         00000C
ttemp6                   temp         00000F
ttemp7                   temp         000013
wtemp8                   temp         00000C


FUNCTION INFORMATION:

 *************** function _main *****************
 Defined at:
		line 19 in file "PruebaADC.c"
 Parameters:    Size  Location     Type
		None
 Auto vars:     Size  Location     Type
  valorADC        2    8[COMRAM] unsigned int 
  entrada         1    7[COMRAM] unsigned char 
 Return value:  Size  Location     Type
                  1    wreg      void 
 Registers used:
		wreg, status,2, status,0, tblptrl, tblptrh, tblptru, cstack
 Tracked objects:
		On entry : 
		On exit  : 
		Unchanged: 
 Data sizes:     COMRAM   BANK0   BANK1   BANK2   BANK3   BANK4   BANK5   BANK6   BANK7
      Params:         0       0       0       0       0       0       0       0       0
      Locals:         3       0       0       0       0       0       0       0       0
      Temps:          0       0       0       0       0       0       0       0       0
      Totals:         3       0       0       0       0       0       0       0       0
Total ram usage:        3 bytes
 Hardware stack levels required when called:    4
 This function calls:
		_ADCinit
		_ADCvalue
		_PWM_CCP1_init
		_PWM_CCP2_init
		_UARTinit
		_portInit
		_printf
		_receive
		_send
 This function is called by:
		Startup code after reset
 This function uses a non-reentrant model


 *************** function _receive *****************
 Defined at:
		line 21 in file "UART.c"
 Parameters:    Size  Location     Type
		None
 Auto vars:     Size  Location     Type
  recibido        1    1[COMRAM] unsigned char 
 Return value:  Size  Location     Type
                  1    wreg      unsigned char 
 Registers used:
		wreg, status,2
 Tracked objects:
		On entry : 
		On exit  : 
		Unchanged: 
 Data sizes:     COMRAM   BANK0   BANK1   BANK2   BANK3   BANK4   BANK5   BANK6   BANK7
      Params:         0       0       0       0       0       0       0       0       0
      Locals:         1       0       0       0       0       0       0       0       0
      Temps:          0       0       0       0       0       0       0       0       0
      Totals:         1       0       0       0       0       0       0       0       0
Total ram usage:        1 bytes
 Hardware stack levels used:    1
 Hardware stack levels required when called:    2
 This function calls:
		Nothing
 This function is called by:
		_main
		_scanf
 This function uses a non-reentrant model


 *************** function _printf *****************
 Defined at:
		line 38 in file "UART.c"
 Parameters:    Size  Location     Type
  PointString     2    2[COMRAM] PTR unsigned char 
		 -> STR_1(2), 
 Auto vars:     Size  Location     Type
  i               1    6[COMRAM] unsigned char 
 Return value:  Size  Location     Type
                  1    wreg      void 
 Registers used:
		wreg, status,2, status,0, tblptrl, tblptrh, tblptru, cstack
 Tracked objects:
		On entry : 
		On exit  : 
		Unchanged: 
 Data sizes:     COMRAM   BANK0   BANK1   BANK2   BANK3   BANK4   BANK5   BANK6   BANK7
      Params:         2       0       0       0       0       0       0       0       0
      Locals:         1       0       0       0       0       0       0       0       0
      Temps:          2       0       0       0       0       0       0       0       0
      Totals:         5       0       0       0       0       0       0       0       0
Total ram usage:        5 bytes
 Hardware stack levels used:    1
 Hardware stack levels required when called:    3
 This function calls:
		_send
 This function is called by:
		_main
 This function uses a non-reentrant model


 *************** function _send *****************
 Defined at:
		line 31 in file "UART.c"
 Parameters:    Size  Location     Type
  enviarpc        1    wreg     unsigned char 
 Auto vars:     Size  Location     Type
  enviarpc        1    1[COMRAM] unsigned char 
 Return value:  Size  Location     Type
                  1    wreg      void 
 Registers used:
		wreg
 Tracked objects:
		On entry : 
		On exit  : 
		Unchanged: 
 Data sizes:     COMRAM   BANK0   BANK1   BANK2   BANK3   BANK4   BANK5   BANK6   BANK7
      Params:         0       0       0       0       0       0       0       0       0
      Locals:         1       0       0       0       0       0       0       0       0
      Temps:          0       0       0       0       0       0       0       0       0
      Totals:         1       0       0       0       0       0       0       0       0
Total ram usage:        1 bytes
 Hardware stack levels used:    1
 Hardware stack levels required when called:    2
 This function calls:
		Nothing
 This function is called by:
		_printf
		_main
 This function uses a non-reentrant model


 *************** function _portInit *****************
 Defined at:
		line 11 in file "Gpio.c"
 Parameters:    Size  Location     Type
		None
 Auto vars:     Size  Location     Type
		None
 Return value:  Size  Location     Type
                  1    wreg      void 
 Registers used:
		wreg, status,2
 Tracked objects:
		On entry : 
		On exit  : 
		Unchanged: 
 Data sizes:     COMRAM   BANK0   BANK1   BANK2   BANK3   BANK4   BANK5   BANK6   BANK7
      Params:         0       0       0       0       0       0       0       0       0
      Locals:         0       0       0       0       0       0       0       0       0
      Temps:          0       0       0       0       0       0       0       0       0
      Totals:         0       0       0       0       0       0       0       0       0
Total ram usage:        0 bytes
 Hardware stack levels used:    1
 Hardware stack levels required when called:    2
 This function calls:
		Nothing
 This function is called by:
		_main
 This function uses a non-reentrant model


 *************** function _UARTinit *****************
 Defined at:
		line 5 in file "UART.c"
 Parameters:    Size  Location     Type
		None
 Auto vars:     Size  Location     Type
		None
 Return value:  Size  Location     Type
                  1    wreg      void 
 Registers used:
		wreg, status,2
 Tracked objects:
		On entry : 
		On exit  : 
		Unchanged: 
 Data sizes:     COMRAM   BANK0   BANK1   BANK2   BANK3   BANK4   BANK5   BANK6   BANK7
      Params:         0       0       0       0       0       0       0       0       0
      Locals:         0       0       0       0       0       0       0       0       0
      Temps:          0       0       0       0       0       0       0       0       0
      Totals:         0       0       0       0       0       0       0       0       0
Total ram usage:        0 bytes
 Hardware stack levels used:    1
 Hardware stack levels required when called:    2
 This function calls:
		Nothing
 This function is called by:
		_main
 This function uses a non-reentrant model


 *************** function _PWM_CCP2_init *****************
 Defined at:
		line 4 in file "PWMCCP2.c"
 Parameters:    Size  Location     Type
		None
 Auto vars:     Size  Location     Type
		None
 Return value:  Size  Location     Type
                  1    wreg      void 
 Registers used:
		wreg, status,2
 Tracked objects:
		On entry : 
		On exit  : 
		Unchanged: 
 Data sizes:     COMRAM   BANK0   BANK1   BANK2   BANK3   BANK4   BANK5   BANK6   BANK7
      Params:         0       0       0       0       0       0       0       0       0
      Locals:         0       0       0       0       0       0       0       0       0
      Temps:          0       0       0       0       0       0       0       0       0
      Totals:         0       0       0       0       0       0       0       0       0
Total ram usage:        0 bytes
 Hardware stack levels used:    1
 Hardware stack levels required when called:    2
 This function calls:
		Nothing
 This function is called by:
		_main
 This function uses a non-reentrant model


 *************** function _PWM_CCP1_init *****************
 Defined at:
		line 4 in file "PWMCCP1.c"
 Parameters:    Size  Location     Type
		None
 Auto vars:     Size  Location     Type
		None
 Return value:  Size  Location     Type
                  1    wreg      void 
 Registers used:
		wreg, status,2
 Tracked objects:
		On entry : 
		On exit  : 
		Unchanged: 
 Data sizes:     COMRAM   BANK0   BANK1   BANK2   BANK3   BANK4   BANK5   BANK6   BANK7
      Params:         0       0       0       0       0       0       0       0       0
      Locals:         0       0       0       0       0       0       0       0       0
      Temps:          0       0       0       0       0       0       0       0       0
      Totals:         0       0       0       0       0       0       0       0       0
Total ram usage:        0 bytes
 Hardware stack levels used:    1
 Hardware stack levels required when called:    2
 This function calls:
		Nothing
 This function is called by:
		_main
 This function uses a non-reentrant model


 *************** function _ADCvalue *****************
 Defined at:
		line 18 in file "ADC.c"
 Parameters:    Size  Location     Type
		None
 Auto vars:     Size  Location     Type
  valorADC        2    5[COMRAM] unsigned int 
 Return value:  Size  Location     Type
                  2    1[COMRAM] unsigned int 
 Registers used:
		wreg, status,2, status,0
 Tracked objects:
		On entry : 
		On exit  : 
		Unchanged: 
 Data sizes:     COMRAM   BANK0   BANK1   BANK2   BANK3   BANK4   BANK5   BANK6   BANK7
      Params:         2       0       0       0       0       0       0       0       0
      Locals:         2       0       0       0       0       0       0       0       0
      Temps:          2       0       0       0       0       0       0       0       0
      Totals:         6       0       0       0       0       0       0       0       0
Total ram usage:        6 bytes
 Hardware stack levels used:    1
 Hardware stack levels required when called:    2
 This function calls:
		Nothing
 This function is called by:
		_main
 This function uses a non-reentrant model


 *************** function _ADCinit *****************
 Defined at:
		line 5 in file "ADC.c"
 Parameters:    Size  Location     Type
		None
 Auto vars:     Size  Location     Type
		None
 Return value:  Size  Location     Type
                  1    wreg      void 
 Registers used:
		wreg, status,2
 Tracked objects:
		On entry : 
		On exit  : 
		Unchanged: 
 Data sizes:     COMRAM   BANK0   BANK1   BANK2   BANK3   BANK4   BANK5   BANK6   BANK7
      Params:         0       0       0       0       0       0       0       0       0
      Locals:         0       0       0       0       0       0       0       0       0
      Temps:          0       0       0       0       0       0       0       0       0
      Totals:         0       0       0       0       0       0       0       0       0
Total ram usage:        0 bytes
 Hardware stack levels used:    1
 Hardware stack levels required when called:    2
 This function calls:
		Nothing
 This function is called by:
		_main
 This function uses a non-reentrant model


 *************** function _low_isr *****************
 Defined at:
		line 15 in file "PruebaADC.c"
 Parameters:    Size  Location     Type
		None
 Auto vars:     Size  Location     Type
		None
 Return value:  Size  Location     Type
                  1    wreg      void 
 Registers used:
		None
 Tracked objects:
		On entry : 
		On exit  : 
		Unchanged: 
 Data sizes:     COMRAM   BANK0   BANK1   BANK2   BANK3   BANK4   BANK5   BANK6   BANK7
      Params:         0       0       0       0       0       0       0       0       0
      Locals:         0       0       0       0       0       0       0       0       0
      Temps:          1       0       0       0       0       0       0       0       0
      Totals:         1       0       0       0       0       0       0       0       0
Total ram usage:        1 bytes
 Hardware stack levels used:    1
 Hardware stack levels required when called:    1
 This function calls:
		Nothing
 This function is called by:
		Interrupt level 1
 This function uses a non-reentrant model


 *************** function _high_isr *****************
 Defined at:
		line 10 in file "PruebaADC.c"
 Parameters:    Size  Location     Type
		None
 Auto vars:     Size  Location     Type
		None
 Return value:  Size  Location     Type
                  1    wreg      void 
 Registers used:
		None
 Tracked objects:
		On entry : 
		On exit  : 
		Unchanged: 
 Data sizes:     COMRAM   BANK0   BANK1   BANK2   BANK3   BANK4   BANK5   BANK6   BANK7
      Params:         0       0       0       0       0       0       0       0       0
      Locals:         0       0       0       0       0       0       0       0       0
      Temps:          0       0       0       0       0       0       0       0       0
      Totals:         0       0       0       0       0       0       0       0       0
Total ram usage:        0 bytes
 Hardware stack levels used:    1
 This function calls:
		Nothing
 This function is called by:
		Interrupt level 2
 This function uses a non-reentrant model



MODULE INFORMATION

Module		Function		Class		Link	Load	Size
UART.c
		_UARTinit      		CODE           	0932	0000	27
		_receive       		CODE           	0918	0000	27
		_printf        		CODE           	0804	0000	97
		_send          		CODE           	094C	0000	23

UART.c estimated size: 174

PruebaADC.c
		_main          		CODE           	0864	0000	89
		_high_isr      		CODE           	0008	0000	15
		_low_isr       		CODE           	0018	0000	17

PruebaADC.c estimated size: 121

PWMCCP1.c
		_PWM_CCP1_init 		CODE           	0978	0000	23

PWMCCP1.c estimated size: 23

Gpio.c
		_portInit      		CODE           	09A0	0000	13

Gpio.c estimated size: 13

shared
		__initialization		CODE           	098E	0000	1

shared estimated size: 1

PWMCCP2.c
		_PWM_CCP2_init 		CODE           	0962	0000	23

PWMCCP2.c estimated size: 23

ADC.c
		_ADCvalue      		CODE           	08EC	0000	45
		_ADCinit       		CODE           	08BC	0000	49

ADC.c estimated size: 94

