Microchip MPLAB XC8 Compiler V2.10 ()

Linker command line:

-W-3 --edf=C:\Program Files (x86)\Microchip\xc8\v2.10\pic\dat\en_msgs.txt \
  -cs -h+dist/default/production\SPARC_4550.X.production.sym \
  --cmf=dist/default/production\SPARC_4550.X.production.cmf -z -Q18F4550 \
  -oC:\Users\ALEJAN~1\AppData\Local\Temp\sets.2 --defsym=__MPLAB_BUILD=1 \
  -Mdist/default/production/SPARC_4550.X.production.map -E1 -ver=XC8 \
  --acfsm=1493 -ASTACK=0128h-07FFh -pstack=STACK -ACODE=00h-07FFFh \
  -ACONST=00h-07FFFh -ASMALLCONST=0800h-08FFhx120 \
  -AMEDIUMCONST=0800h-07FFFh -ACOMRAM=01h-05Fh -AABS1=00h-07FFh \
  -ABIGRAM=01h-07FFh -ARAM=060h-0FFh,0100h-01FFhx7 -ABANK0=060h-0FFh \
  -ABANK1=0100h-01FFh -ABANK2=0200h-02FFh -ABANK3=0300h-03FFh \
  -ABANK4=0400h-04FFh -ABANK5=0500h-05FFh -ABANK6=0600h-06FFh \
  -ABANK7=0700h-07FFh -ASFR=0F60h-0FFFh \
  -preset_vec=00h,intcode=08h,intcodelo=018h,powerup,init -pramtop=0800h \
  -psmallconst=SMALLCONST -pmediumconst=MEDIUMCONST -pconst=CONST \
  -AFARRAM=00h-00h -ACONFIG=0300000h-030000Dh -pconfig=CONFIG \
  -AIDLOC=0200000h-0200007h -pidloc=IDLOC -AEEDATA=0F00000h-0F000FFh \
  -peeprom_data=EEDATA \
  -prdata=COMRAM,nvrram=COMRAM,nvbit=COMRAM,rbss=COMRAM,rbit=COMRAM \
  -pfarbss=FARRAM,fardata=FARRAM,nvFARRAM=FARRAM \
  -pintsave_regs=BIGRAM,bigbss=BIGRAM,bigdata=BIGRAM -pbss=RAM \
  -pidata=CODE,irdata=CODE,ibigdata=CODE,ifardata=CODE -prparam=COMRAM \
  C:\Users\ALEJAN~1\AppData\Local\Temp\sets.o \
  dist/default/production\SPARC_4550.X.production.o 

Object code version is 3.11

Machine type is 18F4550

Call graph: (short form)




                Name                               Link     Load   Length Selector   Space Scale
C:\Users\ALEJAN~1\AppData\Local\Temp\sets.o
                init                                 28       28        4        C       0
                reset_vec                             0        0        4        0       0
                idloc                            200000   200000        8   200000       0
                config                           300000   300000        E   300000       0
dist/default/production\SPARC_4550.X.production.o
                intcodelo                            18       18       10        C       0
                intcode                               8        8        6        4       0
                temp                                 59       59        1        1       1
                mediumconst                        782A     782A      7D6     3C15       0
                text60                              91A      91A      42A        C       0
                text59                             1D8E     1D8E      106        C       0
                text58                             17FA     17FA      1B4        C       0
                text57                             270A     270A       B4        C       0
                text56                             2CF6     2CF6       14        C       0
                text55                             2656     2656       B4        C       0
                text54                             2CE2     2CE2       14        C       0
                text53                             2A54     2A54       46        C       0
                text52                             2C8A     2C8A       1A        C       0
                text51                             28D4     28D4       6C        C       0
                intcode_body                       19AE     19AE      19C        C       0
                text48                             2BDA     2BDA       22        C       0
                text47                             2C1C     2C1C       1E        C       0
                text46                             2C70     2C70       1A        C       0
                text45                             2A0E     2A0E       46        C       0
                text44                             2C3A     2C3A       1C        C       0
                text43                             2940     2940       68        C       0
                text42                             259C     259C       BA        C       0
                text41                             2D84     2D84        4        C       0
                text40                             2D80     2D80        4        C       0
                text39                               2C       2C      4C2        C       0
                text38                              4EE      4EE      42C        C       0
                text37                             1C86     1C86      108        C       0
                text36                             29A8     29A8       66        C       0
                text35                             1642     1642      1B8        C       0
                text34                             139E     139E      2A4        C       0
                text33                             24E0     24E0       BC        C       0
                text32                             2424     2424       BC        C       0
                text31                             2BB2     2BB2       28        C       0
                text30                             2A9A     2A9A       42        C       0
                text29                             2B4A     2B4A       36        C       0
                text28                             2186     2186       F8        C       0
                text27                             2B14     2B14       36        C       0
                text26                             208E     208E       F8        C       0
                text25                             2358     2358       CC        C       0
                text24                             1F94     1F94       FA        C       0
                text23                             2D62     2D62        8        C       0
                text22                             1B4A     1B4A      13C        C       0
                text21                             285C     285C       78        C       0
                text20                             1084     1084      31A        C       0
                text19                             227E     227E       DA        C       0
                text18                             2D76     2D76        6        C       0
                text17                             2D70     2D70        6        C       0
                text16                             2D6A     2D6A        6        C       0
                text15                             1E94     1E94      100        C       0
                text14                             2D54     2D54        E        C       0
                text13                             2D46     2D46        E        C       0
                text12                             2D38     2D38        E        C       0
                text11                             2CCE     2CCE       14        C       0
                text10                             2CBA     2CBA       14        C       0
                text9                              2D1A     2D1A       10        C       0
                text8                              2D0A     2D0A       10        C       0
                text7                              27BE     27BE       9E        C       0
                text6                              2D7C     2D7C        4        C       0
                text5                              2D2A     2D2A        E        C       0
                text4                              2BFC     2BFC       20        C       0
                text3                              2ADC     2ADC       38        C       0
                text2                              2CA4     2CA4       16        C       0
                text1                              2C56     2C56       1A        C       0
                text0                               D44      D44      340        C       0
                cstackCOMRAM                          1        1       41        1       1
                cstackBANK0                          60       60       6B       60       1
                bssBANK1                            100      100       28      100       1
                bssBANK0                             CB       CB       32       60       1
                bssCOMRAM                            42       42       17        1       1
                cinit                              2B80     2B80       32        C       0

TOTAL           Name                               Link     Load   Length     Space
        CLASS   STACK          

        CLASS   CODE           
                intcodelo                            18       18       10         0
                intcode                               8        8        6         0
                init                                 28       28        4         0
                reset_vec                             0        0        4         0
                text60                              91A      91A      42A         0
                text59                             1D8E     1D8E      106         0
                text58                             17FA     17FA      1B4         0
                text57                             270A     270A       B4         0
                text56                             2CF6     2CF6       14         0
                text55                             2656     2656       B4         0
                text54                             2CE2     2CE2       14         0
                text53                             2A54     2A54       46         0
                text52                             2C8A     2C8A       1A         0
                text51                             28D4     28D4       6C         0
                intcode_body                       19AE     19AE      19C         0
                text48                             2BDA     2BDA       22         0
                text47                             2C1C     2C1C       1E         0
                text46                             2C70     2C70       1A         0
                text45                             2A0E     2A0E       46         0
                text44                             2C3A     2C3A       1C         0
                text43                             2940     2940       68         0
                text42                             259C     259C       BA         0
                text41                             2D84     2D84        4         0
                text40                             2D80     2D80        4         0
                text39                               2C       2C      4C2         0
                text38                              4EE      4EE      42C         0
                text37                             1C86     1C86      108         0
                text36                             29A8     29A8       66         0
                text35                             1642     1642      1B8         0
                text34                             139E     139E      2A4         0
                text33                             24E0     24E0       BC         0
                text32                             2424     2424       BC         0
                text31                             2BB2     2BB2       28         0
                text30                             2A9A     2A9A       42         0
                text29                             2B4A     2B4A       36         0
                text28                             2186     2186       F8         0
                text27                             2B14     2B14       36         0
                text26                             208E     208E       F8         0
                text25                             2358     2358       CC         0
                text24                             1F94     1F94       FA         0
                text23                             2D62     2D62        8         0
                text22                             1B4A     1B4A      13C         0
                text21                             285C     285C       78         0
                text20                             1084     1084      31A         0
                text19                             227E     227E       DA         0
                text18                             2D76     2D76        6         0
                text17                             2D70     2D70        6         0
                text16                             2D6A     2D6A        6         0
                text15                             1E94     1E94      100         0
                text14                             2D54     2D54        E         0
                text13                             2D46     2D46        E         0
                text12                             2D38     2D38        E         0
                text11                             2CCE     2CCE       14         0
                text10                             2CBA     2CBA       14         0
                text9                              2D1A     2D1A       10         0
                text8                              2D0A     2D0A       10         0
                text7                              27BE     27BE       9E         0
                text6                              2D7C     2D7C        4         0
                text5                              2D2A     2D2A        E         0
                text4                              2BFC     2BFC       20         0
                text3                              2ADC     2ADC       38         0
                text2                              2CA4     2CA4       16         0
                text1                              2C56     2C56       1A         0
                text0                               D44      D44      340         0
                cinit                              2B80     2B80       32         0

        CLASS   CONST          

        CLASS   SMALLCONST     

        CLASS   MEDIUMCONST    
                mediumconst                        782A     782A      7D6         0

        CLASS   COMRAM         
                temp                                 59       59        1         1
                cstackCOMRAM                          1        1       41         1
                bssCOMRAM                            42       42       17         1

        CLASS   ABS1           

        CLASS   BIGRAM         

        CLASS   RAM            

        CLASS   BANK0          
                cstackBANK0                          60       60       6B         1
                bssBANK0                             CB       CB       32         1

        CLASS   BANK1          
                bssBANK1                            100      100       28         1

        CLASS   BANK2          

        CLASS   BANK3          

        CLASS   BANK4          

        CLASS   BANK5          

        CLASS   BANK6          

        CLASS   BANK7          

        CLASS   SFR            

        CLASS   FARRAM         

        CLASS   CONFIG         
                config                           300000   300000        E         0

        CLASS   IDLOC          
                idloc                            200000   200000        8         0

        CLASS   EEDATA         



SEGMENTS        Name                           Load    Length   Top    Selector   Space  Class

                reset_vec                      000000  000004  000004         0       0  CODE    
                cstackCOMRAM                   000001  000059  00005A         1       1  COMRAM  
                intcode                        000008  000006  00000E         4       0  CODE    
                intcodelo                      000018  002D70  002D88         C       0  CODE    
                cstackBANK0                    000060  00009D  0000FD        60       1  BANK0   
                bssBANK1                       000100  000028  000128       100       1  BANK1   
                mediumconst                    00782A  0007D6  008000      3C15       0  MEDIUMCO
                idloc                          200000  000008  200008    200000       0  IDLOC   
                config                         300000  00000E  30000E    300000       0  CONFIG  


UNUSED ADDRESS RANGES

        Name                Unused          Largest block    Delta
        BANK0            0000FD-0000FF                3
        BANK1            000128-0001FF               D8
        BANK2            000200-0002FF              100
        BANK3            000300-0003FF              100
        BANK4            000400-0004FF              100
        BANK5            000500-0005FF              100
        BANK6            000600-0006FF              100
        BANK7            000700-0007FF              100
        BIGRAM           00005A-00005F                6
                         0000FD-0000FF                3
                         000128-0007FF              6D8
        CODE             000004-000007                4
                         00000E-000017                A
                         002D88-007829             4AA2
        COMRAM           00005A-00005F                6
        CONST            000004-000007                4
                         00000E-000017                A
                         002D88-007829             4AA2
        EEDATA           F00000-F000FF              100
        MEDIUMCONST      002D88-007829             4AA2
        RAM              0000FD-0000FF                3
                         000128-0007FF              100
        SFR              000F60-000FFF               A0
        SMALLCONST       002D88-007829              100
        STACK            000128-0007FF              6D8

                                  Symbol Table

?___fladd                                  cstackBANK0  00008D
?___flmul                                  cstackBANK0  000074
?___fltol                                  cstackBANK0  00009D
?___lwmod                                  cstackBANK0  000061
?___wmul                                   cstackBANK0  000065
?___xxtofl                                 cstackBANK0  000066
?_abs                                      cstackBANK0  000061
?i2___flmul                                cstackCOMRAM 00000F
?i2___fltol                                cstackCOMRAM 000028
?i2___xxtofl                               cstackCOMRAM 000001
PWM_DutyCycleCCP1@PWMDutyValue             cstackBANK0  0000AE
PWM_DutyCycleCCP1@WantedDutyCycle          cstackBANK0  0000AD
PWM_DutyCycleCCP2@PWMDutyValue             cstackBANK0  0000AE
PWM_DutyCycleCCP2@WantedDutyCycle          cstackBANK0  0000AD
_ADCON0bits                                (abs)        000FC2
_ADCON1bits                                (abs)        000FC1
_ADCON2bits                                (abs)        000FC0
_ADRESH                                    (abs)        000FC4
_ADRESL                                    (abs)        000FC3
_BAUDCONbits                               (abs)        000FB8
_CCP1CONbits                               (abs)        000FBD
_CCP2CONbits                               (abs)        000FBA
_CCPR1L                                    (abs)        000FBE
_CCPR2L                                    (abs)        000FBB
_CREN                                      (abs)        007D5C
_CurrentPosX                               bssBANK0     0000F5
_CurrentPosY                               bssBANK0     0000F1
_FERR                                      (abs)        007D5A
_INTCON2bits                               (abs)        000FF1
_INTCON3bits                               (abs)        000FF0
_INTCONbits                                (abs)        000FF2
_LATBbits                                  (abs)        000F8A
_LATCbits                                  (abs)        000F8B
_LATDbits                                  (abs)        000F8C
_LATEbits                                  (abs)        000F8D
_OERR                                      (abs)        007D59
_OSCCON                                    (abs)        000FD3
_PIE1bits                                  (abs)        000F9D
_PIR1bits                                  (abs)        000F9E
_PORTAbits                                 (abs)        000F80
_PORTBbits                                 (abs)        000F81
_PORTCbits                                 (abs)        000F82
_PR2                                       (abs)        000FCB
_PWM_CCP1_init                             text48       002BDA
_PWM_CCP2_init                             text47       002C1C
_PWM_DutyCycleCCP1                         text33       0024E0
_PWM_DutyCycleCCP1$2903                    cstackBANK0  0000A9
_PWM_DutyCycleCCP2                         text32       002424
_PWM_DutyCycleCCP2$2902                    cstackBANK0  0000A9
_RCONbits                                  (abs)        000FD0
_RCREG                                     (abs)        000FAE
_RCREG1                                    (abs)        000FAE
_RCSTA1bits                                (abs)        000FAB
_SPBRG                                     (abs)        000FAF
_T0CONbits                                 (abs)        000FD5
_T1CONbits                                 (abs)        000FCD
_T2CONbits                                 (abs)        000FCA
_TMR0                                      (abs)        000FD6
_TMR0H                                     (abs)        000FD7
_TMR0L                                     (abs)        000FD6
_TMR1                                      (abs)        000FCE
_TMR1H                                     (abs)        000FCF
_TMR1L                                     (abs)        000FCE
_TMR2                                      (abs)        000FCC
_TRISAbits                                 (abs)        000F92
_TRISBbits                                 (abs)        000F93
_TRISCbits                                 (abs)        000F94
_TRISDbits                                 (abs)        000F95
_TRISEbits                                 (abs)        000F96
_TXEN                                      (abs)        007D65
_TXREG1                                    (abs)        000FAD
_TXSTA1bits                                (abs)        000FAC
_UARTinit                                  text46       002C70
_UCFGbits                                  (abs)        000F6F
_UCONbits                                  (abs)        000F6D
__CFG_FOSC$INTOSC_EC                       (abs)        000000
__CFG_LVP$OFF                              (abs)        000000
__CFG_MCLRE$ON                             (abs)        000000
__CFG_WDT$OFF                              (abs)        000000
__HRAM                                     (abs)        000000
__Habs1                                    abs1         000000
__Hbank0                                   bank0        000000
__Hbank1                                   bank1        000000
__Hbank2                                   bank2        000000
__Hbank3                                   bank3        000000
__Hbank4                                   bank4        000000
__Hbank5                                   bank5        000000
__Hbank6                                   bank6        000000
__Hbank7                                   bank7        000000
__Hbigbss                                  bigbss       000000
__Hbigdata                                 bigdata      000000
__Hbigram                                  bigram       000000
__Hbss                                     bss          000000
__HbssBANK0                                bssBANK0     000000
__HbssBANK1                                bssBANK1     000000
__HbssCOMRAM                               bssCOMRAM    000000
__Hcinit                                   cinit        000000
__Hclrtext                                 clrtext      000000
__Hcomram                                  comram       000000
__Hconfig                                  config       30000E
__Hconst                                   const        000000
__HcstackBANK0                             cstackBANK0  000000
__HcstackCOMRAM                            cstackCOMRAM 000000
__Hdata                                    data         000000
__Heeprom_data                             eeprom_data  000000
__Hfarbss                                  farbss       000000
__Hfardata                                 fardata      000000
__Hibigdata                                ibigdata     000000
__Hidata                                   idata        000000
__Hidloc                                   idloc        200008
__Hifardata                                ifardata     000000
__Hinit                                    init         00002C
__Hintcode                                 intcode      00000E
__Hintcode_body                            intcode_body 000000
__Hintcodelo                               intcodelo    000028
__Hintentry                                intentry     000000
__Hintret                                  intret       000000
__Hintsave_regs                            intsave_regs 000000
__Hirdata                                  irdata       000000
__Hmediumconst                             mediumconst  008000
__HnvFARRAM                                nvFARRAM     000000
__Hnvbit                                   nvbit        000000
__Hnvrram                                  nvrram       000000
__Hparam                                   rparam       000000
__Hpowerup                                 powerup      000028
__Hram                                     ram          000000
__Hramtop                                  ramtop       000800
__Hrbit                                    rbit         000000
__Hrbss                                    rbss         000000
__Hrdata                                   rdata        000000
__Hreset_vec                               reset_vec    000004
__Hrparam                                  rparam       000000
__Hsfr                                     sfr          000000
__Hsmallconst                              smallconst   000000
__Hspace_0                                 (abs)        30000E
__Hspace_1                                 (abs)        000128
__Hspace_2                                 (abs)        000000
__Hstack                                   stack        000000
__Hstruct                                  struct       000000
__Htemp                                    temp         00005A
__Htext                                    text         000000
__Htext0                                   text0        000000
__Htext1                                   text1        000000
__Htext10                                  text10       000000
__Htext11                                  text11       000000
__Htext12                                  text12       000000
__Htext13                                  text13       000000
__Htext14                                  text14       000000
__Htext15                                  text15       000000
__Htext16                                  text16       000000
__Htext17                                  text17       000000
__Htext18                                  text18       000000
__Htext19                                  text19       000000
__Htext2                                   text2        000000
__Htext20                                  text20       000000
__Htext21                                  text21       000000
__Htext22                                  text22       000000
__Htext23                                  text23       000000
__Htext24                                  text24       000000
__Htext25                                  text25       000000
__Htext26                                  text26       000000
__Htext27                                  text27       000000
__Htext28                                  text28       000000
__Htext29                                  text29       000000
__Htext3                                   text3        000000
__Htext30                                  text30       000000
__Htext31                                  text31       000000
__Htext32                                  text32       000000
__Htext33                                  text33       000000
__Htext34                                  text34       000000
__Htext35                                  text35       000000
__Htext36                                  text36       000000
__Htext37                                  text37       000000
__Htext38                                  text38       000000
__Htext39                                  text39       000000
__Htext4                                   text4        000000
__Htext40                                  text40       000000
__Htext41                                  text41       000000
__Htext42                                  text42       000000
__Htext43                                  text43       000000
__Htext44                                  text44       000000
__Htext45                                  text45       000000
__Htext46                                  text46       000000
__Htext47                                  text47       000000
__Htext48                                  text48       000000
__Htext5                                   text5        000000
__Htext51                                  text51       000000
__Htext52                                  text52       000000
__Htext53                                  text53       000000
__Htext54                                  text54       000000
__Htext55                                  text55       000000
__Htext56                                  text56       000000
__Htext57                                  text57       000000
__Htext58                                  text58       000000
__Htext59                                  text59       000000
__Htext6                                   text6        000000
__Htext60                                  text60       000000
__Htext7                                   text7        000000
__Htext8                                   text8        000000
__Htext9                                   text9        000000
__LRAM                                     (abs)        000001
__Labs1                                    abs1         000000
__Lbank0                                   bank0        000000
__Lbank1                                   bank1        000000
__Lbank2                                   bank2        000000
__Lbank3                                   bank3        000000
__Lbank4                                   bank4        000000
__Lbank5                                   bank5        000000
__Lbank6                                   bank6        000000
__Lbank7                                   bank7        000000
__Lbigbss                                  bigbss       000000
__Lbigdata                                 bigdata      000000
__Lbigram                                  bigram       000000
__Lbss                                     bss          000000
__LbssBANK0                                bssBANK0     000000
__LbssBANK1                                bssBANK1     000000
__LbssCOMRAM                               bssCOMRAM    000000
__Lcinit                                   cinit        000000
__Lclrtext                                 clrtext      000000
__Lcomram                                  comram       000000
__Lconfig                                  config       300000
__Lconst                                   const        000000
__LcstackBANK0                             cstackBANK0  000000
__LcstackCOMRAM                            cstackCOMRAM 000000
__Ldata                                    data         000000
__Leeprom_data                             eeprom_data  000000
__Lfarbss                                  farbss       000000
__Lfardata                                 fardata      000000
__Libigdata                                ibigdata     000000
__Lidata                                   idata        000000
__Lidloc                                   idloc        200000
__Lifardata                                ifardata     000000
__Linit                                    init         000028
__Lintcode                                 intcode      000008
__Lintcode_body                            intcode_body 000000
__Lintcodelo                               intcodelo    000018
__Lintentry                                intentry     000000
__Lintret                                  intret       000000
__Lintsave_regs                            intsave_regs 000000
__Lirdata                                  irdata       000000
__Lmediumconst                             mediumconst  00782A
__LnvFARRAM                                nvFARRAM     000000
__Lnvbit                                   nvbit        000000
__Lnvrram                                  nvrram       000000
__Lparam                                   rparam       000000
__Lpowerup                                 powerup      000028
__Lram                                     ram          000000
__Lramtop                                  ramtop       000800
__Lrbit                                    rbit         000000
__Lrbss                                    rbss         000000
__Lrdata                                   rdata        000000
__Lreset_vec                               reset_vec    000000
__Lrparam                                  rparam       000000
__Lsfr                                     sfr          000000
__Lsmallconst                              smallconst   000000
__Lspace_0                                 (abs)        000000
__Lspace_1                                 (abs)        000000
__Lspace_2                                 (abs)        000000
__Lstack                                   stack        000000
__Lstruct                                  struct       000000
__Ltemp                                    temp         000059
__Ltext                                    text         000000
__Ltext0                                   text0        000000
__Ltext1                                   text1        000000
__Ltext10                                  text10       000000
__Ltext11                                  text11       000000
__Ltext12                                  text12       000000
__Ltext13                                  text13       000000
__Ltext14                                  text14       000000
__Ltext15                                  text15       000000
__Ltext16                                  text16       000000
__Ltext17                                  text17       000000
__Ltext18                                  text18       000000
__Ltext19                                  text19       000000
__Ltext2                                   text2        000000
__Ltext20                                  text20       000000
__Ltext21                                  text21       000000
__Ltext22                                  text22       000000
__Ltext23                                  text23       000000
__Ltext24                                  text24       000000
__Ltext25                                  text25       000000
__Ltext26                                  text26       000000
__Ltext27                                  text27       000000
__Ltext28                                  text28       000000
__Ltext29                                  text29       000000
__Ltext3                                   text3        000000
__Ltext30                                  text30       000000
__Ltext31                                  text31       000000
__Ltext32                                  text32       000000
__Ltext33                                  text33       000000
__Ltext34                                  text34       000000
__Ltext35                                  text35       000000
__Ltext36                                  text36       000000
__Ltext37                                  text37       000000
__Ltext38                                  text38       000000
__Ltext39                                  text39       000000
__Ltext4                                   text4        000000
__Ltext40                                  text40       000000
__Ltext41                                  text41       000000
__Ltext42                                  text42       000000
__Ltext43                                  text43       000000
__Ltext44                                  text44       000000
__Ltext45                                  text45       000000
__Ltext46                                  text46       000000
__Ltext47                                  text47       000000
__Ltext48                                  text48       000000
__Ltext5                                   text5        000000
__Ltext51                                  text51       000000
__Ltext52                                  text52       000000
__Ltext53                                  text53       000000
__Ltext54                                  text54       000000
__Ltext55                                  text55       000000
__Ltext56                                  text56       000000
__Ltext57                                  text57       000000
__Ltext58                                  text58       000000
__Ltext59                                  text59       000000
__Ltext6                                   text6        000000
__Ltext60                                  text60       000000
__Ltext7                                   text7        000000
__Ltext8                                   text8        000000
__Ltext9                                   text9        000000
__S0                                       (abs)        30000E
__S1                                       (abs)        000128
__S2                                       (abs)        000000
___fladd                                   text39       00002C
___fladd@a                                 cstackBANK0  000091
___fladd@aexp                              cstackBANK0  00009A
___fladd@b                                 cstackBANK0  00008D
___fladd@bexp                              cstackBANK0  00009B
___fladd@grs                               cstackBANK0  00009C
___fladd@signs                             cstackBANK0  000099
___flmul                                   text38       0004EE
___flmul@a                                 cstackBANK0  000078
___flmul@aexp                              cstackBANK0  000085
___flmul@b                                 cstackBANK0  000074
___flmul@bexp                              cstackBANK0  000086
___flmul@grs                               cstackBANK0  000081
___flmul@prod                              cstackBANK0  000087
___flmul@sign                              cstackBANK0  000080
___flmul@temp                              cstackBANK0  00008B
___fltol                                   text37       001C86
___fltol@exp1                              cstackBANK0  0000A6
___fltol@f1                                cstackBANK0  00009D
___fltol@sign1                             cstackBANK0  0000A5
___inthi_sp                                stack        000000
___intlo_sp                                stack        000000
___lwmod                                   text36       0029A8
___lwmod@counter                           cstackBANK0  000065
___lwmod@dividend                          cstackBANK0  000061
___lwmod@divisor                           cstackBANK0  000063
___param_bank                              (abs)        000000
___rparam_used                             (abs)        000001
___sp                                      stack        000000
___wmul                                    text31       002BB2
___wmul@multiplicand                       cstackBANK0  000067
___wmul@multiplier                         cstackBANK0  000065
___wmul@product                            cstackBANK0  000069
___xxtofl                                  text35       001642
___xxtofl@arg                              cstackBANK0  000070
___xxtofl@exp                              cstackBANK0  00006F
___xxtofl@sign                             cstackBANK0  00006E
___xxtofl@val                              cstackBANK0  000066
__accesstop                                (abs)        000060
__activetblptr                             (abs)        000002
__end_of_PWM_CCP1_init                     text48       002BFC
__end_of_PWM_CCP2_init                     text47       002C3A
__end_of_PWM_DutyCycleCCP1                 text33       00259C
__end_of_PWM_DutyCycleCCP2                 text32       0024E0
__end_of_UARTinit                          text46       002C8A
__end_of___fladd                           text39       0004EE
__end_of___flmul                           text38       00091A
__end_of___fltol                           text37       001D8E
__end_of___lwmod                           text36       002A0E
__end_of___wmul                            text31       002BDA
__end_of___xxtofl                          text35       0017FA
__end_of__initialization                   cinit        002BA4
__end_of_abs                               text30       002ADC
__end_of_apagarZ                           text18       002D7C
__end_of_borrarTodasCoordenadas            text42       002656
__end_of_errorUART                         text45       002A54
__end_of_habilitarIntTMR0                  text41       002D88
__end_of_habilitarIntTMR1                  text40       002D84
__end_of_high_isr                          intcode_body 001B4A
__end_of_impCoordActual                    text34       001642
__end_of_imprimirCoordenadas               text22       001C86
__end_of_iniciarPrograma                   text24       00208E
__end_of_interruptsEnable                  text23       002D6A
__end_of_introducirCoordNueva              text20       00139E
__end_of_low_isr                           intcodelo    000028
__end_of_main                              text0        001084
__end_of_modificarCoordenada               text19       002358
__end_of_modificarZ                        text15       001F94
__end_of_motorXinit                        text14       002D62
__end_of_motorYinit                        text13       002D54
__end_of_motoresZinit                      text12       002D46
__end_of_moverHaciaX                       text28       00227E
__end_of_moverHaciaY                       text26       002186
__end_of_moverHomeX                        text11       002CE2
__end_of_moverHomeY                        text10       002CCE
__end_of_moverXInfinito                    text9        002D2A
__end_of_moverYInfinito                    text8        002D1A
__end_of_moverZAbajo                       text17       002D76
__end_of_moverZArriba                      text16       002D70
__end_of_movimientoLibre                   text7        00285C
__end_of_pistonInit                        text6        002D80
__end_of_portInit                          text5        002D38
__end_of_presionarPantalla                 text25       002424
__end_of_printf                            text43       0029A8
__end_of_receive                           text4        002C1C
__end_of_receiveNum                        text21       0028D4
__end_of_scanf                             text3        002B14
__end_of_send                              text44       002C56
__end_of_setNumPasosX                      text29       002B80
__end_of_setNumPasosY                      text27       002B4A
__end_of_tmr0Init                          text2        002CBA
__end_of_tmr1Init                          text1        002C70
__end_ofi2_PWM_DutyCycleCCP1               text57       0027BE
__end_ofi2_PWM_DutyCycleCCP2               text55       00270A
__end_ofi2___flmul                         text60       000D44
__end_ofi2___fltol                         text59       001E94
__end_ofi2___xxtofl                        text58       0019AE
__end_ofi2_errorUART                       text53       002A9A
__end_ofi2_moverHomeX                      text56       002D0A
__end_ofi2_moverHomeY                      text54       002CF6
__end_ofi2_printf                          text51       002940
__end_ofi2_send                            text52       002CA4
__initialization                           cinit        002B80
__mediumconst                              mediumconst  00782A
__pbssBANK0                                bssBANK0     0000CB
__pbssBANK1                                bssBANK1     000100
__pbssCOMRAM                               bssCOMRAM    000042
__pcinit                                   cinit        002B80
__pcstackBANK0                             cstackBANK0  000060
__pcstackCOMRAM                            cstackCOMRAM 000001
__pintcode                                 intcode      000008
__pintcode_body                            intcode_body 0019AE
__pintcodelo                               intcodelo    000018
__pmediumconst                             mediumconst  00782A
__ptext0                                   text0        000D44
__ptext1                                   text1        002C56
__ptext10                                  text10       002CBA
__ptext11                                  text11       002CCE
__ptext12                                  text12       002D38
__ptext13                                  text13       002D46
__ptext14                                  text14       002D54
__ptext15                                  text15       001E94
__ptext16                                  text16       002D6A
__ptext17                                  text17       002D70
__ptext18                                  text18       002D76
__ptext19                                  text19       00227E
__ptext2                                   text2        002CA4
__ptext20                                  text20       001084
__ptext21                                  text21       00285C
__ptext22                                  text22       001B4A
__ptext23                                  text23       002D62
__ptext24                                  text24       001F94
__ptext25                                  text25       002358
__ptext26                                  text26       00208E
__ptext27                                  text27       002B14
__ptext28                                  text28       002186
__ptext29                                  text29       002B4A
__ptext3                                   text3        002ADC
__ptext30                                  text30       002A9A
__ptext31                                  text31       002BB2
__ptext32                                  text32       002424
__ptext33                                  text33       0024E0
__ptext34                                  text34       00139E
__ptext35                                  text35       001642
__ptext36                                  text36       0029A8
__ptext37                                  text37       001C86
__ptext38                                  text38       0004EE
__ptext39                                  text39       00002C
__ptext4                                   text4        002BFC
__ptext40                                  text40       002D80
__ptext41                                  text41       002D84
__ptext42                                  text42       00259C
__ptext43                                  text43       002940
__ptext44                                  text44       002C3A
__ptext45                                  text45       002A0E
__ptext46                                  text46       002C70
__ptext47                                  text47       002C1C
__ptext48                                  text48       002BDA
__ptext5                                   text5        002D2A
__ptext51                                  text51       0028D4
__ptext52                                  text52       002C8A
__ptext53                                  text53       002A54
__ptext54                                  text54       002CE2
__ptext55                                  text55       002656
__ptext56                                  text56       002CF6
__ptext57                                  text57       00270A
__ptext58                                  text58       0017FA
__ptext59                                  text59       001D8E
__ptext6                                   text6        002D7C
__ptext60                                  text60       00091A
__ptext7                                   text7        0027BE
__ptext8                                   text8        002D0A
__ptext9                                   text9        002D1A
__ramtop                                   ramtop       000800
__size_of_PWM_CCP1_init                    (abs)        000000
__size_of_PWM_CCP2_init                    (abs)        000000
__size_of_PWM_DutyCycleCCP1                (abs)        000000
__size_of_PWM_DutyCycleCCP2                (abs)        000000
__size_of_UARTinit                         (abs)        000000
__size_of___fladd                          (abs)        000000
__size_of___flmul                          (abs)        000000
__size_of___fltol                          (abs)        000000
__size_of___lwmod                          (abs)        000000
__size_of___wmul                           (abs)        000000
__size_of___xxtofl                         (abs)        000000
__size_of_abs                              (abs)        000000
__size_of_apagarZ                          (abs)        000000
__size_of_borrarTodasCoordenadas           (abs)        000000
__size_of_errorUART                        (abs)        000000
__size_of_habilitarIntTMR0                 (abs)        000000
__size_of_habilitarIntTMR1                 (abs)        000000
__size_of_high_isr                         (abs)        000000
__size_of_impCoordActual                   (abs)        000000
__size_of_imprimirCoordenadas              (abs)        000000
__size_of_iniciarPrograma                  (abs)        000000
__size_of_interruptsEnable                 (abs)        000000
__size_of_introducirCoordNueva             (abs)        000000
__size_of_low_isr                          (abs)        000000
__size_of_main                             (abs)        000000
__size_of_modificarCoordenada              (abs)        000000
__size_of_modificarZ                       (abs)        000000
__size_of_motorXinit                       (abs)        000000
__size_of_motorYinit                       (abs)        000000
__size_of_motoresZinit                     (abs)        000000
__size_of_moverHaciaX                      (abs)        000000
__size_of_moverHaciaY                      (abs)        000000
__size_of_moverHomeX                       (abs)        000000
__size_of_moverHomeY                       (abs)        000000
__size_of_moverXInfinito                   (abs)        000000
__size_of_moverYInfinito                   (abs)        000000
__size_of_moverZAbajo                      (abs)        000000
__size_of_moverZArriba                     (abs)        000000
__size_of_movimientoLibre                  (abs)        000000
__size_of_pistonInit                       (abs)        000000
__size_of_portInit                         (abs)        000000
__size_of_presionarPantalla                (abs)        000000
__size_of_printf                           (abs)        000000
__size_of_receive                          (abs)        000000
__size_of_receiveNum                       (abs)        000000
__size_of_scanf                            (abs)        000000
__size_of_send                             (abs)        000000
__size_of_setNumPasosX                     (abs)        000000
__size_of_setNumPasosY                     (abs)        000000
__size_of_tmr0Init                         (abs)        000000
__size_of_tmr1Init                         (abs)        000000
__size_ofi2_PWM_DutyCycleCCP1              (abs)        000000
__size_ofi2_PWM_DutyCycleCCP2              (abs)        000000
__size_ofi2___flmul                        (abs)        000000
__size_ofi2___fltol                        (abs)        000000
__size_ofi2___xxtofl                       (abs)        000000
__size_ofi2_errorUART                      (abs)        000000
__size_ofi2_moverHomeX                     (abs)        000000
__size_ofi2_moverHomeY                     (abs)        000000
__size_ofi2_printf                         (abs)        000000
__size_ofi2_send                           (abs)        000000
__smallconst                               smallconst   000000
_abs                                       text30       002A9A
_apagarZ                                   text18       002D76
_borrarTodasCoordenadas                    text42       00259C
_coordXCentenas                            bssBANK0     0000DF
_coordXDecenas                             bssBANK0     0000D5
_coordXUnidades                            bssBANK0     0000CB
_coordYCentenas                            bssCOMRAM    00004C
_coordYDecenas                             bssCOMRAM    000042
_coordYUnidades                            bssBANK1     00011E
_coordenadaNueva                           bssBANK0     0000FC
_coordinates                               bssBANK0     0000E9
_destinoHomeX                              bssCOMRAM    000058
_destinoHomeY                              bssCOMRAM    000057
_errorUART                                 text45       002A0E
_habilitarIntTMR0                          text41       002D84
_habilitarIntTMR1                          text40       002D80
_habilitarModCoord                         bssBANK0     0000FB
_high_isr                                  intcode      000008
_impCoordActual                            text34       00139E
_impCoordActual$2904                       cstackBANK0  0000A7
_imprimirCoordenadas                       text22       001B4A
_iniciarPrograma                           text24       001F94
_interruptsEnable                          text23       002D62
_introducirCoordNueva                      text20       001084
_llegoHomeX                                bssBANK0     0000F9
_llegoHomeY                                bssCOMRAM    000056
_low_isr                                   intcodelo    000018
_main                                      text0        000D44
_modificarCoordenada                       text19       00227E
_modificarZ                                text15       001E94
_motorXinit                                text14       002D54
_motorYinit                                text13       002D46
_motoresZinit                              text12       002D38
_moverHaciaX                               text28       002186
_moverHaciaY                               text26       00208E
_moverHomeX                                text11       002CCE
_moverHomeY                                text10       002CBA
_moverXInfinito                            text9        002D1A
_moverYInfinito                            text8        002D0A
_moverZAbajo                               text17       002D70
_moverZArriba                              text16       002D6A
_movimientoLibre                           text7        0027BE
_pistonInit                                text6        002D7C
_portInit                                  text5        002D2A
_presionarPantalla                         text25       002358
_presionarZCentenas                        bssBANK1     000114
_presionarZDecenas                         bssBANK1     00010A
_presionarZUnidades                        bssBANK1     000100
_printf                                    text43       002940
_receive                                   text4        002BFC
_receiveNum                                text21       00285C
_scanf                                     text3        002ADC
_send                                      text44       002C3A
_setNumPasosX                              text29       002B4A
_setNumPasosY                              text27       002B14
_sparcEnMovimiento                         bssBANK0     0000FA
_tmr0Init                                  text2        002CA4
_tmr1Init                                  text1        002C56
_xToAdvance                                bssBANK0     0000F7
_yToAdvance                                bssBANK0     0000F3
abs@a                                      cstackBANK0  000061
borrarTodasCoordenadas@impresionCoordenada cstackBANK0  000068
btemp                                      temp         000059
end_of_initialization                      cinit        002BA4
errorUART@temp                             cstackBANK0  000061
i2PWM_DutyCycleCCP1@PWMDutyValue           cstackCOMRAM 000039
i2PWM_DutyCycleCCP1@WantedDutyCycle        cstackCOMRAM 000038
i2PWM_DutyCycleCCP2@PWMDutyValue           cstackCOMRAM 000039
i2PWM_DutyCycleCCP2@WantedDutyCycle        cstackCOMRAM 000038
i2_PWM_DutyCycleCCP1                       text57       00270A
i2_PWM_DutyCycleCCP1$2995                  cstackCOMRAM 000034
i2_PWM_DutyCycleCCP2                       text55       002656
i2_PWM_DutyCycleCCP2$2994                  cstackCOMRAM 000034
i2___flmul                                 text60       00091A
i2___flmul@a                               cstackCOMRAM 000013
i2___flmul@aexp                            cstackCOMRAM 000020
i2___flmul@b                               cstackCOMRAM 00000F
i2___flmul@bexp                            cstackCOMRAM 000021
i2___flmul@grs                             cstackCOMRAM 00001C
i2___flmul@prod                            cstackCOMRAM 000022
i2___flmul@sign                            cstackCOMRAM 00001B
i2___flmul@temp                            cstackCOMRAM 000026
i2___fltol                                 text59       001D8E
i2___fltol@exp1                            cstackCOMRAM 000031
i2___fltol@f1                              cstackCOMRAM 000028
i2___fltol@sign1                           cstackCOMRAM 000030
i2___xxtofl                                text58       0017FA
i2___xxtofl@arg                            cstackCOMRAM 00000B
i2___xxtofl@exp                            cstackCOMRAM 00000A
i2___xxtofl@sign                           cstackCOMRAM 000009
i2___xxtofl@val                            cstackCOMRAM 000001
i2_errorUART                               text53       002A54
i2_moverHomeX                              text56       002CF6
i2_moverHomeY                              text54       002CE2
i2_printf                                  text51       0028D4
i2_send                                    text52       002C8A
i2errorUART@temp                           cstackCOMRAM 000001
i2printf@PointString                       cstackCOMRAM 000003
i2printf@i                                 cstackCOMRAM 000007
i2send@enviarpc                            cstackCOMRAM 000002
imprimirCoordenadas@impresionCoordenada    cstackBANK0  000069
imprimirCoordenadas@numCoordenadas         cstackBANK0  000068
iniciarPrograma@coordenadaA_Mover          cstackBANK0  0000B5
int$flags                                  temp         000059
int_func                                   intcode_body 0019AE
intlevel0                                  text         000000
intlevel1                                  text         000000
intlevel2                                  text         000000
intlevel3                                  text         000000
introducirCoordNueva@validarCoordX         cstackBANK0  00006E
introducirCoordNueva@validarCoordY         cstackBANK0  000070
main@activarmenu                           cstackBANK0  0000C2
main@decision5                             cstackBANK0  0000C7
main@decision6                             cstackBANK0  0000C8
main@loco                                  cstackBANK0  0000C9
main@opcionsel                             cstackBANK0  0000CA
main@pActMenu                              cstackBANK0  0000C0
main@tamanoarray                           cstackBANK0  0000BE
modificarCoordenada@coordenadaNuevaCopia   cstackBANK0  000079
modificarCoordenada@modCoord               cstackBANK0  00007A
modificarZ@OkEncendido                     cstackBANK0  000069
moverHaciaX@coordXCentenas                 cstackBANK0  0000B4
moverHaciaX@coordXDecenas                  cstackBANK0  0000B0
moverHaciaX@coordXUnidades                 cstackBANK0  0000B1
moverHaciaY@coordYCentenas                 cstackBANK0  0000B4
moverHaciaY@coordYDecenas                  cstackBANK0  0000B0
moverHaciaY@coordYUnidades                 cstackBANK0  0000B1
movimientoLibre@lx1                        cstackBANK0  0000B5
movimientoLibre@lx2                        cstackBANK0  0000B6
movimientoLibre@lx3                        cstackBANK0  0000B7
movimientoLibre@ly1                        cstackBANK0  0000B8
movimientoLibre@ly2                        cstackBANK0  0000B9
movimientoLibre@ly3                        cstackBANK0  0000BA
movimientoLibre@lz1                        cstackBANK0  0000BB
movimientoLibre@lz2                        cstackBANK0  0000BC
movimientoLibre@lz3                        cstackBANK0  0000BD
presionarPantalla@presionarZCentenas       cstackBANK0  000067
presionarPantalla@presionarZDecenas        cstackBANK0  000061
presionarPantalla@presionarZUnidades       cstackBANK0  000062
presionarPantalla@toques                   cstackBANK0  000068
printf@PointString                         cstackBANK0  000063
printf@i                                   cstackBANK0  000067
receive@recibido                           cstackBANK0  000062
receiveNum@recibido                        cstackBANK0  000068
scanf@guardarscan                          cstackBANK0  000063
scanf@i                                    cstackBANK0  000066
scanf@numcaracteres                        cstackBANK0  000065
send@enviarpc                              cstackBANK0  000062
setNumPasosX@numPasosX                     cstackBANK0  000061
setNumPasosX@resultado                     cstackBANK0  000063
setNumPasosY@numPasosY                     cstackBANK0  000061
setNumPasosY@resultado                     cstackBANK0  000063
stackhi                                    (abs)        0007FF
stacklo                                    (abs)        000128
start                                      init         000028
start_initialization                       cinit        002B80
ttemp5                                     temp         00005A
ttemp6                                     temp         00005D
ttemp7                                     temp         000061
wtemp8                                     temp         00005A


FUNCTION INFORMATION:

 *************** function _main *****************
 Defined at:
		line 78 in file "main.c"
 Parameters:    Size  Location     Type
		None
 Auto vars:     Size  Location     Type
  loco            1  105[BANK0 ] unsigned char 
  decision6       1  104[BANK0 ] unsigned char 
  decision5       1  103[BANK0 ] unsigned char 
  opcionsel       1  106[BANK0 ] unsigned char 
  activarmenu     5   98[BANK0 ] unsigned char [5]
  pActMenu        2   96[BANK0 ] PTR unsigned char 
		 -> main@activarmenu(5), 
  desechable      1    0        unsigned char 
  tamanoarray     1   94[BANK0 ] unsigned char 
 Return value:  Size  Location     Type
                  1    wreg      void 
 Registers used:
		wreg, fsr2l, fsr2h, status,2, status,0, tblptrl, tblptrh, tblptru, prodl, prodh, cstack
 Tracked objects:
		On entry : 
		On exit  : 
		Unchanged: 
 Data sizes:     COMRAM   BANK0   BANK1   BANK2   BANK3   BANK4   BANK5   BANK6   BANK7
      Params:         0       0       0       0       0       0       0       0       0
      Locals:         0      13       0       0       0       0       0       0       0
      Temps:          0       0       0       0       0       0       0       0       0
      Totals:         0      13       0       0       0       0       0       0       0
Total ram usage:       13 bytes
 Hardware stack levels required when called:   11
 This function calls:
		_PWM_CCP1_init
		_PWM_CCP2_init
		_PWM_DutyCycleCCP1
		_PWM_DutyCycleCCP2
		_UARTinit
		_borrarTodasCoordenadas
		_habilitarIntTMR0
		_habilitarIntTMR1
		_impCoordActual
		_imprimirCoordenadas
		_iniciarPrograma
		_interruptsEnable
		_introducirCoordNueva
		_modificarCoordenada
		_modificarZ
		_motorXinit
		_motorYinit
		_motoresZinit
		_moverHaciaX
		_moverHomeX
		_moverHomeY
		_moverXInfinito
		_moverYInfinito
		_movimientoLibre
		_pistonInit
		_portInit
		_printf
		_receive
		_receiveNum
		_scanf
		_tmr0Init
		_tmr1Init
 This function is called by:
		Startup code after reset
 This function uses a non-reentrant model


 *************** function _tmr1Init *****************
 Defined at:
		line 7 in file "Timers.c"
 Parameters:    Size  Location     Type
		None
 Auto vars:     Size  Location     Type
		None
 Return value:  Size  Location     Type
                  1    wreg      void 
 Registers used:
		wreg, status,2
 Tracked objects:
		On entry : 
		On exit  : 
		Unchanged: 
 Data sizes:     COMRAM   BANK0   BANK1   BANK2   BANK3   BANK4   BANK5   BANK6   BANK7
      Params:         0       0       0       0       0       0       0       0       0
      Locals:         0       0       0       0       0       0       0       0       0
      Temps:          0       0       0       0       0       0       0       0       0
      Totals:         0       0       0       0       0       0       0       0       0
Total ram usage:        0 bytes
 Hardware stack levels used:    1
 Hardware stack levels required when called:    5
 This function calls:
		Nothing
 This function is called by:
		_main
 This function uses a non-reentrant model


 *************** function _tmr0Init *****************
 Defined at:
		line 20 in file "Timers.c"
 Parameters:    Size  Location     Type
		None
 Auto vars:     Size  Location     Type
		None
 Return value:  Size  Location     Type
                  1    wreg      void 
 Registers used:
		wreg, status,2
 Tracked objects:
		On entry : 
		On exit  : 
		Unchanged: 
 Data sizes:     COMRAM   BANK0   BANK1   BANK2   BANK3   BANK4   BANK5   BANK6   BANK7
      Params:         0       0       0       0       0       0       0       0       0
      Locals:         0       0       0       0       0       0       0       0       0
      Temps:          0       0       0       0       0       0       0       0       0
      Totals:         0       0       0       0       0       0       0       0       0
Total ram usage:        0 bytes
 Hardware stack levels used:    1
 Hardware stack levels required when called:    5
 This function calls:
		Nothing
 This function is called by:
		_main
 This function uses a non-reentrant model


 *************** function _scanf *****************
 Defined at:
		line 17 in file "Comunicacion.c"
 Parameters:    Size  Location     Type
  guardarscan     2    3[BANK0 ] PTR unsigned char 
		 -> main@activarmenu(5), 
  numcaractere    1    5[BANK0 ] unsigned char 
 Auto vars:     Size  Location     Type
  i               1    6[BANK0 ] unsigned char 
 Return value:  Size  Location     Type
                  1    wreg      void 
 Registers used:
		wreg, fsr2l, fsr2h, status,2, status,0, cstack
 Tracked objects:
		On entry : 
		On exit  : 
		Unchanged: 
 Data sizes:     COMRAM   BANK0   BANK1   BANK2   BANK3   BANK4   BANK5   BANK6   BANK7
      Params:         0       3       0       0       0       0       0       0       0
      Locals:         0       1       0       0       0       0       0       0       0
      Temps:          0       0       0       0       0       0       0       0       0
      Totals:         0       4       0       0       0       0       0       0       0
Total ram usage:        4 bytes
 Hardware stack levels used:    1
 Hardware stack levels required when called:    7
 This function calls:
		_errorUART
		_receive
 This function is called by:
		_main
 This function uses a non-reentrant model


 *************** function _receive *****************
 Defined at:
		line 22 in file "UART.c"
 Parameters:    Size  Location     Type
		None
 Auto vars:     Size  Location     Type
  recibido        1    2[BANK0 ] unsigned char 
 Return value:  Size  Location     Type
                  1    wreg      unsigned char 
 Registers used:
		wreg, status,2, cstack
 Tracked objects:
		On entry : 
		On exit  : 
		Unchanged: 
 Data sizes:     COMRAM   BANK0   BANK1   BANK2   BANK3   BANK4   BANK5   BANK6   BANK7
      Params:         0       0       0       0       0       0       0       0       0
      Locals:         0       1       0       0       0       0       0       0       0
      Temps:          0       0       0       0       0       0       0       0       0
      Totals:         0       1       0       0       0       0       0       0       0
Total ram usage:        1 bytes
 Hardware stack levels used:    1
 Hardware stack levels required when called:    6
 This function calls:
		_errorUART
 This function is called by:
		_scanf
		_main
 This function uses a non-reentrant model


 *************** function _portInit *****************
 Defined at:
		line 11 in file "Gpio.c"
 Parameters:    Size  Location     Type
		None
 Auto vars:     Size  Location     Type
		None
 Return value:  Size  Location     Type
                  1    wreg      void 
 Registers used:
		wreg, status,2
 Tracked objects:
		On entry : 
		On exit  : 
		Unchanged: 
 Data sizes:     COMRAM   BANK0   BANK1   BANK2   BANK3   BANK4   BANK5   BANK6   BANK7
      Params:         0       0       0       0       0       0       0       0       0
      Locals:         0       0       0       0       0       0       0       0       0
      Temps:          0       0       0       0       0       0       0       0       0
      Totals:         0       0       0       0       0       0       0       0       0
Total ram usage:        0 bytes
 Hardware stack levels used:    1
 Hardware stack levels required when called:    5
 This function calls:
		Nothing
 This function is called by:
		_main
 This function uses a non-reentrant model


 *************** function _pistonInit *****************
 Defined at:
		line 47 in file "Gpio.c"
 Parameters:    Size  Location     Type
		None
 Auto vars:     Size  Location     Type
		None
 Return value:  Size  Location     Type
                  1    wreg      void 
 Registers used:
		None
 Tracked objects:
		On entry : 
		On exit  : 
		Unchanged: 
 Data sizes:     COMRAM   BANK0   BANK1   BANK2   BANK3   BANK4   BANK5   BANK6   BANK7
      Params:         0       0       0       0       0       0       0       0       0
      Locals:         0       0       0       0       0       0       0       0       0
      Temps:          0       0       0       0       0       0       0       0       0
      Totals:         0       0       0       0       0       0       0       0       0
Total ram usage:        0 bytes
 Hardware stack levels used:    1
 Hardware stack levels required when called:    5
 This function calls:
		Nothing
 This function is called by:
		_main
 This function uses a non-reentrant model


 *************** function _movimientoLibre *****************
 Defined at:
		line 136 in file "FuncionesMenu.c"
 Parameters:    Size  Location     Type
		None
 Auto vars:     Size  Location     Type
  lz3             1   93[BANK0 ] unsigned char 
  lz2             1   92[BANK0 ] unsigned char 
  lz1             1   91[BANK0 ] unsigned char 
  ly3             1   90[BANK0 ] unsigned char 
  ly2             1   89[BANK0 ] unsigned char 
  ly1             1   88[BANK0 ] unsigned char 
  lx3             1   87[BANK0 ] unsigned char 
  lx2             1   86[BANK0 ] unsigned char 
  lx1             1   85[BANK0 ] unsigned char 
 Return value:  Size  Location     Type
                  1    wreg      void 
 Registers used:
		wreg, status,2, status,0, tblptrl, tblptrh, tblptru, prodl, prodh, cstack
 Tracked objects:
		On entry : 
		On exit  : 
		Unchanged: 
 Data sizes:     COMRAM   BANK0   BANK1   BANK2   BANK3   BANK4   BANK5   BANK6   BANK7
      Params:         0       0       0       0       0       0       0       0       0
      Locals:         0       9       0       0       0       0       0       0       0
      Temps:          0       0       0       0       0       0       0       0       0
      Totals:         0       9       0       0       0       0       0       0       0
Total ram usage:        9 bytes
 Hardware stack levels used:    1
 Hardware stack levels required when called:    9
 This function calls:
		_moverHaciaX
		_moverHaciaY
		_presionarPantalla
		_printf
		_receiveNum
 This function is called by:
		_main
 This function uses a non-reentrant model


 *************** function _moverYInfinito *****************
 Defined at:
		line 115 in file "MotoresXYZ.c"
 Parameters:    Size  Location     Type
		None
 Auto vars:     Size  Location     Type
		None
 Return value:  Size  Location     Type
                  1    wreg      void 
 Registers used:
		wreg, status,2, status,0, prodl, prodh, cstack
 Tracked objects:
		On entry : 
		On exit  : 
		Unchanged: 
 Data sizes:     COMRAM   BANK0   BANK1   BANK2   BANK3   BANK4   BANK5   BANK6   BANK7
      Params:         0       0       0       0       0       0       0       0       0
      Locals:         0       0       0       0       0       0       0       0       0
      Temps:          0       0       0       0       0       0       0       0       0
      Totals:         0       0       0       0       0       0       0       0       0
Total ram usage:        0 bytes
 Hardware stack levels used:    1
 Hardware stack levels required when called:    7
 This function calls:
		_PWM_DutyCycleCCP2
 This function is called by:
		_main
 This function uses a non-reentrant model


 *************** function _moverXInfinito *****************
 Defined at:
		line 105 in file "MotoresXYZ.c"
 Parameters:    Size  Location     Type
		None
 Auto vars:     Size  Location     Type
		None
 Return value:  Size  Location     Type
                  1    wreg      void 
 Registers used:
		wreg, status,2, status,0, prodl, prodh, cstack
 Tracked objects:
		On entry : 
		On exit  : 
		Unchanged: 
 Data sizes:     COMRAM   BANK0   BANK1   BANK2   BANK3   BANK4   BANK5   BANK6   BANK7
      Params:         0       0       0       0       0       0       0       0       0
      Locals:         0       0       0       0       0       0       0       0       0
      Temps:          0       0       0       0       0       0       0       0       0
      Totals:         0       0       0       0       0       0       0       0       0
Total ram usage:        0 bytes
 Hardware stack levels used:    1
 Hardware stack levels required when called:    7
 This function calls:
		_PWM_DutyCycleCCP1
 This function is called by:
		_main
 This function uses a non-reentrant model


 *************** function _moverHomeY *****************
 Defined at:
		line 94 in file "MotoresXYZ.c"
 Parameters:    Size  Location     Type
		None
 Auto vars:     Size  Location     Type
		None
 Return value:  Size  Location     Type
                  1    wreg      void 
 Registers used:
		wreg, status,2, status,0, prodl, prodh, cstack
 Tracked objects:
		On entry : 
		On exit  : 
		Unchanged: 
 Data sizes:     COMRAM   BANK0   BANK1   BANK2   BANK3   BANK4   BANK5   BANK6   BANK7
      Params:         0       0       0       0       0       0       0       0       0
      Locals:         0       0       0       0       0       0       0       0       0
      Temps:          0       0       0       0       0       0       0       0       0
      Totals:         0       0       0       0       0       0       0       0       0
Total ram usage:        0 bytes
 Hardware stack levels used:    1
 Hardware stack levels required when called:    7
 This function calls:
		_PWM_DutyCycleCCP2
 This function is called by:
		_main
 This function uses a non-reentrant model


 *************** function _moverHomeX *****************
 Defined at:
		line 83 in file "MotoresXYZ.c"
 Parameters:    Size  Location     Type
		None
 Auto vars:     Size  Location     Type
		None
 Return value:  Size  Location     Type
                  1    wreg      void 
 Registers used:
		wreg, status,2, status,0, prodl, prodh, cstack
 Tracked objects:
		On entry : 
		On exit  : 
		Unchanged: 
 Data sizes:     COMRAM   BANK0   BANK1   BANK2   BANK3   BANK4   BANK5   BANK6   BANK7
      Params:         0       0       0       0       0       0       0       0       0
      Locals:         0       0       0       0       0       0       0       0       0
      Temps:          0       0       0       0       0       0       0       0       0
      Totals:         0       0       0       0       0       0       0       0       0
Total ram usage:        0 bytes
 Hardware stack levels used:    1
 Hardware stack levels required when called:    7
 This function calls:
		_PWM_DutyCycleCCP1
 This function is called by:
		_main
 This function uses a non-reentrant model


 *************** function _motoresZinit *****************
 Defined at:
		line 38 in file "Gpio.c"
 Parameters:    Size  Location     Type
		None
 Auto vars:     Size  Location     Type
		None
 Return value:  Size  Location     Type
                  1    wreg      void 
 Registers used:
		None
 Tracked objects:
		On entry : 
		On exit  : 
		Unchanged: 
 Data sizes:     COMRAM   BANK0   BANK1   BANK2   BANK3   BANK4   BANK5   BANK6   BANK7
      Params:         0       0       0       0       0       0       0       0       0
      Locals:         0       0       0       0       0       0       0       0       0
[...]
 Registers used:
		None
 Tracked objects:
		On entry : 
		On exit  : 
		Unchanged: 
 Data sizes:     COMRAM   BANK0   BANK1   BANK2   BANK3   BANK4   BANK5   BANK6   BANK7
      Params:         0       0       0       0       0       0       0       0       0
      Locals:         0       0       0       0       0       0       0       0       0
      Temps:          0       1       0       0       0       0       0       0       0
      Totals:         0       1       0       0       0       0       0       0       0
Total ram usage:        1 bytes
 Hardware stack levels used:    1
 Hardware stack levels required when called:    4
 This function calls:
		Nothing
 This function is called by:
		Interrupt level 1
 This function uses a non-reentrant model


 *************** function _high_isr *****************
 Defined at:
		line 18 in file "main.c"
 Parameters:    Size  Location     Type
		None
 Auto vars:     Size  Location     Type
		None
 Return value:  Size  Location     Type
                  1    wreg      void 
 Registers used:
		wreg, status,2, status,0, tblptrl, tblptrh, tblptru, prodl, prodh, cstack
 Tracked objects:
		On entry : 
		On exit  : 
		Unchanged: 
 Data sizes:     COMRAM   BANK0   BANK1   BANK2   BANK3   BANK4   BANK5   BANK6   BANK7
      Params:         0       0       0       0       0       0       0       0       0
      Locals:         0       0       0       0       0       0       0       0       0
      Temps:          7       0       0       0       0       0       0       0       0
      Totals:         7       0       0       0       0       0       0       0       0
Total ram usage:        7 bytes
 Hardware stack levels used:    1
 Hardware stack levels required when called:    3
 This function calls:
		i2_PWM_DutyCycleCCP1
		i2_PWM_DutyCycleCCP2
		i2_moverHomeX
		i2_moverHomeY
		i2_printf
 This function is called by:
		Interrupt level 2
 This function uses a non-reentrant model


 *************** function i2_printf *****************
 Defined at:
		line 6 in file "Comunicacion.c"
 Parameters:    Size  Location     Type
  PointString     2    2[COMRAM] PTR unsigned char 
		 -> STR_50(75), STR_49(103), STR_48(30), STR_47(13), 
		 -> STR_46(30), STR_45(19), STR_44(57), STR_43(19), 
		 -> STR_42(58), STR_41(44), STR_40(26), STR_39(37), 
		 -> STR_38(218), STR_37(20), STR_36(57), STR_35(42), 
		 -> STR_34(42), STR_33(46), STR_32(52), STR_31(52), 
		 -> STR_30(15), STR_29(15), STR_28(10), STR_27(11), 
		 -> STR_26(11), STR_25(48), STR_24(26), STR_23(8), 
		 -> STR_22(8), STR_21(35), STR_20(21), STR_19(48), 
		 -> STR_18(69), STR_17(31), STR_16(59), STR_15(68), 
		 -> STR_14(46), STR_13(3), STR_12(12), STR_11(32), 
		 -> STR_10(12), STR_9(58), STR_8(41), STR_7(43), 
		 -> STR_6(33), STR_5(33), STR_4(14), STR_3(14), 
		 -> STR_2(113), STR_1(48), 
 Auto vars:     Size  Location     Type
  printf          1    6[COMRAM] unsigned char 
 Return value:  Size  Location     Type
                  1    wreg      void 
 Registers used:
		wreg, status,2, status,0, tblptrl, tblptrh, tblptru, cstack
 Tracked objects:
		On entry : 
		On exit  : 
		Unchanged: 
 Data sizes:     COMRAM   BANK0   BANK1   BANK2   BANK3   BANK4   BANK5   BANK6   BANK7
      Params:         2       0       0       0       0       0       0       0       0
      Locals:         1       0       0       0       0       0       0       0       0
      Temps:          2       0       0       0       0       0       0       0       0
      Totals:         5       0       0       0       0       0       0       0       0
Total ram usage:        5 bytes
 Hardware stack levels used:    1
 Hardware stack levels required when called:    2
 This function calls:
		i2_errorUART
		i2_send
 This function is called by:
		_high_isr
 This function uses a non-reentrant model


 *************** function i2_send *****************
 Defined at:
		line 34 in file "UART.c"
 Parameters:    Size  Location     Type
  enviarpc        1    wreg     unsigned char 
 Auto vars:     Size  Location     Type
  enviarpc        1    1[COMRAM] unsigned char 
 Return value:  Size  Location     Type
                  1    wreg      void 
 Registers used:
		wreg, cstack
 Tracked objects:
		On entry : 
		On exit  : 
		Unchanged: 
 Data sizes:     COMRAM   BANK0   BANK1   BANK2   BANK3   BANK4   BANK5   BANK6   BANK7
      Params:         0       0       0       0       0       0       0       0       0
      Locals:         1       0       0       0       0       0       0       0       0
      Temps:          0       0       0       0       0       0       0       0       0
      Totals:         1       0       0       0       0       0       0       0       0
Total ram usage:        1 bytes
 Hardware stack levels used:    1
 Hardware stack levels required when called:    1
 This function calls:
		i2_errorUART
 This function is called by:
		i2_printf
 This function uses a non-reentrant model


 *************** function i2_errorUART *****************
 Defined at:
		line 42 in file "UART.c"
 Parameters:    Size  Location     Type
		None
 Auto vars:     Size  Location     Type
  errorUART       1    0[COMRAM] unsigned char 
 Return value:  Size  Location     Type
                  1    wreg      void 
 Registers used:
		wreg
 Tracked objects:
		On entry : 
		On exit  : 
		Unchanged: 
 Data sizes:     COMRAM   BANK0   BANK1   BANK2   BANK3   BANK4   BANK5   BANK6   BANK7
      Params:         0       0       0       0       0       0       0       0       0
      Locals:         1       0       0       0       0       0       0       0       0
      Temps:          0       0       0       0       0       0       0       0       0
      Totals:         1       0       0       0       0       0       0       0       0
Total ram usage:        1 bytes
 Hardware stack levels used:    1
 This function calls:
		Nothing
 This function is called by:
		i2_send
		i2_printf
 This function uses a non-reentrant model


 *************** function i2_moverHomeY *****************
 Defined at:
		line 94 in file "MotoresXYZ.c"
 Parameters:    Size  Location     Type
		None
 Auto vars:     Size  Location     Type
		None
 Return value:  Size  Location     Type
                  1    wreg      void 
 Registers used:
		wreg, status,2, status,0, prodl, prodh, cstack
 Tracked objects:
		On entry : 
		On exit  : 
		Unchanged: 
 Data sizes:     COMRAM   BANK0   BANK1   BANK2   BANK3   BANK4   BANK5   BANK6   BANK7
      Params:         0       0       0       0       0       0       0       0       0
      Locals:         0       0       0       0       0       0       0       0       0
      Temps:          0       0       0       0       0       0       0       0       0
      Totals:         0       0       0       0       0       0       0       0       0
Total ram usage:        0 bytes
 Hardware stack levels used:    1
 Hardware stack levels required when called:    2
 This function calls:
		i2_PWM_DutyCycleCCP2
 This function is called by:
		_high_isr
 This function uses a non-reentrant model


 *************** function i2_PWM_DutyCycleCCP2 *****************
 Defined at:
		line 16 in file "PWMCCP2.c"
 Parameters:    Size  Location     Type
  WantedDutyCy    1    wreg     unsigned char 
 Auto vars:     Size  Location     Type
  WantedDutyCy    1   55[COMRAM] unsigned char 
  PWM_DutyCycl    2   56[COMRAM] unsigned int 
 Return value:  Size  Location     Type
                  1    wreg      void 
 Registers used:
		wreg, status,2, status,0, prodl, prodh, cstack
 Tracked objects:
		On entry : 
		On exit  : 
		Unchanged: 
 Data sizes:     COMRAM   BANK0   BANK1   BANK2   BANK3   BANK4   BANK5   BANK6   BANK7
      Params:         0       0       0       0       0       0       0       0       0
      Locals:         7       0       0       0       0       0       0       0       0
      Temps:          2       0       0       0       0       0       0       0       0
      Totals:         9       0       0       0       0       0       0       0       0
Total ram usage:        9 bytes
 Hardware stack levels used:    1
 Hardware stack levels required when called:    1
 This function calls:
		i2___flmul
		i2___fltol
		i2___xxtofl
 This function is called by:
		_high_isr
		i2_moverHomeY
 This function uses a non-reentrant model


 *************** function i2_moverHomeX *****************
 Defined at:
		line 83 in file "MotoresXYZ.c"
 Parameters:    Size  Location     Type
		None
 Auto vars:     Size  Location     Type
		None
 Return value:  Size  Location     Type
                  1    wreg      void 
 Registers used:
		wreg, status,2, status,0, prodl, prodh, cstack
 Tracked objects:
		On entry : 
		On exit  : 
		Unchanged: 
 Data sizes:     COMRAM   BANK0   BANK1   BANK2   BANK3   BANK4   BANK5   BANK6   BANK7
      Params:         0       0       0       0       0       0       0       0       0
      Locals:         0       0       0       0       0       0       0       0       0
      Temps:          0       0       0       0       0       0       0       0       0
      Totals:         0       0       0       0       0       0       0       0       0
Total ram usage:        0 bytes
 Hardware stack levels used:    1
 Hardware stack levels required when called:    2
 This function calls:
		i2_PWM_DutyCycleCCP1
 This function is called by:
		_high_isr
 This function uses a non-reentrant model


 *************** function i2_PWM_DutyCycleCCP1 *****************
 Defined at:
		line 17 in file "PWMCCP1.c"
 Parameters:    Size  Location     Type
  WantedDutyCy    1    wreg     unsigned char 
 Auto vars:     Size  Location     Type
  WantedDutyCy    1   55[COMRAM] unsigned char 
  PWM_DutyCycl    2   56[COMRAM] unsigned int 
 Return value:  Size  Location     Type
                  1    wreg      void 
 Registers used:
		wreg, status,2, status,0, prodl, prodh, cstack
 Tracked objects:
		On entry : 
		On exit  : 
		Unchanged: 
 Data sizes:     COMRAM   BANK0   BANK1   BANK2   BANK3   BANK4   BANK5   BANK6   BANK7
      Params:         0       0       0       0       0       0       0       0       0
      Locals:         7       0       0       0       0       0       0       0       0
      Temps:          2       0       0       0       0       0       0       0       0
      Totals:         9       0       0       0       0       0       0       0       0
Total ram usage:        9 bytes
 Hardware stack levels used:    1
 Hardware stack levels required when called:    1
 This function calls:
		i2___flmul
		i2___fltol
		i2___xxtofl
 This function is called by:
		_high_isr
		i2_moverHomeX
 This function uses a non-reentrant model


 *************** function i2___xxtofl *****************
 Defined at:
		line 10 in file "C:\Program Files (x86)\Microchip\xc8\v2.10\pic\sources\c99\common\xxtofl.c"
 Parameters:    Size  Location     Type
  sign            1    wreg     unsigned char 
  val             4    0[COMRAM] long 
 Auto vars:     Size  Location     Type
  sign            1    8[COMRAM] unsigned char 
  __xxtofl        4   10[COMRAM] unsigned long 
  __xxtofl        1    9[COMRAM] unsigned char 
 Return value:  Size  Location     Type
                  4    0[COMRAM] unsigned char 
 Registers used:
		wreg, status,2, status,0
 Tracked objects:
		On entry : 
		On exit  : 
		Unchanged: 
 Data sizes:     COMRAM   BANK0   BANK1   BANK2   BANK3   BANK4   BANK5   BANK6   BANK7
      Params:         4       0       0       0       0       0       0       0       0
      Locals:         6       0       0       0       0       0       0       0       0
      Temps:          4       0       0       0       0       0       0       0       0
      Totals:        14       0       0       0       0       0       0       0       0
Total ram usage:       14 bytes
 Hardware stack levels used:    1
 This function calls:
		Nothing
 This function is called by:
		i2_PWM_DutyCycleCCP2
		i2_PWM_DutyCycleCCP1
 This function uses a non-reentrant model


 *************** function i2___fltol *****************
 Defined at:
		line 43 in file "C:\Program Files (x86)\Microchip\xc8\v2.10\pic\sources\c99\common\fltol.c"
 Parameters:    Size  Location     Type
  f1              4   39[COMRAM] unsigned char 
 Auto vars:     Size  Location     Type
  __fltol         1   48[COMRAM] unsigned char 
  __fltol         1   47[COMRAM] unsigned char 
 Return value:  Size  Location     Type
                  4   39[COMRAM] long 
 Registers used:
		wreg, status,2, status,0
 Tracked objects:
		On entry : 
		On exit  : 
		Unchanged: 
 Data sizes:     COMRAM   BANK0   BANK1   BANK2   BANK3   BANK4   BANK5   BANK6   BANK7
      Params:         4       0       0       0       0       0       0       0       0
      Locals:         2       0       0       0       0       0       0       0       0
      Temps:          4       0       0       0       0       0       0       0       0
      Totals:        10       0       0       0       0       0       0       0       0
Total ram usage:       10 bytes
 Hardware stack levels used:    1
 This function calls:
		Nothing
 This function is called by:
		i2_PWM_DutyCycleCCP2
		i2_PWM_DutyCycleCCP1
 This function uses a non-reentrant model


 *************** function i2___flmul *****************
 Defined at:
		line 8 in file "C:\Program Files (x86)\Microchip\xc8\v2.10\pic\sources\c99\common\sprcmul.c"
 Parameters:    Size  Location     Type
  b               4   14[COMRAM] long 
  a               4   18[COMRAM] long 
 Auto vars:     Size  Location     Type
  __flmul         4   33[COMRAM] struct .
  __flmul         4   27[COMRAM] unsigned long 
  __flmul         2   37[COMRAM] struct .
  __flmul         1   32[COMRAM] unsigned char 
  __flmul         1   31[COMRAM] unsigned char 
  __flmul         1   26[COMRAM] unsigned char 
 Return value:  Size  Location     Type
                  4   14[COMRAM] unsigned char 
 Registers used:
		wreg, status,2, status,0, prodl, prodh
 Tracked objects:
		On entry : 
		On exit  : 
		Unchanged: 
 Data sizes:     COMRAM   BANK0   BANK1   BANK2   BANK3   BANK4   BANK5   BANK6   BANK7
      Params:         8       0       0       0       0       0       0       0       0
      Locals:        13       0       0       0       0       0       0       0       0
      Temps:          4       0       0       0       0       0       0       0       0
      Totals:        25       0       0       0       0       0       0       0       0
Total ram usage:       25 bytes
 Hardware stack levels used:    1
 This function calls:
		Nothing
 This function is called by:
		i2_PWM_DutyCycleCCP2
		i2_PWM_DutyCycleCCP1
 This function uses a non-reentrant model



MODULE INFORMATION

Module		Function		Class		Link	Load	Size
UART.c
		_UARTinit      		CODE           	2C70	0000	27
		_receive       		CODE           	2BFC	0000	33
		_errorUART     		CODE           	2A0E	0000	71
		_send          		CODE           	2C3A	0000	29

UART.c estimated size: 160

C:\Program Files (x86)\Microchip\xc8\v2.10\pic\sources\c99\common\xxtofl.c
		___xxtofl      		CODE           	1642	0000	441

C:\Program Files (x86)\Microchip\xc8\v2.10\pic\sources\c99\common\xxtofl.c estimated size: 441

PWMCCP1.c
		_PWM_CCP1_init 		CODE           	2BDA	0000	35
		_PWM_DutyCycleCCP1		CODE           	24E0	0000	189

PWMCCP1.c estimated size: 224

C:\Program Files (x86)\Microchip\xc8\v2.10\pic\sources\c99\common\fltol.c
		___fltol       		CODE           	1C86	0000	265

C:\Program Files (x86)\Microchip\xc8\v2.10\pic\sources\c99\common\fltol.c estimated size: 265

FuncionesMenu.c
		_impCoordActual		CODE           	139E	0000	677
		_imprimirCoordenadas		CODE           	1B4A	0000	317
		_introducirCoordNueva		CODE           	1084	0000	795
		_modificarCoordenada		CODE           	227E	0000	219
		_borrarTodasCoordenadas		CODE           	259C	0000	187
		_movimientoLibre		CODE           	27BE	0000	159
		_modificarZ    		CODE           	1E94	0000	257
		_iniciarPrograma		CODE           	1F94	0000	251

FuncionesMenu.c estimated size: 2862

C:\Program Files (x86)\Microchip\xc8\v2.10\pic\sources\c99\common\sprcmul.c
		___flmul       		CODE           	04EE	0000	1069

C:\Program Files (x86)\Microchip\xc8\v2.10\pic\sources\c99\common\sprcmul.c estimated size: 1069

Timers.c
		_tmr0Init      		CODE           	2CA4	0000	23
		_tmr1Init      		CODE           	2C56	0000	27
		_setNumPasosX  		CODE           	2B4A	0000	55
		_setNumPasosY  		CODE           	2B14	0000	55

Timers.c estimated size: 160

Interrupciones.c
		_interruptsEnable		CODE           	2D62	0000	9
		_habilitarIntTMR0		CODE           	2D84	0000	5
		_habilitarIntTMR1		CODE           	2D80	0000	5

Interrupciones.c estimated size: 19

Gpio.c
		_portInit      		CODE           	2D2A	0000	15
		_motorXinit    		CODE           	2D54	0000	15
		_pistonInit    		CODE           	2D7C	0000	5
		_motorYinit    		CODE           	2D46	0000	15
		_motoresZinit  		CODE           	2D38	0000	15

Gpio.c estimated size: 65

shared
		i2_printf      		CODE           	28D4	0000	109
		i2_errorUART   		CODE           	2A54	0000	71
		i2___fltol     		CODE           	1D8E	0000	263
		i2_moverHomeX  		CODE           	2CF6	0000	21
		i2_moverHomeY  		CODE           	2CE2	0000	21
		__initialization		CODE           	2B80	0000	37
		i2___flmul     		CODE           	091A	0000	1067
		i2_send        		CODE           	2C8A	0000	27
		i2___xxtofl    		CODE           	17FA	0000	437
		i2_PWM_DutyCycleCCP1		CODE           	270A	0000	181
		i2_PWM_DutyCycleCCP2		CODE           	2656	0000	181

shared estimated size: 2415

Comunicacion.c
		_receiveNum    		CODE           	285C	0000	121
		_scanf         		CODE           	2ADC	0000	57
		_printf        		CODE           	2940	0000	105

Comunicacion.c estimated size: 283

PWMCCP2.c
		_PWM_CCP2_init 		CODE           	2C1C	0000	31
		_PWM_DutyCycleCCP2		CODE           	2424	0000	189

PWMCCP2.c estimated size: 220

C:\Program Files (x86)\Microchip\xc8\v2.10\pic\sources\c99\common\sprcadd.c
		___fladd       		CODE           	002C	0000	1219

C:\Program Files (x86)\Microchip\xc8\v2.10\pic\sources\c99\common\sprcadd.c estimated size: 1219

MotoresXYZ.c
		_presionarPantalla		CODE           	2358	0000	205
		_moverYInfinito		CODE           	2D0A	0000	17
		_moverHomeX    		CODE           	2CCE	0000	21
		_moverHomeY    		CODE           	2CBA	0000	21
		_apagarZ       		CODE           	2D76	0000	7
		_moverHaciaX   		CODE           	2186	0000	249
		_moverHaciaY   		CODE           	208E	0000	249
		_moverZAbajo   		CODE           	2D70	0000	7
		_moverZArriba  		CODE           	2D6A	0000	7
		_moverXInfinito		CODE           	2D1A	0000	17

MotoresXYZ.c estimated size: 800

C:\Program Files (x86)\Microchip\xc8\v2.10\pic\sources\c99\common\abs.c
		_abs           		CODE           	2A9A	0000	67

C:\Program Files (x86)\Microchip\xc8\v2.10\pic\sources\c99\common\abs.c estimated size: 67

C:\Program Files (x86)\Microchip\xc8\v2.10\pic\sources\c99\common\Umul16.c
		___wmul        		CODE           	2BB2	0000	41

C:\Program Files (x86)\Microchip\xc8\v2.10\pic\sources\c99\common\Umul16.c estimated size: 41

C:\Program Files (x86)\Microchip\xc8\v2.10\pic\sources\c99\common\lwmod.c
		___lwmod       		CODE           	29A8	0000	103

C:\Program Files (x86)\Microchip\xc8\v2.10\pic\sources\c99\common\lwmod.c estimated size: 103

main.c
		_main          		CODE           	0D44	0000	833
		_high_isr      		CODE           	0008	0000	419
		_low_isr       		CODE           	0018	0000	17

main.c estimated size: 1269

