Microchip MPLAB XC8 Compiler V2.10 ()

Linker command line:

-W-3 --edf=C:\Program Files (x86)\Microchip\xc8\v2.10\pic\dat\en_msgs.txt \
  -cs -h+dist/default/production\SPARC_4550.X.production.sym \
  --cmf=dist/default/production\SPARC_4550.X.production.cmf -z -Q18F4550 \
  -oC:\Users\ALEJAN~1\AppData\Local\Temp\s2mg.2 --defsym=__MPLAB_BUILD=1 \
  -Mdist/default/production/SPARC_4550.X.production.map -E1 -ver=XC8 \
  --acfsm=1493 -ASTACK=010Ah-07FFh -pstack=STACK -ACODE=00h-07FFFh \
  -ACONST=00h-07FFFh -ASMALLCONST=0800h-08FFhx120 \
  -AMEDIUMCONST=0800h-07FFFh -ACOMRAM=01h-05Fh -AABS1=00h-07FFh \
  -ABIGRAM=01h-07FFh -ARAM=060h-0FFh,0100h-01FFhx7 -ABANK0=060h-0FFh \
  -ABANK1=0100h-01FFh -ABANK2=0200h-02FFh -ABANK3=0300h-03FFh \
  -ABANK4=0400h-04FFh -ABANK5=0500h-05FFh -ABANK6=0600h-06FFh \
  -ABANK7=0700h-07FFh -ASFR=0F60h-0FFFh \
  -preset_vec=00h,intcode=08h,intcodelo=018h,powerup,init -pramtop=0800h \
  -psmallconst=SMALLCONST -pmediumconst=MEDIUMCONST -pconst=CONST \
  -AFARRAM=00h-00h -ACONFIG=0300000h-030000Dh -pconfig=CONFIG \
  -AIDLOC=0200000h-0200007h -pidloc=IDLOC -AEEDATA=0F00000h-0F000FFh \
  -peeprom_data=EEDATA \
  -prdata=COMRAM,nvrram=COMRAM,nvbit=COMRAM,rbss=COMRAM,rbit=COMRAM \
  -pfarbss=FARRAM,fardata=FARRAM,nvFARRAM=FARRAM \
  -pintsave_regs=BIGRAM,bigbss=BIGRAM,bigdata=BIGRAM -pbss=RAM \
  -pidata=CODE,irdata=CODE,ibigdata=CODE,ifardata=CODE -prparam=COMRAM \
  C:\Users\ALEJAN~1\AppData\Local\Temp\s2mg.o \
  dist/default/production\SPARC_4550.X.production.o 

Object code version is 3.11

Machine type is 18F4550

Call graph: (short form)




                Name                               Link     Load   Length Selector   Space Scale
C:\Users\ALEJAN~1\AppData\Local\Temp\s2mg.o
                init                                 28       28        4        C       0
                reset_vec                             0        0        4        0       0
                idloc                            200000   200000        8   200000       0
                config                           300000   300000        E   300000       0
dist/default/production\SPARC_4550.X.production.o
                intcodelo                            18       18       10        C       0
                intcode                               8        8        6        4       0
                temp                                 57       57        1        1       1
                mediumconst                        7A5C     7A5C      5A4     3D2E       0
                text38                              458      458      42A        C       0
                text37                             13FC     13FC      106        C       0
                text36                             1004     1004      1B4        C       0
                text35                             19A6     19A6       B4        C       0
                text34                             18F2     18F2       B4        C       0
                text33                             1DF4     1DF4       16        C       0
                text32                             1B64     1B64       68        C       0
                intcode_body                       1A5A     1A5A       96        C       0
                text29                             1D36     1D36       22        C       0
                text28                             1D58     1D58       1E        C       0
                text27                             1DAC     1DAC       1A        C       0
                text26                             1DC6     1DC6       18        C       0
                text25                             1BCC     1BCC       64        C       0
                text24                             1838     1838       BA        C       0
                text23                             1E3C     1E3C        4        C       0
                text22                             1E38     1E38        4        C       0
                text21                             1E30     1E30        8        C       0
                text20                             11B8     11B8      13C        C       0
                text19                             1AF0     1AF0       74        C       0
                text18                              882      882      31A        C       0
                text17                             1602     1602       BE        C       0
                text16                             1E18     1E18        E        C       0
                text15                             1E0A     1E0A        E        C       0
                text14                               2C       2C      42C        C       0
                text13                             12F4     12F4      108        C       0
                text12                              E4C      E4C      1B8        C       0
                text11                             177C     177C       BC        C       0
                text10                             16C0     16C0       BC        C       0
                text9                              1D0E     1D0E       28        C       0
                text8                              1C30     1C30       42        C       0
                text7                              1C72     1C72       36        C       0
                text6                              1502     1502      100        C       0
                text5                              1E26     1E26        A        C       0
                text4                              1D76     1D76       1C        C       0
                text3                              1CA8     1CA8       34        C       0
                text2                              1DDE     1DDE       16        C       0
                text1                              1D92     1D92       1A        C       0
                text0                               B9C      B9C      2B0        C       0
                cstackCOMRAM                          1        1       40        1       1
                cstackBANK0                          60       60       4E       60       1
                bssBANK1                            100      100        A      100       1
                bssBANK0                             AE       AE       4D       60       1
                bssCOMRAM                            41       41       16        1       1
                cinit                              1CDC     1CDC       32        C       0

TOTAL           Name                               Link     Load   Length     Space
        CLASS   STACK          

        CLASS   CODE           
                intcodelo                            18       18       10         0
                intcode                               8        8        6         0
                init                                 28       28        4         0
                reset_vec                             0        0        4         0
                text38                              458      458      42A         0
                text37                             13FC     13FC      106         0
                text36                             1004     1004      1B4         0
                text35                             19A6     19A6       B4         0
                text34                             18F2     18F2       B4         0
                text33                             1DF4     1DF4       16         0
                text32                             1B64     1B64       68         0
                intcode_body                       1A5A     1A5A       96         0
                text29                             1D36     1D36       22         0
                text28                             1D58     1D58       1E         0
                text27                             1DAC     1DAC       1A         0
                text26                             1DC6     1DC6       18         0
                text25                             1BCC     1BCC       64         0
                text24                             1838     1838       BA         0
                text23                             1E3C     1E3C        4         0
                text22                             1E38     1E38        4         0
                text21                             1E30     1E30        8         0
                text20                             11B8     11B8      13C         0
                text19                             1AF0     1AF0       74         0
                text18                              882      882      31A         0
                text17                             1602     1602       BE         0
                text16                             1E18     1E18        E         0
                text15                             1E0A     1E0A        E         0
                text14                               2C       2C      42C         0
                text13                             12F4     12F4      108         0
                text12                              E4C      E4C      1B8         0
                text11                             177C     177C       BC         0
                text10                             16C0     16C0       BC         0
                text9                              1D0E     1D0E       28         0
                text8                              1C30     1C30       42         0
                text7                              1C72     1C72       36         0
                text6                              1502     1502      100         0
                text5                              1E26     1E26        A         0
                text4                              1D76     1D76       1C         0
                text3                              1CA8     1CA8       34         0
                text2                              1DDE     1DDE       16         0
                text1                              1D92     1D92       1A         0
                text0                               B9C      B9C      2B0         0
                cinit                              1CDC     1CDC       32         0

        CLASS   CONST          

        CLASS   SMALLCONST     

        CLASS   MEDIUMCONST    
                mediumconst                        7A5C     7A5C      5A4         0

        CLASS   COMRAM         
                temp                                 57       57        1         1
                cstackCOMRAM                          1        1       40         1
                bssCOMRAM                            41       41       16         1

        CLASS   ABS1           

        CLASS   BIGRAM         

        CLASS   RAM            

        CLASS   BANK0          
                cstackBANK0                          60       60       4E         1
                bssBANK0                             AE       AE       4D         1

        CLASS   BANK1          
                bssBANK1                            100      100        A         1

        CLASS   BANK2          

        CLASS   BANK3          

        CLASS   BANK4          

        CLASS   BANK5          

        CLASS   BANK6          

        CLASS   BANK7          

        CLASS   SFR            

        CLASS   FARRAM         

        CLASS   CONFIG         
                config                           300000   300000        E         0

        CLASS   IDLOC          
                idloc                            200000   200000        8         0

        CLASS   EEDATA         



SEGMENTS        Name                           Load    Length   Top    Selector   Space  Class

                reset_vec                      000000  000004  000004         0       0  CODE    
                cstackCOMRAM                   000001  000057  000058         1       1  COMRAM  
                intcode                        000008  000006  00000E         4       0  CODE    
                intcodelo                      000018  001E28  001E40         C       0  CODE    
                cstackBANK0                    000060  00009B  0000FB        60       1  BANK0   
                bssBANK1                       000100  00000A  00010A       100       1  BANK1   
                mediumconst                    007A5C  0005A4  008000      3D2E       0  MEDIUMCO
                idloc                          200000  000008  200008    200000       0  IDLOC   
                config                         300000  00000E  30000E    300000       0  CONFIG  


UNUSED ADDRESS RANGES

        Name                Unused          Largest block    Delta
        BANK0            0000FB-0000FF                5
        BANK1            00010A-0001FF               F6
        BANK2            000200-0002FF              100
        BANK3            000300-0003FF              100
        BANK4            000400-0004FF              100
        BANK5            000500-0005FF              100
        BANK6            000600-0006FF              100
        BANK7            000700-0007FF              100
        BIGRAM           000058-00005F                8
                         0000FB-0000FF                5
                         00010A-0007FF              6F6
        CODE             000004-000007                4
                         00000E-000017                A
                         001E40-007A5B             5C1C
        COMRAM           000058-00005F                8
        CONST            000004-000007                4
                         00000E-000017                A
                         001E40-007A5B             5C1C
        EEDATA           F00000-F000FF              100
        MEDIUMCONST      001E40-007A5B             5C1C
        RAM              0000FB-0000FF                5
                         00010A-0007FF              100
        SFR              000F60-000FFF               A0
        SMALLCONST       001E40-007A5B              100
        STACK            00010A-0007FF              6F6

                                  Symbol Table

?___flmul                                  cstackBANK0  00006F
?___fltol                                  cstackBANK0  000088
?___wmul                                   cstackBANK0  000065
?___xxtofl                                 cstackBANK0  000061
?_abs                                      cstackBANK0  000061
?i2___flmul                                cstackCOMRAM 00000F
?i2___fltol                                cstackCOMRAM 000028
?i2___xxtofl                               cstackCOMRAM 000001
PWM_DutyCycleCCP1@PWMDutyValue             cstackBANK0  000099
PWM_DutyCycleCCP1@WantedDutyCycle          cstackBANK0  000098
PWM_DutyCycleCCP2@PWMDutyValue             cstackBANK0  000099
PWM_DutyCycleCCP2@WantedDutyCycle          cstackBANK0  000098
_ADCON0bits                                (abs)        000FC2
_ADCON1bits                                (abs)        000FC1
_ADCON2bits                                (abs)        000FC0
_ADRESH                                    (abs)        000FC4
_ADRESL                                    (abs)        000FC3
_BAUDCONbits                               (abs)        000FB8
_CCP1CONbits                               (abs)        000FBD
_CCP2CONbits                               (abs)        000FBA
_CCPR1L                                    (abs)        000FBE
_CCPR2L                                    (abs)        000FBB
_CurrentPosX                               bssBANK0     0000F4
_CurrentPosY                               bssCOMRAM    000053
_INTCON2bits                               (abs)        000FF1
_INTCON3bits                               (abs)        000FF0
_INTCONbits                                (abs)        000FF2
_LATCbits                                  (abs)        000F8B
_LATDbits                                  (abs)        000F8C
_OSCCON                                    (abs)        000FD3
_PIE1bits                                  (abs)        000F9D
_PIR1bits                                  (abs)        000F9E
_PR2                                       (abs)        000FCB
_PWM_CCP1_init                             text29       001D36
_PWM_CCP2_init                             text28       001D58
_PWM_DutyCycleCCP1                         text11       00177C
_PWM_DutyCycleCCP1$2316                    cstackBANK0  000094
_PWM_DutyCycleCCP2                         text10       0016C0
_PWM_DutyCycleCCP2$2315                    cstackBANK0  000094
_RCONbits                                  (abs)        000FD0
_RCREG1                                    (abs)        000FAE
_RCSTA1bits                                (abs)        000FAB
_SPBRG                                     (abs)        000FAF
_T0CONbits                                 (abs)        000FD5
_T1CONbits                                 (abs)        000FCD
_T2CONbits                                 (abs)        000FCA
_TMR0                                      (abs)        000FD6
_TMR0H                                     (abs)        000FD7
_TMR0L                                     (abs)        000FD6
_TMR1                                      (abs)        000FCE
_TMR1H                                     (abs)        000FCF
_TMR1L                                     (abs)        000FCE
_TMR2                                      (abs)        000FCC
_TRISAbits                                 (abs)        000F92
_TRISBbits                                 (abs)        000F93
_TRISCbits                                 (abs)        000F94
_TRISDbits                                 (abs)        000F95
_TXREG1                                    (abs)        000FAD
_TXSTA1bits                                (abs)        000FAC
_UARTinit                                  text27       001DAC
__CFG_FOSC$INTOSC_EC                       (abs)        000000
__CFG_LVP$OFF                              (abs)        000000
__CFG_MCLRE$OFF                            (abs)        000000
__CFG_WDT$OFF                              (abs)        000000
__HRAM                                     (abs)        000000
__Habs1                                    abs1         000000
__Hbank0                                   bank0        000000
__Hbank1                                   bank1        000000
__Hbank2                                   bank2        000000
__Hbank3                                   bank3        000000
__Hbank4                                   bank4        000000
__Hbank5                                   bank5        000000
__Hbank6                                   bank6        000000
__Hbank7                                   bank7        000000
__Hbigbss                                  bigbss       000000
__Hbigdata                                 bigdata      000000
__Hbigram                                  bigram       000000
__Hbss                                     bss          000000
__HbssBANK0                                bssBANK0     000000
__HbssBANK1                                bssBANK1     000000
__HbssCOMRAM                               bssCOMRAM    000000
__Hcinit                                   cinit        000000
__Hclrtext                                 clrtext      000000
__Hcomram                                  comram       000000
__Hconfig                                  config       30000E
__Hconst                                   const        000000
__HcstackBANK0                             cstackBANK0  000000
__HcstackCOMRAM                            cstackCOMRAM 000000
__Hdata                                    data         000000
__Heeprom_data                             eeprom_data  000000
__Hfarbss                                  farbss       000000
__Hfardata                                 fardata      000000
__Hibigdata                                ibigdata     000000
__Hidata                                   idata        000000
__Hidloc                                   idloc        200008
__Hifardata                                ifardata     000000
__Hinit                                    init         00002C
__Hintcode                                 intcode      00000E
__Hintcode_body                            intcode_body 000000
__Hintcodelo                               intcodelo    000028
__Hintentry                                intentry     000000
__Hintret                                  intret       000000
__Hintsave_regs                            intsave_regs 000000
__Hirdata                                  irdata       000000
__Hmediumconst                             mediumconst  008000
__HnvFARRAM                                nvFARRAM     000000
__Hnvbit                                   nvbit        000000
__Hnvrram                                  nvrram       000000
__Hparam                                   rparam       000000
__Hpowerup                                 powerup      000028
__Hram                                     ram          000000
__Hramtop                                  ramtop       000800
__Hrbit                                    rbit         000000
__Hrbss                                    rbss         000000
__Hrdata                                   rdata        000000
__Hreset_vec                               reset_vec    000004
__Hrparam                                  rparam       000000
__Hsfr                                     sfr          000000
__Hsmallconst                              smallconst   000000
__Hspace_0                                 (abs)        30000E
__Hspace_1                                 (abs)        00010A
__Hspace_2                                 (abs)        000000
__Hstack                                   stack        000000
__Hstruct                                  struct       000000
__Htemp                                    temp         000058
__Htext                                    text         000000
__Htext0                                   text0        000000
__Htext1                                   text1        000000
__Htext10                                  text10       000000
__Htext11                                  text11       000000
__Htext12                                  text12       000000
__Htext13                                  text13       000000
__Htext14                                  text14       000000
__Htext15                                  text15       000000
__Htext16                                  text16       000000
__Htext17                                  text17       000000
__Htext18                                  text18       000000
__Htext19                                  text19       000000
__Htext2                                   text2        000000
__Htext20                                  text20       000000
__Htext21                                  text21       000000
__Htext22                                  text22       000000
__Htext23                                  text23       000000
__Htext24                                  text24       000000
__Htext25                                  text25       000000
__Htext26                                  text26       000000
__Htext27                                  text27       000000
__Htext28                                  text28       000000
__Htext29                                  text29       000000
__Htext3                                   text3        000000
__Htext32                                  text32       000000
__Htext33                                  text33       000000
__Htext34                                  text34       000000
__Htext35                                  text35       000000
__Htext36                                  text36       000000
__Htext37                                  text37       000000
__Htext38                                  text38       000000
__Htext4                                   text4        000000
__Htext5                                   text5        000000
__Htext6                                   text6        000000
__Htext7                                   text7        000000
__Htext8                                   text8        000000
__Htext9                                   text9        000000
__LRAM                                     (abs)        000001
__Labs1                                    abs1         000000
__Lbank0                                   bank0        000000
__Lbank1                                   bank1        000000
__Lbank2                                   bank2        000000
__Lbank3                                   bank3        000000
__Lbank4                                   bank4        000000
__Lbank5                                   bank5        000000
__Lbank6                                   bank6        000000
__Lbank7                                   bank7        000000
__Lbigbss                                  bigbss       000000
__Lbigdata                                 bigdata      000000
__Lbigram                                  bigram       000000
__Lbss                                     bss          000000
__LbssBANK0                                bssBANK0     000000
__LbssBANK1                                bssBANK1     000000
__LbssCOMRAM                               bssCOMRAM    000000
__Lcinit                                   cinit        000000
__Lclrtext                                 clrtext      000000
__Lcomram                                  comram       000000
__Lconfig                                  config       300000
__Lconst                                   const        000000
__LcstackBANK0                             cstackBANK0  000000
__LcstackCOMRAM                            cstackCOMRAM 000000
__Ldata                                    data         000000
__Leeprom_data                             eeprom_data  000000
__Lfarbss                                  farbss       000000
__Lfardata                                 fardata      000000
__Libigdata                                ibigdata     000000
__Lidata                                   idata        000000
__Lidloc                                   idloc        200000
__Lifardata                                ifardata     000000
__Linit                                    init         000028
__Lintcode                                 intcode      000008
__Lintcode_body                            intcode_body 000000
__Lintcodelo                               intcodelo    000018
__Lintentry                                intentry     000000
__Lintret                                  intret       000000
__Lintsave_regs                            intsave_regs 000000
__Lirdata                                  irdata       000000
__Lmediumconst                             mediumconst  007A5C
__LnvFARRAM                                nvFARRAM     000000
__Lnvbit                                   nvbit        000000
__Lnvrram                                  nvrram       000000
__Lparam                                   rparam       000000
__Lpowerup                                 powerup      000028
__Lram                                     ram          000000
__Lramtop                                  ramtop       000800
__Lrbit                                    rbit         000000
__Lrbss                                    rbss         000000
__Lrdata                                   rdata        000000
__Lreset_vec                               reset_vec    000000
__Lrparam                                  rparam       000000
__Lsfr                                     sfr          000000
__Lsmallconst                              smallconst   000000
__Lspace_0                                 (abs)        000000
__Lspace_1                                 (abs)        000000
__Lspace_2                                 (abs)        000000
__Lstack                                   stack        000000
__Lstruct                                  struct       000000
__Ltemp                                    temp         000057
__Ltext                                    text         000000
__Ltext0                                   text0        000000
__Ltext1                                   text1        000000
__Ltext10                                  text10       000000
__Ltext11                                  text11       000000
__Ltext12                                  text12       000000
__Ltext13                                  text13       000000
__Ltext14                                  text14       000000
__Ltext15                                  text15       000000
__Ltext16                                  text16       000000
__Ltext17                                  text17       000000
__Ltext18                                  text18       000000
__Ltext19                                  text19       000000
__Ltext2                                   text2        000000
__Ltext20                                  text20       000000
__Ltext21                                  text21       000000
__Ltext22                                  text22       000000
__Ltext23                                  text23       000000
__Ltext24                                  text24       000000
__Ltext25                                  text25       000000
__Ltext26                                  text26       000000
__Ltext27                                  text27       000000
__Ltext28                                  text28       000000
__Ltext29                                  text29       000000
__Ltext3                                   text3        000000
__Ltext32                                  text32       000000
__Ltext33                                  text33       000000
__Ltext34                                  text34       000000
__Ltext35                                  text35       000000
__Ltext36                                  text36       000000
__Ltext37                                  text37       000000
__Ltext38                                  text38       000000
__Ltext4                                   text4        000000
__Ltext5                                   text5        000000
__Ltext6                                   text6        000000
__Ltext7                                   text7        000000
__Ltext8                                   text8        000000
__Ltext9                                   text9        000000
__S0                                       (abs)        30000E
__S1                                       (abs)        00010A
__S2                                       (abs)        000000
___flmul                                   text14       00002C
___flmul@a                                 cstackBANK0  000073
___flmul@aexp                              cstackBANK0  000080
___flmul@b                                 cstackBANK0  00006F
___flmul@bexp                              cstackBANK0  000081
___flmul@grs                               cstackBANK0  00007C
___flmul@prod                              cstackBANK0  000082
___flmul@sign                              cstackBANK0  00007B
___flmul@temp                              cstackBANK0  000086
___fltol                                   text13       0012F4
___fltol@exp1                              cstackBANK0  000091
___fltol@f1                                cstackBANK0  000088
___fltol@sign1                             cstackBANK0  000090
___inthi_sp                                stack        000000
___intlo_sp                                stack        000000
___param_bank                              (abs)        000000
___rparam_used                             (abs)        000001
___sp                                      stack        000000
___wmul                                    text9        001D0E
___wmul@multiplicand                       cstackBANK0  000067
___wmul@multiplier                         cstackBANK0  000065
___wmul@product                            cstackBANK0  000069
___xxtofl                                  text12       000E4C
___xxtofl@arg                              cstackBANK0  00006B
___xxtofl@exp                              cstackBANK0  00006A
___xxtofl@sign                             cstackBANK0  000069
___xxtofl@val                              cstackBANK0  000061
__accesstop                                (abs)        000060
__activetblptr                             (abs)        000002
__end_of_PWM_CCP1_init                     text29       001D58
__end_of_PWM_CCP2_init                     text28       001D76
__end_of_PWM_DutyCycleCCP1                 text11       001838
__end_of_PWM_DutyCycleCCP2                 text10       00177C
__end_of_UARTinit                          text27       001DC6
__end_of___flmul                           text14       000458
__end_of___fltol                           text13       0013FC
__end_of___wmul                            text9        001D36
__end_of___xxtofl                          text12       001004
__end_of__initialization                   cinit        001D00
__end_of_abs                               text8        001C72
__end_of_borrarTodasCoordenadas            text24       0018F2
__end_of_habilitarIntTMR0                  text23       001E40
__end_of_habilitarIntTMR1                  text22       001E3C
__end_of_high_isr                          intcode_body 001AF0
__end_of_imprimirCoordenadas               text20       0012F4
__end_of_interruptsEnable                  text21       001E38
__end_of_introducirCoordNueva              text18       000B9C
__end_of_low_isr                           intcodelo    000028
__end_of_main                              text0        000E4C
__end_of_modificarCoordenada               text17       0016C0
__end_of_motorXinit                        text16       001E26
__end_of_motorYinit                        text15       001E18
__end_of_moverHaciaX                       text6        001602
__end_of_portInit                          text5        001E30
__end_of_printf                            text25       001C30
__end_of_receive                           text4        001D92
__end_of_receiveNum                        text19       001B64
__end_of_scanf                             text3        001CDC
__end_of_send                              text26       001DDE
__end_of_setNumPasosX                      text7        001CA8
__end_of_tmr0Init                          text2        001DF4
__end_of_tmr1Init                          text1        001DAC
__end_ofi2_PWM_DutyCycleCCP1               text35       001A5A
__end_ofi2_PWM_DutyCycleCCP2               text34       0019A6
__end_ofi2___flmul                         text38       000882
__end_ofi2___fltol                         text37       001502
__end_ofi2___xxtofl                        text36       0011B8
__end_ofi2_printf                          text32       001BCC
__end_ofi2_send                            text33       001E0A
__initialization                           cinit        001CDC
__mediumconst                              mediumconst  007A5C
__pbssBANK0                                bssBANK0     0000AE
__pbssBANK1                                bssBANK1     000100
__pbssCOMRAM                               bssCOMRAM    000041
__pcinit                                   cinit        001CDC
__pcstackBANK0                             cstackBANK0  000060
__pcstackCOMRAM                            cstackCOMRAM 000001
__pintcode                                 intcode      000008
__pintcode_body                            intcode_body 001A5A
__pintcodelo                               intcodelo    000018
__pmediumconst                             mediumconst  007A5C
__ptext0                                   text0        000B9C
__ptext1                                   text1        001D92
__ptext10                                  text10       0016C0
__ptext11                                  text11       00177C
__ptext12                                  text12       000E4C
__ptext13                                  text13       0012F4
__ptext14                                  text14       00002C
__ptext15                                  text15       001E0A
__ptext16                                  text16       001E18
__ptext17                                  text17       001602
__ptext18                                  text18       000882
__ptext19                                  text19       001AF0
__ptext2                                   text2        001DDE
__ptext20                                  text20       0011B8
__ptext21                                  text21       001E30
__ptext22                                  text22       001E38
__ptext23                                  text23       001E3C
__ptext24                                  text24       001838
__ptext25                                  text25       001BCC
__ptext26                                  text26       001DC6
__ptext27                                  text27       001DAC
__ptext28                                  text28       001D58
__ptext29                                  text29       001D36
__ptext3                                   text3        001CA8
__ptext32                                  text32       001B64
__ptext33                                  text33       001DF4
__ptext34                                  text34       0018F2
__ptext35                                  text35       0019A6
__ptext36                                  text36       001004
__ptext37                                  text37       0013FC
__ptext38                                  text38       000458
__ptext4                                   text4        001D76
__ptext5                                   text5        001E26
__ptext6                                   text6        001502
__ptext7                                   text7        001C72
__ptext8                                   text8        001C30
__ptext9                                   text9        001D0E
__ramtop                                   ramtop       000800
__size_of_PWM_CCP1_init                    (abs)        000000
__size_of_PWM_CCP2_init                    (abs)        000000
__size_of_PWM_DutyCycleCCP1                (abs)        000000
__size_of_PWM_DutyCycleCCP2                (abs)        000000
__size_of_UARTinit                         (abs)        000000
__size_of___flmul                          (abs)        000000
__size_of___fltol                          (abs)        000000
__size_of___wmul                           (abs)        000000
__size_of___xxtofl                         (abs)        000000
__size_of_abs                              (abs)        000000
__size_of_borrarTodasCoordenadas           (abs)        000000
__size_of_habilitarIntTMR0                 (abs)        000000
__size_of_habilitarIntTMR1                 (abs)        000000
__size_of_high_isr                         (abs)        000000
__size_of_imprimirCoordenadas              (abs)        000000
__size_of_interruptsEnable                 (abs)        000000
__size_of_introducirCoordNueva             (abs)        000000
__size_of_low_isr                          (abs)        000000
__size_of_main                             (abs)        000000
__size_of_modificarCoordenada              (abs)        000000
__size_of_motorXinit                       (abs)        000000
__size_of_motorYinit                       (abs)        000000
__size_of_moverHaciaX                      (abs)        000000
__size_of_portInit                         (abs)        000000
__size_of_printf                           (abs)        000000
__size_of_receive                          (abs)        000000
__size_of_receiveNum                       (abs)        000000
__size_of_scanf                            (abs)        000000
__size_of_send                             (abs)        000000
__size_of_setNumPasosX                     (abs)        000000
__size_of_tmr0Init                         (abs)        000000
__size_of_tmr1Init                         (abs)        000000
__size_ofi2_PWM_DutyCycleCCP1              (abs)        000000
__size_ofi2_PWM_DutyCycleCCP2              (abs)        000000
__size_ofi2___flmul                        (abs)        000000
__size_ofi2___fltol                        (abs)        000000
__size_ofi2___xxtofl                       (abs)        000000
__size_ofi2_printf                         (abs)        000000
__size_ofi2_send                           (abs)        000000
__smallconst                               smallconst   000000
_abs                                       text8        001C30
_borrarTodasCoordenadas                    text24       001838
_coordXCentenas                            bssBANK0     0000EA
_coordXDecenas                             bssBANK0     0000E0
_coordXUnidades                            bssBANK0     0000D6
_coordYCentenas                            bssBANK0     0000CC
_coordYDecenas                             bssBANK0     0000C2
_coordYUnidades                            bssBANK0     0000B8
_coordenadaNueva                           bssBANK0     0000FA
_coordinates                               bssCOMRAM    00004B
_habilitarIntTMR0                          text23       001E3C
_habilitarIntTMR1                          text22       001E38
_habilitarModCoord                         bssBANK0     0000F9
_high_isr                                  intcode      000008
_imprimirCoordenadas                       text20       0011B8
_interruptsEnable                          text21       001E30
_introducirCoordNueva                      text18       000882
_low_isr                                   intcodelo    000018
_main                                      text0        000B9C
_modificarCoordenada                       text17       001602
_motorXinit                                text16       001E18
_motorYinit                                text15       001E0A
_moverHaciaX                               text6        001502
_portInit                                  text5        001E26
_presionarZCentenas                        bssBANK0     0000AE
_presionarZDecenas                         bssCOMRAM    000041
_presionarZUnidades                        bssBANK1     000100
_printf                                    text25       001BCC
_receive                                   text4        001D76
_receiveNum                                text19       001AF0
_scanf                                     text3        001CA8
_send                                      text26       001DC6
_setNumPasosX                              text7        001C72
_sparcEnMovimiento                         bssBANK0     0000F8
_tmr0Init                                  text2        001DDE
_tmr1Init                                  text1        001D92
_xToAdvance                                bssBANK0     0000F6
_yToAdvance                                bssCOMRAM    000055
abs@a                                      cstackBANK0  000061
borrarTodasCoordenadas@impresionCoordenada cstackBANK0  000067
btemp                                      temp         000057
end_of_initialization                      cinit        001D00
i2PWM_DutyCycleCCP1@PWMDutyValue           cstackCOMRAM 000039
i2PWM_DutyCycleCCP1@WantedDutyCycle        cstackCOMRAM 000038
i2PWM_DutyCycleCCP2@PWMDutyValue           cstackCOMRAM 000039
i2PWM_DutyCycleCCP2@WantedDutyCycle        cstackCOMRAM 000038
i2_PWM_DutyCycleCCP1                       text35       0019A6
i2_PWM_DutyCycleCCP1$2394                  cstackCOMRAM 000034
i2_PWM_DutyCycleCCP2                       text34       0018F2
i2_PWM_DutyCycleCCP2$2393                  cstackCOMRAM 000034
i2___flmul                                 text38       000458
i2___flmul@a                               cstackCOMRAM 000013
i2___flmul@aexp                            cstackCOMRAM 000020
i2___flmul@b                               cstackCOMRAM 00000F
i2___flmul@bexp                            cstackCOMRAM 000021
i2___flmul@grs                             cstackCOMRAM 00001C
i2___flmul@prod                            cstackCOMRAM 000022
i2___flmul@sign                            cstackCOMRAM 00001B
i2___flmul@temp                            cstackCOMRAM 000026
i2___fltol                                 text37       0013FC
i2___fltol@exp1                            cstackCOMRAM 000031
i2___fltol@f1                              cstackCOMRAM 000028
i2___fltol@sign1                           cstackCOMRAM 000030
i2___xxtofl                                text36       001004
i2___xxtofl@arg                            cstackCOMRAM 00000B
i2___xxtofl@exp                            cstackCOMRAM 00000A
i2___xxtofl@sign                           cstackCOMRAM 000009
i2___xxtofl@val                            cstackCOMRAM 000001
i2_printf                                  text32       001B64
i2_send                                    text33       001DF4
i2printf@PointString                       cstackCOMRAM 000002
i2printf@i                                 cstackCOMRAM 000006
i2send@enviarpc                            cstackCOMRAM 000001
imprimirCoordenadas@impresionCoordenada    cstackBANK0  000068
imprimirCoordenadas@numCoordenadas         cstackBANK0  000067
int$flags                                  temp         000057
int_func                                   intcode_body 001A5A
intlevel0                                  text         000000
intlevel1                                  text         000000
intlevel2                                  text         000000
intlevel3                                  text         000000
introducirCoordNueva@validarCoordX         cstackBANK0  00006D
introducirCoordNueva@validarCoordY         cstackBANK0  00006F
main@activarmenu                           cstackBANK0  0000A4
main@decision                              cstackBANK0  0000AC
main@n1                                    cstackBANK0  0000A9
main@n2                                    cstackBANK0  0000AA
main@n3                                    cstackBANK0  0000AB
main@opcionsel                             cstackBANK0  0000AD
main@pActMenu                              cstackBANK0  0000A2
main@tamanoarray                           cstackBANK0  0000A0
modificarCoordenada@coordenadaNuevaCopia   cstackBANK0  000078
modificarCoordenada@modCoord               cstackBANK0  000079
moverHaciaX@coordXCentenas                 cstackBANK0  00009F
moverHaciaX@coordXDecenas                  cstackBANK0  00009B
moverHaciaX@coordXUnidades                 cstackBANK0  00009C
printf@PointString                         cstackBANK0  000062
printf@i                                   cstackBANK0  000066
receive@recibido                           cstackBANK0  000061
receiveNum@recibido                        cstackBANK0  000067
scanf@guardarscan                          cstackBANK0  000062
scanf@i                                    cstackBANK0  000065
scanf@numcaracteres                        cstackBANK0  000064
send@enviarpc                              cstackBANK0  000061
setNumPasosX@numPasosX                     cstackBANK0  000061
setNumPasosX@resultado                     cstackBANK0  000063
stackhi                                    (abs)        0007FF
stacklo                                    (abs)        00010A
start                                      init         000028
start_initialization                       cinit        001CDC
ttemp5                                     temp         000058
ttemp6                                     temp         00005B
ttemp7                                     temp         00005F
wtemp8                                     temp         000058


FUNCTION INFORMATION:

 *************** function _main *****************
 Defined at:
		line 40 in file "main.c"
 Parameters:    Size  Location     Type
		None
 Auto vars:     Size  Location     Type
  decision        1   76[BANK0 ] unsigned char 
  n3              1   75[BANK0 ] unsigned char 
  n2              1   74[BANK0 ] unsigned char 
  n1              1   73[BANK0 ] unsigned char 
  opcionsel       1   77[BANK0 ] unsigned char 
  activarmenu     5   68[BANK0 ] unsigned char [5]
  pActMenu        2   66[BANK0 ] PTR unsigned char 
		 -> main@activarmenu(5), 
  desechable      1    0        unsigned char 
  tamanoarray     1   64[BANK0 ] unsigned char 
 Return value:  Size  Location     Type
                  1    wreg      void 
 Registers used:
		wreg, fsr2l, fsr2h, status,2, status,0, tblptrl, tblptrh, tblptru, prodl, prodh, cstack
 Tracked objects:
		On entry : 
		On exit  : 
		Unchanged: 
 Data sizes:     COMRAM   BANK0   BANK1   BANK2   BANK3   BANK4   BANK5   BANK6   BANK7
      Params:         0       0       0       0       0       0       0       0       0
      Locals:         0      14       0       0       0       0       0       0       0
      Temps:          0       0       0       0       0       0       0       0       0
      Totals:         0      14       0       0       0       0       0       0       0
Total ram usage:       14 bytes
 Hardware stack levels required when called:    9
 This function calls:
		_PWM_CCP1_init
		_PWM_CCP2_init
		_PWM_DutyCycleCCP1
		_PWM_DutyCycleCCP2
		_UARTinit
		_borrarTodasCoordenadas
		_habilitarIntTMR0
		_habilitarIntTMR1
		_imprimirCoordenadas
		_interruptsEnable
		_introducirCoordNueva
		_modificarCoordenada
		_motorXinit
		_motorYinit
		_moverHaciaX
		_portInit
		_printf
		_receive
		_receiveNum
		_scanf
		_tmr0Init
		_tmr1Init
 This function is called by:
		Startup code after reset
 This function uses a non-reentrant model


 *************** function _tmr1Init *****************
 Defined at:
		line 7 in file "Timers.c"
 Parameters:    Size  Location     Type
		None
 Auto vars:     Size  Location     Type
		None
 Return value:  Size  Location     Type
                  1    wreg      void 
 Registers used:
		wreg, status,2
 Tracked objects:
		On entry : 
		On exit  : 
		Unchanged: 
 Data sizes:     COMRAM   BANK0   BANK1   BANK2   BANK3   BANK4   BANK5   BANK6   BANK7
      Params:         0       0       0       0       0       0       0       0       0
      Locals:         0       0       0       0       0       0       0       0       0
      Temps:          0       0       0       0       0       0       0       0       0
      Totals:         0       0       0       0       0       0       0       0       0
Total ram usage:        0 bytes
 Hardware stack levels used:    1
 Hardware stack levels required when called:    4
 This function calls:
		Nothing
 This function is called by:
		_main
 This function uses a non-reentrant model


 *************** function _tmr0Init *****************
 Defined at:
		line 20 in file "Timers.c"
 Parameters:    Size  Location     Type
		None
 Auto vars:     Size  Location     Type
		None
 Return value:  Size  Location     Type
                  1    wreg      void 
 Registers used:
		wreg, status,2
 Tracked objects:
		On entry : 
		On exit  : 
		Unchanged: 
 Data sizes:     COMRAM   BANK0   BANK1   BANK2   BANK3   BANK4   BANK5   BANK6   BANK7
      Params:         0       0       0       0       0       0       0       0       0
      Locals:         0       0       0       0       0       0       0       0       0
      Temps:          0       0       0       0       0       0       0       0       0
      Totals:         0       0       0       0       0       0       0       0       0
Total ram usage:        0 bytes
 Hardware stack levels used:    1
 Hardware stack levels required when called:    4
 This function calls:
		Nothing
 This function is called by:
		_main
 This function uses a non-reentrant model


 *************** function _scanf *****************
 Defined at:
		line 15 in file "Comunicacion.c"
 Parameters:    Size  Location     Type
  guardarscan     2    2[BANK0 ] PTR unsigned char 
		 -> main@activarmenu(5), 
  numcaractere    1    4[BANK0 ] unsigned char 
 Auto vars:     Size  Location     Type
  i               1    5[BANK0 ] unsigned char 
 Return value:  Size  Location     Type
                  1    wreg      void 
 Registers used:
		wreg, fsr2l, fsr2h, status,2, status,0, cstack
 Tracked objects:
		On entry : 
		On exit  : 
		Unchanged: 
 Data sizes:     COMRAM   BANK0   BANK1   BANK2   BANK3   BANK4   BANK5   BANK6   BANK7
      Params:         0       3       0       0       0       0       0       0       0
      Locals:         0       1       0       0       0       0       0       0       0
      Temps:          0       0       0       0       0       0       0       0       0
      Totals:         0       4       0       0       0       0       0       0       0
Total ram usage:        4 bytes
 Hardware stack levels used:    1
 Hardware stack levels required when called:    5
 This function calls:
		_receive
 This function is called by:
		_main
 This function uses a non-reentrant model


 *************** function _receive *****************
 Defined at:
		line 21 in file "UART.c"
 Parameters:    Size  Location     Type
		None
 Auto vars:     Size  Location     Type
  recibido        1    1[BANK0 ] unsigned char 
 Return value:  Size  Location     Type
                  1    wreg      unsigned char 
 Registers used:
		wreg, status,2
 Tracked objects:
		On entry : 
		On exit  : 
		Unchanged: 
 Data sizes:     COMRAM   BANK0   BANK1   BANK2   BANK3   BANK4   BANK5   BANK6   BANK7
      Params:         0       0       0       0       0       0       0       0       0
      Locals:         0       1       0       0       0       0       0       0       0
      Temps:          0       0       0       0       0       0       0       0       0
      Totals:         0       1       0       0       0       0       0       0       0
Total ram usage:        1 bytes
 Hardware stack levels used:    1
 Hardware stack levels required when called:    4
 This function calls:
		Nothing
 This function is called by:
		_scanf
		_main
 This function uses a non-reentrant model


 *************** function _portInit *****************
 Defined at:
		line 11 in file "Gpio.c"
 Parameters:    Size  Location     Type
		None
 Auto vars:     Size  Location     Type
		None
 Return value:  Size  Location     Type
                  1    wreg      void 
 Registers used:
		wreg, status,2
 Tracked objects:
		On entry : 
		On exit  : 
		Unchanged: 
 Data sizes:     COMRAM   BANK0   BANK1   BANK2   BANK3   BANK4   BANK5   BANK6   BANK7
      Params:         0       0       0       0       0       0       0       0       0
      Locals:         0       0       0       0       0       0       0       0       0
      Temps:          0       0       0       0       0       0       0       0       0
      Totals:         0       0       0       0       0       0       0       0       0
Total ram usage:        0 bytes
 Hardware stack levels used:    1
 Hardware stack levels required when called:    4
 This function calls:
		Nothing
 This function is called by:
		_main
 This function uses a non-reentrant model


 *************** function _moverHaciaX *****************
 Defined at:
		line 36 in file "MotoresXY.c"
 Parameters:    Size  Location     Type
  coordXCenten    1    wreg     unsigned char 
  coordXDecena    1   59[BANK0 ] unsigned char 
  coordXUnidad    1   60[BANK0 ] unsigned char 
 Auto vars:     Size  Location     Type
  coordXCenten    1   63[BANK0 ] unsigned char 
 Return value:  Size  Location     Type
                  1    wreg      void 
 Registers used:
		wreg, status,2, status,0, tblptrl, tblptrh, tblptru, prodl, prodh, cstack
 Tracked objects:
		On entry : 
		On exit  : 
		Unchanged: 
 Data sizes:     COMRAM   BANK0   BANK1   BANK2   BANK3   BANK4   BANK5   BANK6   BANK7
      Params:         0       2       0       0       0       0       0       0       0
      Locals:         0       1       0       0       0       0       0       0       0
      Temps:          0       2       0       0       0       0       0       0       0
      Totals:         0       5       0       0       0       0       0       0       0
Total ram usage:        5 bytes
 Hardware stack levels used:    1
 Hardware stack levels required when called:    6
 This function calls:
		_PWM_DutyCycleCCP1
		_PWM_DutyCycleCCP2
		___wmul
		_abs
		_printf
		_send
		_setNumPasosX
 This function is called by:
		_main
 This function uses a non-reentrant model


 *************** function _setNumPasosX *****************
 Defined at:
		line 31 in file "Timers.c"
 Parameters:    Size  Location     Type
  numPasosX       2    1[BANK0 ] unsigned int 
 Auto vars:     Size  Location     Type
  resultado       2    3[BANK0 ] unsigned int 
 Return value:  Size  Location     Type
                  1    wreg      void 
 Registers used:
		wreg, status,2, status,0
 Tracked objects:
		On entry : 
		On exit  : 
		Unchanged: 
 Data sizes:     COMRAM   BANK0   BANK1   BANK2   BANK3   BANK4   BANK5   BANK6   BANK7
      Params:         0       2       0       0       0       0       0       0       0
      Locals:         0       2       0       0       0       0       0       0       0
      Temps:          0       0       0       0       0       0       0       0       0
      Totals:         0       4       0       0       0       0       0       0       0
Total ram usage:        4 bytes
 Hardware stack levels used:    1
 Hardware stack levels required when called:    4
 This function calls:
		Nothing
 This function is called by:
		_moverHaciaX
 This function uses a non-reentrant model


 *************** function _abs *****************
 Defined at:
		line 1 in file "C:\Program Files (x86)\Microchip\xc8\v2.10\pic\sources\c99\common\abs.c"
 Parameters:    Size  Location     Type
  a               2    1[BANK0 ] int 
 Auto vars:     Size  Location     Type
		None
 Return value:  Size  Location     Type
                  2    1[BANK0 ] int 
 Registers used:
		wreg, status,2, status,0
 Tracked objects:
		On entry : 
		On exit  : 
		Unchanged: 
 Data sizes:     COMRAM   BANK0   BANK1   BANK2   BANK3   BANK4   BANK5   BANK6   BANK7
      Params:         0       2       0       0       0       0       0       0       0
      Locals:         0       0       0       0       0       0       0       0       0
      Temps:          0       2       0       0       0       0       0       0       0
      Totals:         0       4       0       0       0       0       0       0       0
Total ram usage:        4 bytes
 Hardware stack levels used:    1
 Hardware stack levels required when called:    4
 This function calls:
		Nothing
 This function is called by:
		_moverHaciaX
		_moverHaciaY
 This function uses a non-reentrant model


 *************** function ___wmul *****************
 Defined at:
		line 15 in file "C:\Program Files (x86)\Microchip\xc8\v2.10\pic\sources\c99\common\Umul16.c"
 Parameters:    Size  Location     Type
  multiplier      2    5[BANK0 ] unsigned int 
  multiplicand    2    7[BANK0 ] unsigned int 
 Auto vars:     Size  Location     Type
  product         2    9[BANK0 ] unsigned int 
 Return value:  Size  Location     Type
                  2    5[BANK0 ] unsigned int 
 Registers used:
		wreg, status,2, status,0, prodl, prodh
 Tracked objects:
		On entry : 
		On exit  : 
		Unchanged: 
 Data sizes:     COMRAM   BANK0   BANK1   BANK2   BANK3   BANK4   BANK5   BANK6   BANK7
      Params:         0       4       0       0       0       0       0       0       0
      Locals:         0       2       0       0       0       0       0       0       0
      Temps:          0       0       0       0       0       0       0       0       0
      Totals:         0       6       0       0       0       0       0       0       0
Total ram usage:        6 bytes
 Hardware stack levels used:    1
 Hardware stack levels required when called:    4
 This function calls:
		Nothing
 This function is called by:
		_moverHaciaX
		_moverHaciaY
 This function uses a non-reentrant model


 *************** function _PWM_DutyCycleCCP2 *****************
 Defined at:
		line 16 in file "PWMCCP2.c"
 Parameters:    Size  Location     Type
  WantedDutyCy    1    wreg     unsigned char 
 Auto vars:     Size  Location     Type
  WantedDutyCy    1   56[BANK0 ] unsigned char 
  PWMDutyValue    2   57[BANK0 ] unsigned int 
 Return value:  Size  Location     Type
                  1    wreg      void 
 Registers used:
		wreg, status,2, status,0, prodl, prodh, cstack
 Tracked objects:
		On entry : 
		On exit  : 
		Unchanged: 
 Data sizes:     COMRAM   BANK0   BANK1   BANK2   BANK3   BANK4   BANK5   BANK6   BANK7
      Params:         0       0       0       0       0       0       0       0       0
      Locals:         0       7       0       0       0       0       0       0       0
      Temps:          0       2       0       0       0       0       0       0       0
      Totals:         0       9       0       0       0       0       0       0       0
Total ram usage:        9 bytes
 Hardware stack levels used:    1
 Hardware stack levels required when called:    5
 This function calls:
		___flmul
		___fltol
		___xxtofl
 This function is called by:
		_main
		_moverHaciaX
		_moverHaciaY
 This function uses a non-reentrant model


 *************** function _PWM_DutyCycleCCP1 *****************
 Defined at:
		line 17 in file "PWMCCP1.c"
 Parameters:    Size  Location     Type
  WantedDutyCy    1    wreg     unsigned char 
 Auto vars:     Size  Location     Type
  WantedDutyCy    1   56[BANK0 ] unsigned char 
  PWMDutyValue    2   57[BANK0 ] unsigned int 
 Return value:  Size  Location     Type
                  1    wreg      void 
 Registers used:
		wreg, status,2, status,0, prodl, prodh, cstack
 Tracked objects:
		On entry : 
		On exit  : 
		Unchanged: 
 Data sizes:     COMRAM   BANK0   BANK1   BANK2   BANK3   BANK4   BANK5   BANK6   BANK7
      Params:         0       0       0       0       0       0       0       0       0
      Locals:         0       7       0       0       0       0       0       0       0
      Temps:          0       2       0       0       0       0       0       0       0
      Totals:         0       9       0       0       0       0       0       0       0
Total ram usage:        9 bytes
 Hardware stack levels used:    1
 Hardware stack levels required when called:    5
 This function calls:
		___flmul
		___fltol
		___xxtofl
 This function is called by:
		_main
		_moverHaciaX
		_moverHaciaY
 This function uses a non-reentrant model


 *************** function ___xxtofl *****************
 Defined at:
		line 10 in file "C:\Program Files (x86)\Microchip\xc8\v2.10\pic\sources\c99\common\xxtofl.c"
 Parameters:    Size  Location     Type
  sign            1    wreg     unsigned char 
  val             4    1[BANK0 ] long 
 Auto vars:     Size  Location     Type
  sign            1    9[BANK0 ] unsigned char 
  arg             4   11[BANK0 ] unsigned long 
  exp             1   10[BANK0 ] unsigned char 
 Return value:  Size  Location     Type
                  4    1[BANK0 ] unsigned char 
 Registers used:
		wreg, status,2, status,0
 Tracked objects:
		On entry : 
		On exit  : 
		Unchanged: 
 Data sizes:     COMRAM   BANK0   BANK1   BANK2   BANK3   BANK4   BANK5   BANK6   BANK7
      Params:         0       4       0       0       0       0       0       0       0
      Locals:         0       6       0       0       0       0       0       0       0
      Temps:          0       4       0       0       0       0       0       0       0
      Totals:         0      14       0       0       0       0       0       0       0
Total ram usage:       14 bytes
 Hardware stack levels used:    1
 Hardware stack levels required when called:    4
 This function calls:
		Nothing
 This function is called by:
		_PWM_DutyCycleCCP2
		_PWM_DutyCycleCCP1
 This function uses a non-reentrant model


 *************** function ___fltol *****************
 Defined at:
		line 43 in file "C:\Program Files (x86)\Microchip\xc8\v2.10\pic\sources\c99\common\fltol.c"
 Parameters:    Size  Location     Type
  f1              4   40[BANK0 ] unsigned char 
 Auto vars:     Size  Location     Type
  exp1            1   49[BANK0 ] unsigned char 
  sign1           1   48[BANK0 ] unsigned char 
 Return value:  Size  Location     Type
                  4   40[BANK0 ] long 
 Registers used:
		wreg, status,2, status,0
 Tracked objects:
		On entry : 
		On exit  : 
		Unchanged: 
 Data sizes:     COMRAM   BANK0   BANK1   BANK2   BANK3   BANK4   BANK5   BANK6   BANK7
      Params:         0       4       0       0       0       0       0       0       0
      Locals:         0       2       0       0       0       0       0       0       0
      Temps:          0       4       0       0       0       0       0       0       0
      Totals:         0      10       0       0       0       0       0       0       0
Total ram usage:       10 bytes
 Hardware stack levels used:    1
 Hardware stack levels required when called:    4
 This function calls:
		Nothing
 This function is called by:
		_PWM_DutyCycleCCP2
		_PWM_DutyCycleCCP1
 This function uses a non-reentrant model


 *************** function ___flmul *****************
 Defined at:
		line 8 in file "C:\Program Files (x86)\Microchip\xc8\v2.10\pic\sources\c99\common\sprcmul.c"
 Parameters:    Size  Location     Type
  b               4   15[BANK0 ] long 
  a               4   19[BANK0 ] long 
 Auto vars:     Size  Location     Type
  prod            4   34[BANK0 ] struct .
  grs             4   28[BANK0 ] unsigned long 
  temp            2   38[BANK0 ] struct .
  bexp            1   33[BANK0 ] unsigned char 
  aexp            1   32[BANK0 ] unsigned char 
  sign            1   27[BANK0 ] unsigned char 
 Return value:  Size  Location     Type
                  4   15[BANK0 ] unsigned char 
 Registers used:
		wreg, status,2, status,0, prodl, prodh
 Tracked objects:
		On entry : 
		On exit  : 
		Unchanged: 
 Data sizes:     COMRAM   BANK0   BANK1   BANK2   BANK3   BANK4   BANK5   BANK6   BANK7
      Params:         0       8       0       0       0       0       0       0       0
      Locals:         0      13       0       0       0       0       0       0       0
      Temps:          0       4       0       0       0       0       0       0       0
      Totals:         0      25       0       0       0       0       0       0       0
Total ram usage:       25 bytes
 Hardware stack levels used:    1
 Hardware stack levels required when called:    4
 This function calls:
		Nothing
 This function is called by:
		_PWM_DutyCycleCCP2
		_PWM_DutyCycleCCP1
 This function uses a non-reentrant model


 *************** function _motorYinit *****************
 Defined at:
		line 26 in file "Gpio.c"
 Parameters:    Size  Location     Type
		None
 Auto vars:     Size  Location     Type
		None
 Return value:  Size  Location     Type
                  1    wreg      void 
 Registers used:
		None
 Tracked objects:
		On entry : 
		On exit  : 
		Unchanged: 
 Data sizes:     COMRAM   BANK0   BANK1   BANK2   BANK3   BANK4   BANK5   BANK6   BANK7
      Params:         0       0       0       0       0       0       0       0       0
      Locals:         0       0       0       0       0       0       0       0       0
      Temps:          0       0       0       0       0       0       0       0       0
      Totals:         0       0       0       0       0       0       0       0       0
Total ram usage:        0 bytes
 Hardware stack levels used:    1
 Hardware stack levels required when called:    4
 This function calls:
		Nothing
 This function is called by:
		_main
 This function uses a non-reentrant model


 *************** function _motorXinit *****************
 Defined at:
		line 16 in file "Gpio.c"
 Parameters:    Size  Location     Type
		None
 Auto vars:     Size  Location     Type
		None
 Return value:  Size  Location     Type
                  1    wreg      void 
 Registers used:
		None
 Tracked objects:
		On entry : 
		On exit  : 
		Unchanged: 
 Data sizes:     COMRAM   BANK0   BANK1   BANK2   BANK3   BANK4   BANK5   BANK6   BANK7
      Params:         0       0       0       0       0       0       0       0       0
      Locals:         0       0       0       0       0       0       0       0       0
      Temps:          0       0       0       0       0       0       0       0       0
      Totals:         0       0       0       0       0       0       0       0       0
Total ram usage:        0 bytes
 Hardware stack levels used:    1
 Hardware stack levels required when called:    4
 This function calls:
		Nothing
 This function is called by:
		_main
 This function uses a non-reentrant model


 *************** function _modificarCoordenada *****************
 Defined at:
		line 81 in file "FuncionesMenu.c"
 Parameters:    Size  Location     Type
		None
 Auto vars:     Size  Location     Type
  modCoord        1   25[BANK0 ] unsigned char 
  coordenadaNu    1   24[BANK0 ] unsigned char 
 Return value:  Size  Location     Type
                  1    wreg      void 
 Registers used:
		wreg, fsr2l, fsr2h, status,2, status,0, tblptrl, tblptrh, tblptru, prodl, prodh, cstack
 Tracked objects:
		On entry : 
		On exit  : 
		Unchanged: 
 Data sizes:     COMRAM   BANK0   BANK1   BANK2   BANK3   BANK4   BANK5   BANK6   BANK7
      Params:         0       0       0       0       0       0       0       0       0
      Locals:         0       2       0       0       0       0       0       0       0
      Temps:          0       7       0       0       0       0       0       0       0
      Totals:         0       9       0       0       0       0       0       0       0
Total ram usage:        9 bytes
 Hardware stack levels used:    1
 Hardware stack levels required when called:    8
 This function calls:
		_imprimirCoordenadas
		_introducirCoordNueva
		_printf
		_receiveNum
		_send
 This function is called by:
		_main
 This function uses a non-reentrant model


 *************** function _introducirCoordNueva *****************
 Defined at:
		line 8 in file "FuncionesMenu.c"
 Parameters:    Size  Location     Type
		None
 Auto vars:     Size  Location     Type
  validarCoord    2   15[BANK0 ] unsigned short 
  validarCoord    2   13[BANK0 ] unsigned short 
 Return value:  Size  Location     Type
                  1    wreg      void 
 Registers used:
		wreg, fsr2l, fsr2h, status,2, status,0, tblptrl, tblptrh, tblptru, prodl, prodh, cstack
 Tracked objects:
		On entry : 
		On exit  : 
		Unchanged: 
 Data sizes:     COMRAM   BANK0   BANK1   BANK2   BANK3   BANK4   BANK5   BANK6   BANK7
      Params:         0       0       0       0       0       0       0       0       0
      Locals:         0       4       0       0       0       0       0       0       0
      Temps:          0       5       0       0       0       0       0       0       0
      Totals:         0       9       0       0       0       0       0       0       0
Total ram usage:        9 bytes
 Hardware stack levels used:    1
 Hardware stack levels required when called:    7
 This function calls:
		_printf
		_receiveNum
		_send
 This function is called by:
		_modificarCoordenada
		_main
 This function uses a non-reentrant model


 *************** function _receiveNum *****************
 Defined at:
		line 21 in file "Comunicacion.c"
 Parameters:    Size  Location     Type
		None
 Auto vars:     Size  Location     Type
  recibido        1    7[BANK0 ] unsigned char 
 Return value:  Size  Location     Type
                  1    wreg      unsigned char 
 Registers used:
		wreg, status,2, status,0, tblptrl, tblptrh, tblptru, cstack
 Tracked objects:
		On entry : 
		On exit  : 
		Unchanged: 
 Data sizes:     COMRAM   BANK0   BANK1   BANK2   BANK3   BANK4   BANK5   BANK6   BANK7
      Params:         0       0       0       0       0       0       0       0       0
      Locals:         0       1       0       0       0       0       0       0       0
      Temps:          0       0       0       0       0       0       0       0       0
      Totals:         0       1       0       0       0       0       0       0       0
Total ram usage:        1 bytes
 Hardware stack levels used:    1
 Hardware stack levels required when called:    6
 This function calls:
		_printf
 This function is called by:
		_introducirCoordNueva
		_modificarCoordenada
		_main
 This function uses a non-reentrant model


 *************** function _imprimirCoordenadas *****************
 Defined at:
		line 55 in file "FuncionesMenu.c"
 Parameters:    Size  Location     Type
		None
 Auto vars:     Size  Location     Type
  impresionCoo    1    8[BANK0 ] unsigned char 
  numCoordenad    1    7[BANK0 ] unsigned char 
 Return value:  Size  Location     Type
                  1    wreg      void 
 Registers used:
		wreg, fsr2l, fsr2h, status,2, status,0, tblptrl, tblptrh, tblptru, cstack
 Tracked objects:
		On entry : 
		On exit  : 
		Unchanged: 
 Data sizes:     COMRAM   BANK0   BANK1   BANK2   BANK3   BANK4   BANK5   BANK6   BANK7
      Params:         0       0       0       0       0       0       0       0       0
      Locals:         0       2       0       0       0       0       0       0       0
      Temps:          0       0       0       0       0       0       0       0       0
      Totals:         0       2       0       0       0       0       0       0       0
Total ram usage:        2 bytes
 Hardware stack levels used:    1
 Hardware stack levels required when called:    6
 This function calls:
		_printf
		_send
 This function is called by:
		_modificarCoordenada
		_main
 This function uses a non-reentrant model


 *************** function _interruptsEnable *****************
 Defined at:
		line 5 in file "Interrupciones.c"
 Parameters:    Size  Location     Type
		None
 Auto vars:     Size  Location     Type
		None
 Return value:  Size  Location     Type
                  1    wreg      void 
 Registers used:
		None
 Tracked objects:
		On entry : 
		On exit  : 
		Unchanged: 
 Data sizes:     COMRAM   BANK0   BANK1   BANK2   BANK3   BANK4   BANK5   BANK6   BANK7
      Params:         0       0       0       0       0       0       0       0       0
      Locals:         0       0       0       0       0       0       0       0       0
      Temps:          0       0       0       0       0       0       0       0       0
      Totals:         0       0       0       0       0       0       0       0       0
Total ram usage:        0 bytes
 Hardware stack levels used:    1
 Hardware stack levels required when called:    4
 This function calls:
		Nothing
 This function is called by:
		_main
 This function uses a non-reentrant model


 *************** function _habilitarIntTMR1 *****************
 Defined at:
		line 42 in file "Interrupciones.c"
 Parameters:    Size  Location     Type
		None
 Auto vars:     Size  Location     Type
		None
 Return value:  Size  Location     Type
                  1    wreg      void 
 Registers used:
		None
 Tracked objects:
		On entry : 
		On exit  : 
		Unchanged: 
 Data sizes:     COMRAM   BANK0   BANK1   BANK2   BANK3   BANK4   BANK5   BANK6   BANK7
      Params:         0       0       0       0       0       0       0       0       0
      Locals:         0       0       0       0       0       0       0       0       0
      Temps:          0       0       0       0       0       0       0       0       0
      Totals:         0       0       0       0       0       0       0       0       0
Total ram usage:        0 bytes
 Hardware stack levels used:    1
 Hardware stack levels required when called:    4
 This function calls:
		Nothing
 This function is called by:
		_main
 This function uses a non-reentrant model


 *************** function _habilitarIntTMR0 *****************
 Defined at:
		line 38 in file "Interrupciones.c"
 Parameters:    Size  Location     Type
		None
 Auto vars:     Size  Location     Type
		None
 Return value:  Size  Location     Type
                  1    wreg      void 
 Registers used:
		None
 Tracked objects:
		On entry : 
		On exit  : 
		Unchanged: 
 Data sizes:     COMRAM   BANK0   BANK1   BANK2   BANK3   BANK4   BANK5   BANK6   BANK7
      Params:         0       0       0       0       0       0       0       0       0
      Locals:         0       0       0       0       0       0       0       0       0
      Temps:          0       0       0       0       0       0       0       0       0
      Totals:         0       0       0       0       0       0       0       0       0
Total ram usage:        0 bytes
 Hardware stack levels used:    1
 Hardware stack levels required when called:    4
 This function calls:
		Nothing
 This function is called by:
		_main
 This function uses a non-reentrant model


 *************** function _borrarTodasCoordenadas *****************
 Defined at:
		line 104 in file "FuncionesMenu.c"
 Parameters:    Size  Location     Type
		None
 Auto vars:     Size  Location     Type
  impresionCoo    1    7[BANK0 ] unsigned char 
 Return value:  Size  Location     Type
                  1    wreg      void 
 Registers used:
		wreg, fsr2l, fsr2h, status,2, status,0, tblptrl, tblptrh, tblptru, cstack
 Tracked objects:
		On entry : 
		On exit  : 
		Unchanged: 
 Data sizes:     COMRAM   BANK0   BANK1   BANK2   BANK3   BANK4   BANK5   BANK6   BANK7
      Params:         0       0       0       0       0       0       0       0       0
      Locals:         0       1       0       0       0       0       0       0       0
      Temps:          0       0       0       0       0       0       0       0       0
      Totals:         0       1       0       0       0       0       0       0       0
Total ram usage:        1 bytes
 Hardware stack levels used:    1
 Hardware stack levels required when called:    6
 This function calls:
		_printf
 This function is called by:
		_main
 This function uses a non-reentrant model


 *************** function _printf *****************
 Defined at:
		line 6 in file "Comunicacion.c"
[...]
Total ram usage:        5 bytes
 Hardware stack levels used:    1
 Hardware stack levels required when called:    5
 This function calls:
		_send
 This function is called by:
		_receiveNum
		_introducirCoordNueva
		_imprimirCoordenadas
		_modificarCoordenada
		_borrarTodasCoordenadas
		_main
		_moverHaciaX
		_moverHaciaY
 This function uses a non-reentrant model


 *************** function _send *****************
 Defined at:
		line 32 in file "UART.c"
 Parameters:    Size  Location     Type
  enviarpc        1    wreg     unsigned char 
 Auto vars:     Size  Location     Type
  enviarpc        1    1[BANK0 ] unsigned char 
 Return value:  Size  Location     Type
                  1    wreg      void 
 Registers used:
		wreg
 Tracked objects:
		On entry : 
		On exit  : 
		Unchanged: 
 Data sizes:     COMRAM   BANK0   BANK1   BANK2   BANK3   BANK4   BANK5   BANK6   BANK7
      Params:         0       0       0       0       0       0       0       0       0
      Locals:         0       1       0       0       0       0       0       0       0
      Temps:          0       0       0       0       0       0       0       0       0
      Totals:         0       1       0       0       0       0       0       0       0
Total ram usage:        1 bytes
 Hardware stack levels used:    1
 Hardware stack levels required when called:    4
 This function calls:
		Nothing
 This function is called by:
		_printf
		_introducirCoordNueva
		_imprimirCoordenadas
		_modificarCoordenada
		_moverHaciaX
		_moverHaciaY
 This function uses a non-reentrant model


 *************** function _UARTinit *****************
 Defined at:
		line 5 in file "UART.c"
 Parameters:    Size  Location     Type
		None
 Auto vars:     Size  Location     Type
		None
 Return value:  Size  Location     Type
                  1    wreg      void 
 Registers used:
		wreg, status,2
 Tracked objects:
		On entry : 
		On exit  : 
		Unchanged: 
 Data sizes:     COMRAM   BANK0   BANK1   BANK2   BANK3   BANK4   BANK5   BANK6   BANK7
      Params:         0       0       0       0       0       0       0       0       0
      Locals:         0       0       0       0       0       0       0       0       0
      Temps:          0       0       0       0       0       0       0       0       0
      Totals:         0       0       0       0       0       0       0       0       0
Total ram usage:        0 bytes
 Hardware stack levels used:    1
 Hardware stack levels required when called:    4
 This function calls:
		Nothing
 This function is called by:
		_main
 This function uses a non-reentrant model


 *************** function _PWM_CCP2_init *****************
 Defined at:
		line 4 in file "PWMCCP2.c"
 Parameters:    Size  Location     Type
		None
 Auto vars:     Size  Location     Type
		None
 Return value:  Size  Location     Type
                  1    wreg      void 
 Registers used:
		wreg, status,2
 Tracked objects:
		On entry : 
		On exit  : 
		Unchanged: 
 Data sizes:     COMRAM   BANK0   BANK1   BANK2   BANK3   BANK4   BANK5   BANK6   BANK7
      Params:         0       0       0       0       0       0       0       0       0
      Locals:         0       0       0       0       0       0       0       0       0
      Temps:          0       0       0       0       0       0       0       0       0
      Totals:         0       0       0       0       0       0       0       0       0
Total ram usage:        0 bytes
 Hardware stack levels used:    1
 Hardware stack levels required when called:    4
 This function calls:
		Nothing
 This function is called by:
		_main
 This function uses a non-reentrant model


 *************** function _PWM_CCP1_init *****************
 Defined at:
		line 5 in file "PWMCCP1.c"
 Parameters:    Size  Location     Type
		None
 Auto vars:     Size  Location     Type
		None
 Return value:  Size  Location     Type
                  1    wreg      void 
 Registers used:
		wreg, status,2
 Tracked objects:
		On entry : 
		On exit  : 
		Unchanged: 
 Data sizes:     COMRAM   BANK0   BANK1   BANK2   BANK3   BANK4   BANK5   BANK6   BANK7
      Params:         0       0       0       0       0       0       0       0       0
      Locals:         0       0       0       0       0       0       0       0       0
      Temps:          0       0       0       0       0       0       0       0       0
      Totals:         0       0       0       0       0       0       0       0       0
Total ram usage:        0 bytes
 Hardware stack levels used:    1
 Hardware stack levels required when called:    4
 This function calls:
		Nothing
 This function is called by:
		_main
 This function uses a non-reentrant model


 *************** function _low_isr *****************
 Defined at:
		line 35 in file "main.c"
 Parameters:    Size  Location     Type
		None
 Auto vars:     Size  Location     Type
		None
 Return value:  Size  Location     Type
                  1    wreg      void 
 Registers used:
		None
 Tracked objects:
		On entry : 
		On exit  : 
		Unchanged: 
 Data sizes:     COMRAM   BANK0   BANK1   BANK2   BANK3   BANK4   BANK5   BANK6   BANK7
      Params:         0       0       0       0       0       0       0       0       0
      Locals:         0       0       0       0       0       0       0       0       0
      Temps:          0       1       0       0       0       0       0       0       0
      Totals:         0       1       0       0       0       0       0       0       0
Total ram usage:        1 bytes
 Hardware stack levels used:    1
 Hardware stack levels required when called:    3
 This function calls:
		Nothing
 This function is called by:
		Interrupt level 1
 This function uses a non-reentrant model


 *************** function _high_isr *****************
 Defined at:
		line 17 in file "main.c"
 Parameters:    Size  Location     Type
		None
 Auto vars:     Size  Location     Type
		None
 Return value:  Size  Location     Type
                  1    wreg      void 
 Registers used:
		wreg, status,2, status,0, tblptrl, tblptrh, tblptru, prodl, prodh, cstack
 Tracked objects:
		On entry : 
		On exit  : 
		Unchanged: 
 Data sizes:     COMRAM   BANK0   BANK1   BANK2   BANK3   BANK4   BANK5   BANK6   BANK7
      Params:         0       0       0       0       0       0       0       0       0
      Locals:         0       0       0       0       0       0       0       0       0
      Temps:          6       0       0       0       0       0       0       0       0
      Totals:         6       0       0       0       0       0       0       0       0
Total ram usage:        6 bytes
 Hardware stack levels used:    1
 Hardware stack levels required when called:    2
 This function calls:
		i2_PWM_DutyCycleCCP1
		i2_PWM_DutyCycleCCP2
		i2_printf
 This function is called by:
		Interrupt level 2
 This function uses a non-reentrant model


 *************** function i2_printf *****************
 Defined at:
		line 6 in file "Comunicacion.c"
 Parameters:    Size  Location     Type
  PointString     2    1[COMRAM] PTR unsigned char 
		 -> STR_35(15), STR_34(15), STR_33(75), STR_32(13), 
		 -> STR_31(13), STR_30(13), STR_29(19), STR_28(57), 
		 -> STR_27(13), STR_26(23), STR_25(44), STR_24(26), 
		 -> STR_23(37), STR_22(212), STR_21(57), STR_20(52), 
		 -> STR_19(52), STR_18(48), STR_17(31), STR_16(59), 
		 -> STR_15(68), STR_14(46), STR_13(3), STR_12(12), 
		 -> STR_11(32), STR_10(12), STR_9(58), STR_8(41), 
		 -> STR_7(43), STR_6(33), STR_5(33), STR_4(14), 
		 -> STR_3(14), STR_2(113), STR_1(48), 
 Auto vars:     Size  Location     Type
  printf          1    5[COMRAM] unsigned char 
 Return value:  Size  Location     Type
                  1    wreg      void 
 Registers used:
		wreg, status,2, status,0, tblptrl, tblptrh, tblptru, cstack
 Tracked objects:
		On entry : 
		On exit  : 
		Unchanged: 
 Data sizes:     COMRAM   BANK0   BANK1   BANK2   BANK3   BANK4   BANK5   BANK6   BANK7
      Params:         2       0       0       0       0       0       0       0       0
      Locals:         1       0       0       0       0       0       0       0       0
      Temps:          2       0       0       0       0       0       0       0       0
      Totals:         5       0       0       0       0       0       0       0       0
Total ram usage:        5 bytes
 Hardware stack levels used:    1
 Hardware stack levels required when called:    1
 This function calls:
		i2_send
 This function is called by:
		_high_isr
 This function uses a non-reentrant model


 *************** function i2_send *****************
 Defined at:
		line 32 in file "UART.c"
 Parameters:    Size  Location     Type
  enviarpc        1    wreg     unsigned char 
 Auto vars:     Size  Location     Type
  enviarpc        1    0[COMRAM] unsigned char 
 Return value:  Size  Location     Type
                  1    wreg      void 
 Registers used:
		wreg
 Tracked objects:
		On entry : 
		On exit  : 
		Unchanged: 
 Data sizes:     COMRAM   BANK0   BANK1   BANK2   BANK3   BANK4   BANK5   BANK6   BANK7
      Params:         0       0       0       0       0       0       0       0       0
      Locals:         1       0       0       0       0       0       0       0       0
      Temps:          0       0       0       0       0       0       0       0       0
      Totals:         1       0       0       0       0       0       0       0       0
Total ram usage:        1 bytes
 Hardware stack levels used:    1
 This function calls:
		Nothing
 This function is called by:
		i2_printf
 This function uses a non-reentrant model


 *************** function i2_PWM_DutyCycleCCP2 *****************
 Defined at:
		line 16 in file "PWMCCP2.c"
 Parameters:    Size  Location     Type
  WantedDutyCy    1    wreg     unsigned char 
 Auto vars:     Size  Location     Type
  WantedDutyCy    1   55[COMRAM] unsigned char 
  PWM_DutyCycl    2   56[COMRAM] unsigned int 
 Return value:  Size  Location     Type
                  1    wreg      void 
 Registers used:
		wreg, status,2, status,0, prodl, prodh, cstack
 Tracked objects:
		On entry : 
		On exit  : 
		Unchanged: 
 Data sizes:     COMRAM   BANK0   BANK1   BANK2   BANK3   BANK4   BANK5   BANK6   BANK7
      Params:         0       0       0       0       0       0       0       0       0
      Locals:         7       0       0       0       0       0       0       0       0
      Temps:          2       0       0       0       0       0       0       0       0
      Totals:         9       0       0       0       0       0       0       0       0
Total ram usage:        9 bytes
 Hardware stack levels used:    1
 Hardware stack levels required when called:    1
 This function calls:
		i2___flmul
		i2___fltol
		i2___xxtofl
 This function is called by:
		_high_isr
 This function uses a non-reentrant model


 *************** function i2_PWM_DutyCycleCCP1 *****************
 Defined at:
		line 17 in file "PWMCCP1.c"
 Parameters:    Size  Location     Type
  WantedDutyCy    1    wreg     unsigned char 
 Auto vars:     Size  Location     Type
  WantedDutyCy    1   55[COMRAM] unsigned char 
  PWM_DutyCycl    2   56[COMRAM] unsigned int 
 Return value:  Size  Location     Type
                  1    wreg      void 
 Registers used:
		wreg, status,2, status,0, prodl, prodh, cstack
 Tracked objects:
		On entry : 
		On exit  : 
		Unchanged: 
 Data sizes:     COMRAM   BANK0   BANK1   BANK2   BANK3   BANK4   BANK5   BANK6   BANK7
      Params:         0       0       0       0       0       0       0       0       0
      Locals:         7       0       0       0       0       0       0       0       0
      Temps:          2       0       0       0       0       0       0       0       0
      Totals:         9       0       0       0       0       0       0       0       0
Total ram usage:        9 bytes
 Hardware stack levels used:    1
 Hardware stack levels required when called:    1
 This function calls:
		i2___flmul
		i2___fltol
		i2___xxtofl
 This function is called by:
		_high_isr
 This function uses a non-reentrant model


 *************** function i2___xxtofl *****************
 Defined at:
		line 10 in file "C:\Program Files (x86)\Microchip\xc8\v2.10\pic\sources\c99\common\xxtofl.c"
 Parameters:    Size  Location     Type
  sign            1    wreg     unsigned char 
  val             4    0[COMRAM] long 
 Auto vars:     Size  Location     Type
  sign            1    8[COMRAM] unsigned char 
  __xxtofl        4   10[COMRAM] unsigned long 
  __xxtofl        1    9[COMRAM] unsigned char 
 Return value:  Size  Location     Type
                  4    0[COMRAM] unsigned char 
 Registers used:
		wreg, status,2, status,0
 Tracked objects:
		On entry : 
		On exit  : 
		Unchanged: 
 Data sizes:     COMRAM   BANK0   BANK1   BANK2   BANK3   BANK4   BANK5   BANK6   BANK7
      Params:         4       0       0       0       0       0       0       0       0
      Locals:         6       0       0       0       0       0       0       0       0
      Temps:          4       0       0       0       0       0       0       0       0
      Totals:        14       0       0       0       0       0       0       0       0
Total ram usage:       14 bytes
 Hardware stack levels used:    1
 This function calls:
		Nothing
 This function is called by:
		i2_PWM_DutyCycleCCP2
		i2_PWM_DutyCycleCCP1
 This function uses a non-reentrant model


 *************** function i2___fltol *****************
 Defined at:
		line 43 in file "C:\Program Files (x86)\Microchip\xc8\v2.10\pic\sources\c99\common\fltol.c"
 Parameters:    Size  Location     Type
  f1              4   39[COMRAM] unsigned char 
 Auto vars:     Size  Location     Type
  __fltol         1   48[COMRAM] unsigned char 
  __fltol         1   47[COMRAM] unsigned char 
 Return value:  Size  Location     Type
                  4   39[COMRAM] long 
 Registers used:
		wreg, status,2, status,0
 Tracked objects:
		On entry : 
		On exit  : 
		Unchanged: 
 Data sizes:     COMRAM   BANK0   BANK1   BANK2   BANK3   BANK4   BANK5   BANK6   BANK7
      Params:         4       0       0       0       0       0       0       0       0
      Locals:         2       0       0       0       0       0       0       0       0
      Temps:          4       0       0       0       0       0       0       0       0
      Totals:        10       0       0       0       0       0       0       0       0
Total ram usage:       10 bytes
 Hardware stack levels used:    1
 This function calls:
		Nothing
 This function is called by:
		i2_PWM_DutyCycleCCP2
		i2_PWM_DutyCycleCCP1
 This function uses a non-reentrant model


 *************** function i2___flmul *****************
 Defined at:
		line 8 in file "C:\Program Files (x86)\Microchip\xc8\v2.10\pic\sources\c99\common\sprcmul.c"
 Parameters:    Size  Location     Type
  b               4   14[COMRAM] long 
  a               4   18[COMRAM] long 
 Auto vars:     Size  Location     Type
  __flmul         4   33[COMRAM] struct .
  __flmul         4   27[COMRAM] unsigned long 
  __flmul         2   37[COMRAM] struct .
  __flmul         1   32[COMRAM] unsigned char 
  __flmul         1   31[COMRAM] unsigned char 
  __flmul         1   26[COMRAM] unsigned char 
 Return value:  Size  Location     Type
                  4   14[COMRAM] unsigned char 
 Registers used:
		wreg, status,2, status,0, prodl, prodh
 Tracked objects:
		On entry : 
		On exit  : 
		Unchanged: 
 Data sizes:     COMRAM   BANK0   BANK1   BANK2   BANK3   BANK4   BANK5   BANK6   BANK7
      Params:         8       0       0       0       0       0       0       0       0
      Locals:        13       0       0       0       0       0       0       0       0
      Temps:          4       0       0       0       0       0       0       0       0
      Totals:        25       0       0       0       0       0       0       0       0
Total ram usage:       25 bytes
 Hardware stack levels used:    1
 This function calls:
		Nothing
 This function is called by:
		i2_PWM_DutyCycleCCP2
		i2_PWM_DutyCycleCCP1
 This function uses a non-reentrant model



MODULE INFORMATION

Module		Function		Class		Link	Load	Size
UART.c
		_UARTinit      		CODE           	1DAC	0000	27
		_receive       		CODE           	1D76	0000	29
		_send          		CODE           	1DC6	0000	25

UART.c estimated size: 81

C:\Program Files (x86)\Microchip\xc8\v2.10\pic\sources\c99\common\xxtofl.c
		___xxtofl      		CODE           	0E4C	0000	441

C:\Program Files (x86)\Microchip\xc8\v2.10\pic\sources\c99\common\xxtofl.c estimated size: 441

PWMCCP1.c
		_PWM_CCP1_init 		CODE           	1D36	0000	35
		_PWM_DutyCycleCCP1		CODE           	177C	0000	189

PWMCCP1.c estimated size: 224

C:\Program Files (x86)\Microchip\xc8\v2.10\pic\sources\c99\common\fltol.c
		___fltol       		CODE           	12F4	0000	265

C:\Program Files (x86)\Microchip\xc8\v2.10\pic\sources\c99\common\fltol.c estimated size: 265

FuncionesMenu.c
		_imprimirCoordenadas		CODE           	11B8	0000	317
		_introducirCoordNueva		CODE           	0882	0000	795
		_modificarCoordenada		CODE           	1602	0000	191
		_borrarTodasCoordenadas		CODE           	1838	0000	187

FuncionesMenu.c estimated size: 1490

C:\Program Files (x86)\Microchip\xc8\v2.10\pic\sources\c99\common\sprcmul.c
		___flmul       		CODE           	002C	0000	1069

C:\Program Files (x86)\Microchip\xc8\v2.10\pic\sources\c99\common\sprcmul.c estimated size: 1069

Timers.c
		_tmr0Init      		CODE           	1DDE	0000	23
		_tmr1Init      		CODE           	1D92	0000	27
		_setNumPasosX  		CODE           	1C72	0000	55

Timers.c estimated size: 105

Interrupciones.c
		_interruptsEnable		CODE           	1E30	0000	9
		_habilitarIntTMR0		CODE           	1E3C	0000	5
		_habilitarIntTMR1		CODE           	1E38	0000	5

Interrupciones.c estimated size: 19

Gpio.c
		_portInit      		CODE           	1E26	0000	11
		_motorXinit    		CODE           	1E18	0000	15
		_motorYinit    		CODE           	1E0A	0000	15

Gpio.c estimated size: 41

shared
		i2_printf      		CODE           	1B64	0000	105
		i2___fltol     		CODE           	13FC	0000	263
		__initialization		CODE           	1CDC	0000	37
		i2___flmul     		CODE           	0458	0000	1067
		i2_send        		CODE           	1DF4	0000	23
		i2___xxtofl    		CODE           	1004	0000	437
		i2_PWM_DutyCycleCCP1		CODE           	19A6	0000	181
		i2_PWM_DutyCycleCCP2		CODE           	18F2	0000	181

shared estimated size: 2294

Comunicacion.c
		_receiveNum    		CODE           	1AF0	0000	117
		_scanf         		CODE           	1CA8	0000	53
		_printf        		CODE           	1BCC	0000	101

Comunicacion.c estimated size: 271

MotoresXY.c
		_moverHaciaX   		CODE           	1502	0000	257

MotoresXY.c estimated size: 257

PWMCCP2.c
		_PWM_CCP2_init 		CODE           	1D58	0000	31
		_PWM_DutyCycleCCP2		CODE           	16C0	0000	189

PWMCCP2.c estimated size: 220

C:\Program Files (x86)\Microchip\xc8\v2.10\pic\sources\c99\common\abs.c
		_abs           		CODE           	1C30	0000	67

C:\Program Files (x86)\Microchip\xc8\v2.10\pic\sources\c99\common\abs.c estimated size: 67

C:\Program Files (x86)\Microchip\xc8\v2.10\pic\sources\c99\common\Umul16.c
		___wmul        		CODE           	1D0E	0000	41

C:\Program Files (x86)\Microchip\xc8\v2.10\pic\sources\c99\common\Umul16.c estimated size: 41

main.c
		_main          		CODE           	0B9C	0000	689
		_high_isr      		CODE           	0008	0000	157
		_low_isr       		CODE           	0018	0000	17

main.c estimated size: 863

